1216  rt_sigaction(SIGRT_17, NULL,  <unfinished ...>
1215  <... rt_sigaction resumed>NULL, 8) = 0
1217  rt_sigaction(SIGRT_8, {sa_handler=SIG_DFL, sa_mask=[], sa_flags=SA_RESTORER, sa_restorer=0x7f7364125050},  <unfinished ...>
1216  <... rt_sigaction resumed>{sa_handler=SIG_DFL, sa_mask=[], sa_flags=0}, 8) = 0
1214  rt_sigaction(SIGRT_9, {sa_handler=SIG_DFL, sa_mask=[], sa_flags=SA_RESTORER, sa_restorer=0x7f72f8f1d050},  <unfinished ...>
1217  <... rt_sigaction resumed>NULL, 8) = 0
1216  rt_sigaction(SIGRT_17, {sa_handler=SIG_DFL, sa_mask=[], sa_flags=SA_RESTORER, sa_restorer=0x7fd88f390050},  <unfinished ...>
1215  rt_sigaction(SIGRT_5, NULL,  <unfinished ...>
1217  rt_sigaction(SIGRT_9, NULL,  <unfinished ...>
1216  <... rt_sigaction resumed>NULL, 8) = 0
1214  <... rt_sigaction resumed>NULL, 8) = 0
1217  <... rt_sigaction resumed>{sa_handler=SIG_DFL, sa_mask=[], sa_flags=0}, 8) = 0
1216  rt_sigaction(SIGRT_18, NULL,  <unfinished ...>
1215  <... rt_sigaction resumed>{sa_handler=SIG_DFL, sa_mask=[], sa_flags=0}, 8) = 0
1217  rt_sigaction(SIGRT_9, {sa_handler=SIG_DFL, sa_mask=[], sa_flags=SA_RESTORER, sa_restorer=0x7f7364125050},  <unfinished ...>
1216  <... rt_sigaction resumed>{sa_handler=SIG_DFL, sa_mask=[], sa_flags=0}, 8) = 0
1214  rt_sigaction(SIGRT_10, NULL,  <unfinished ...>
1217  <... rt_sigaction resumed>NULL, 8) = 0
1216  rt_sigaction(SIGRT_18, {sa_handler=SIG_DFL, sa_mask=[], sa_flags=SA_RESTORER, sa_restorer=0x7fd88f390050},  <unfinished ...>
1215  rt_sigaction(SIGRT_5, {sa_handler=SIG_DFL, sa_mask=[], sa_flags=SA_RESTORER, sa_restorer=0x7fdcd203c050},  <unfinished ...>
1217  rt_sigaction(SIGRT_10, NULL,  <unfinished ...>
1216  <... rt_sigaction resumed>NULL, 8) = 0
1214  <... rt_sigaction resumed>{sa_handler=SIG_DFL, sa_mask=[], sa_flags=0}, 8) = 0
1217  <... rt_sigaction resumed>{sa_handler=SIG_DFL, sa_mask=[], sa_flags=0}, 8) = 0
1216  rt_sigaction(SIGRT_19, NULL,  <unfinished ...>
1215  <... rt_sigaction resumed>NULL, 8) = 0
1217  rt_sigaction(SIGRT_10, {sa_handler=SIG_DFL, sa_mask=[], sa_flags=SA_RESTORER, sa_restorer=0x7f7364125050},  <unfinished ...>
1216  <... rt_sigaction resumed>{sa_handler=SIG_DFL, sa_mask=[], sa_flags=0}, 8) = 0
1214  rt_sigaction(SIGRT_10, {sa_handler=SIG_DFL, sa_mask=[], sa_flags=SA_RESTORER, sa_restorer=0x7f72f8f1d050},  <unfinished ...>
1217  <... rt_sigaction resumed>NULL, 8) = 0
1216  rt_sigaction(SIGRT_19, {sa_handler=SIG_DFL, sa_mask=[], sa_flags=SA_RESTORER, sa_restorer=0x7fd88f390050},  <unfinished ...>
1215  rt_sigaction(SIGRT_6, NULL,  <unfinished ...>
1217  rt_sigaction(SIGRT_11, NULL,  <unfinished ...>
1216  <... rt_sigaction resumed>NULL, 8) = 0
1214  <... rt_sigaction resumed>NULL, 8) = 0
1217  <... rt_sigaction resumed>{sa_handler=SIG_DFL, sa_mask=[], sa_flags=0}, 8) = 0
1216  rt_sigaction(SIGRT_20, NULL,  <unfinished ...>
1215  <... rt_sigaction resumed>{sa_handler=SIG_DFL, sa_mask=[], sa_flags=0}, 8) = 0
1217  rt_sigaction(SIGRT_11, {sa_handler=SIG_DFL, sa_mask=[], sa_flags=SA_RESTORER, sa_restorer=0x7f7364125050},  <unfinished ...>
1216  <... rt_sigaction resumed>{sa_handler=SIG_DFL, sa_mask=[], sa_flags=0}, 8) = 0
1214  rt_sigaction(SIGRT_11, NULL,  <unfinished ...>
1217  <... rt_sigaction resumed>NULL, 8) = 0
1216  rt_sigaction(SIGRT_20, {sa_handler=SIG_DFL, sa_mask=[], sa_flags=SA_RESTORER, sa_restorer=0x7fd88f390050},  <unfinished ...>
1215  rt_sigaction(SIGRT_6, {sa_handler=SIG_DFL, sa_mask=[], sa_flags=SA_RESTORER, sa_restorer=0x7fdcd203c050},  <unfinished ...>
1217  rt_sigaction(SIGRT_12, NULL,  <unfinished ...>
1216  <... rt_sigaction resumed>NULL, 8) = 0
1214  <... rt_sigaction resumed>{sa_handler=SIG_DFL, sa_mask=[], sa_flags=0}, 8) = 0
1217  <... rt_sigaction resumed>{sa_handler=SIG_DFL, sa_mask=[], sa_flags=0}, 8) = 0
1216  rt_sigaction(SIGRT_21, NULL,  <unfinished ...>
1215  <... rt_sigaction resumed>NULL, 8) = 0
1217  rt_sigaction(SIGRT_12, {sa_handler=SIG_DFL, sa_mask=[], sa_flags=SA_RESTORER, sa_restorer=0x7f7364125050},  <unfinished ...>
1216  <... rt_sigaction resumed>{sa_handler=SIG_DFL, sa_mask=[], sa_flags=0}, 8) = 0
1214  rt_sigaction(SIGRT_11, {sa_handler=SIG_DFL, sa_mask=[], sa_flags=SA_RESTORER, sa_restorer=0x7f72f8f1d050},  <unfinished ...>
1217  <... rt_sigaction resumed>NULL, 8) = 0
1216  rt_sigaction(SIGRT_21, {sa_handler=SIG_DFL, sa_mask=[], sa_flags=SA_RESTORER, sa_restorer=0x7fd88f390050},  <unfinished ...>
1215  rt_sigaction(SIGRT_7, NULL,  <unfinished ...>
1217  rt_sigaction(SIGRT_13, NULL,  <unfinished ...>
1216  <... rt_sigaction resumed>NULL, 8) = 0
1214  <... rt_sigaction resumed>NULL, 8) = 0
1217  <... rt_sigaction resumed>{sa_handler=SIG_DFL, sa_mask=[], sa_flags=0}, 8) = 0
1216  rt_sigaction(SIGRT_22, NULL,  <unfinished ...>
1215  <... rt_sigaction resumed>{sa_handler=SIG_DFL, sa_mask=[], sa_flags=0}, 8) = 0
1217  rt_sigaction(SIGRT_13, {sa_handler=SIG_DFL, sa_mask=[], sa_flags=SA_RESTORER, sa_restorer=0x7f7364125050},  <unfinished ...>
1216  <... rt_sigaction resumed>{sa_handler=SIG_DFL, sa_mask=[], sa_flags=0}, 8) = 0
1214  rt_sigaction(SIGRT_12, NULL,  <unfinished ...>
1217  <... rt_sigaction resumed>NULL, 8) = 0
1216  rt_sigaction(SIGRT_22, {sa_handler=SIG_DFL, sa_mask=[], sa_flags=SA_RESTORER, sa_restorer=0x7fd88f390050},  <unfinished ...>
1215  rt_sigaction(SIGRT_7, {sa_handler=SIG_DFL, sa_mask=[], sa_flags=SA_RESTORER, sa_restorer=0x7fdcd203c050},  <unfinished ...>
1217  rt_sigaction(SIGRT_14, NULL,  <unfinished ...>
1216  <... rt_sigaction resumed>NULL, 8) = 0
1214  <... rt_sigaction resumed>{sa_handler=SIG_DFL, sa_mask=[], sa_flags=0}, 8) = 0
1217  <... rt_sigaction resumed>{sa_handler=SIG_DFL, sa_mask=[], sa_flags=0}, 8) = 0
1216  rt_sigaction(SIGRT_23, NULL,  <unfinished ...>
1215  <... rt_sigaction resumed>NULL, 8) = 0
1217  rt_sigaction(SIGRT_14, {sa_handler=SIG_DFL, sa_mask=[], sa_flags=SA_RESTORER, sa_restorer=0x7f7364125050},  <unfinished ...>
1216  <... rt_sigaction resumed>{sa_handler=SIG_DFL, sa_mask=[], sa_flags=0}, 8) = 0
1214  rt_sigaction(SIGRT_12, {sa_handler=SIG_DFL, sa_mask=[], sa_flags=SA_RESTORER, sa_restorer=0x7f72f8f1d050},  <unfinished ...>
1217  <... rt_sigaction resumed>NULL, 8) = 0
1216  rt_sigaction(SIGRT_23, {sa_handler=SIG_DFL, sa_mask=[], sa_flags=SA_RESTORER, sa_restorer=0x7fd88f390050},  <unfinished ...>
1215  rt_sigaction(SIGRT_8, NULL,  <unfinished ...>
1217  rt_sigaction(SIGRT_15, NULL,  <unfinished ...>
1216  <... rt_sigaction resumed>NULL, 8) = 0
1214  <... rt_sigaction resumed>NULL, 8) = 0
1217  <... rt_sigaction resumed>{sa_handler=SIG_DFL, sa_mask=[], sa_flags=0}, 8) = 0
1216  rt_sigaction(SIGRT_24, NULL,  <unfinished ...>
1215  <... rt_sigaction resumed>{sa_handler=SIG_DFL, sa_mask=[], sa_flags=0}, 8) = 0
1217  rt_sigaction(SIGRT_15, {sa_handler=SIG_DFL, sa_mask=[], sa_flags=SA_RESTORER, sa_restorer=0x7f7364125050},  <unfinished ...>
1216  <... rt_sigaction resumed>{sa_handler=SIG_DFL, sa_mask=[], sa_flags=0}, 8) = 0
1214  rt_sigaction(SIGRT_13, NULL,  <unfinished ...>
1217  <... rt_sigaction resumed>NULL, 8) = 0
1216  rt_sigaction(SIGRT_24, {sa_handler=SIG_DFL, sa_mask=[], sa_flags=SA_RESTORER, sa_restorer=0x7fd88f390050},  <unfinished ...>
1215  rt_sigaction(SIGRT_8, {sa_handler=SIG_DFL, sa_mask=[], sa_flags=SA_RESTORER, sa_restorer=0x7fdcd203c050},  <unfinished ...>
1217  rt_sigaction(SIGRT_16, NULL,  <unfinished ...>
1216  <... rt_sigaction resumed>NULL, 8) = 0
1214  <... rt_sigaction resumed>{sa_handler=SIG_DFL, sa_mask=[], sa_flags=0}, 8) = 0
1217  <... rt_sigaction resumed>{sa_handler=SIG_DFL, sa_mask=[], sa_flags=0}, 8) = 0
1216  rt_sigaction(SIGRT_25, NULL,  <unfinished ...>
1215  <... rt_sigaction resumed>NULL, 8) = 0
1217  rt_sigaction(SIGRT_16, {sa_handler=SIG_DFL, sa_mask=[], sa_flags=SA_RESTORER, sa_restorer=0x7f7364125050},  <unfinished ...>
1216  <... rt_sigaction resumed>{sa_handler=SIG_DFL, sa_mask=[], sa_flags=0}, 8) = 0
1214  rt_sigaction(SIGRT_13, {sa_handler=SIG_DFL, sa_mask=[], sa_flags=SA_RESTORER, sa_restorer=0x7f72f8f1d050},  <unfinished ...>
1217  <... rt_sigaction resumed>NULL, 8) = 0
1216  rt_sigaction(SIGRT_25, {sa_handler=SIG_DFL, sa_mask=[], sa_flags=SA_RESTORER, sa_restorer=0x7fd88f390050},  <unfinished ...>
1215  rt_sigaction(SIGRT_9, NULL,  <unfinished ...>
1217  rt_sigaction(SIGRT_17, NULL,  <unfinished ...>
1216  <... rt_sigaction resumed>NULL, 8) = 0
1214  <... rt_sigaction resumed>NULL, 8) = 0
1217  <... rt_sigaction resumed>{sa_handler=SIG_DFL, sa_mask=[], sa_flags=0}, 8) = 0
1216  rt_sigaction(SIGRT_26, NULL,  <unfinished ...>
1215  <... rt_sigaction resumed>{sa_handler=SIG_DFL, sa_mask=[], sa_flags=0}, 8) = 0
1217  rt_sigaction(SIGRT_17, {sa_handler=SIG_DFL, sa_mask=[], sa_flags=SA_RESTORER, sa_restorer=0x7f7364125050},  <unfinished ...>
1216  <... rt_sigaction resumed>{sa_handler=SIG_DFL, sa_mask=[], sa_flags=0}, 8) = 0
1214  rt_sigaction(SIGRT_14, NULL,  <unfinished ...>
1217  <... rt_sigaction resumed>NULL, 8) = 0
1216  rt_sigaction(SIGRT_26, {sa_handler=SIG_DFL, sa_mask=[], sa_flags=SA_RESTORER, sa_restorer=0x7fd88f390050},  <unfinished ...>
1215  rt_sigaction(SIGRT_9, {sa_handler=SIG_DFL, sa_mask=[], sa_flags=SA_RESTORER, sa_restorer=0x7fdcd203c050},  <unfinished ...>
1217  rt_sigaction(SIGRT_18, NULL,  <unfinished ...>
1216  <... rt_sigaction resumed>NULL, 8) = 0
1214  <... rt_sigaction resumed>{sa_handler=SIG_DFL, sa_mask=[], sa_flags=0}, 8) = 0
1217  <... rt_sigaction resumed>{sa_handler=SIG_DFL, sa_mask=[], sa_flags=0}, 8) = 0
1216  rt_sigaction(SIGRT_27, NULL,  <unfinished ...>
1215  <... rt_sigaction resumed>NULL, 8) = 0
1217  rt_sigaction(SIGRT_18, {sa_handler=SIG_DFL, sa_mask=[], sa_flags=SA_RESTORER, sa_restorer=0x7f7364125050},  <unfinished ...>
1216  <... rt_sigaction resumed>{sa_handler=SIG_DFL, sa_mask=[], sa_flags=0}, 8) = 0
1214  rt_sigaction(SIGRT_14, {sa_handler=SIG_DFL, sa_mask=[], sa_flags=SA_RESTORER, sa_restorer=0x7f72f8f1d050},  <unfinished ...>
1217  <... rt_sigaction resumed>NULL, 8) = 0
1216  rt_sigaction(SIGRT_27, {sa_handler=SIG_DFL, sa_mask=[], sa_flags=SA_RESTORER, sa_restorer=0x7fd88f390050},  <unfinished ...>
1215  rt_sigaction(SIGRT_10, NULL,  <unfinished ...>
1217  rt_sigaction(SIGRT_19, NULL,  <unfinished ...>
1216  <... rt_sigaction resumed>NULL, 8) = 0
1214  <... rt_sigaction resumed>NULL, 8) = 0
1217  <... rt_sigaction resumed>{sa_handler=SIG_DFL, sa_mask=[], sa_flags=0}, 8) = 0
1216  rt_sigaction(SIGRT_28, NULL,  <unfinished ...>
1215  <... rt_sigaction resumed>{sa_handler=SIG_DFL, sa_mask=[], sa_flags=0}, 8) = 0
1217  rt_sigaction(SIGRT_19, {sa_handler=SIG_DFL, sa_mask=[], sa_flags=SA_RESTORER, sa_restorer=0x7f7364125050},  <unfinished ...>
1216  <... rt_sigaction resumed>{sa_handler=SIG_DFL, sa_mask=[], sa_flags=0}, 8) = 0
1214  rt_sigaction(SIGRT_15, NULL,  <unfinished ...>
1217  <... rt_sigaction resumed>NULL, 8) = 0
1216  rt_sigaction(SIGRT_28, {sa_handler=SIG_DFL, sa_mask=[], sa_flags=SA_RESTORER, sa_restorer=0x7fd88f390050},  <unfinished ...>
1215  rt_sigaction(SIGRT_10, {sa_handler=SIG_DFL, sa_mask=[], sa_flags=SA_RESTORER, sa_restorer=0x7fdcd203c050},  <unfinished ...>
1217  rt_sigaction(SIGRT_20, NULL,  <unfinished ...>
1216  <... rt_sigaction resumed>NULL, 8) = 0
1214  <... rt_sigaction resumed>{sa_handler=SIG_DFL, sa_mask=[], sa_flags=0}, 8) = 0
1217  <... rt_sigaction resumed>{sa_handler=SIG_DFL, sa_mask=[], sa_flags=0}, 8) = 0
1216  rt_sigaction(SIGRT_29, NULL,  <unfinished ...>
1215  <... rt_sigaction resumed>NULL, 8) = 0
1217  rt_sigaction(SIGRT_20, {sa_handler=SIG_DFL, sa_mask=[], sa_flags=SA_RESTORER, sa_restorer=0x7f7364125050},  <unfinished ...>
1216  <... rt_sigaction resumed>{sa_handler=SIG_DFL, sa_mask=[], sa_flags=0}, 8) = 0
1214  rt_sigaction(SIGRT_15, {sa_handler=SIG_DFL, sa_mask=[], sa_flags=SA_RESTORER, sa_restorer=0x7f72f8f1d050},  <unfinished ...>
1217  <... rt_sigaction resumed>NULL, 8) = 0
1216  rt_sigaction(SIGRT_29, {sa_handler=SIG_DFL, sa_mask=[], sa_flags=SA_RESTORER, sa_restorer=0x7fd88f390050},  <unfinished ...>
1215  rt_sigaction(SIGRT_11, NULL,  <unfinished ...>
1217  rt_sigaction(SIGRT_21, NULL,  <unfinished ...>
1216  <... rt_sigaction resumed>NULL, 8) = 0
1214  <... rt_sigaction resumed>NULL, 8) = 0
1217  <... rt_sigaction resumed>{sa_handler=SIG_DFL, sa_mask=[], sa_flags=0}, 8) = 0
1216  rt_sigaction(SIGRT_30, NULL,  <unfinished ...>
1215  <... rt_sigaction resumed>{sa_handler=SIG_DFL, sa_mask=[], sa_flags=0}, 8) = 0
1217  rt_sigaction(SIGRT_21, {sa_handler=SIG_DFL, sa_mask=[], sa_flags=SA_RESTORER, sa_restorer=0x7f7364125050},  <unfinished ...>
1216  <... rt_sigaction resumed>{sa_handler=SIG_DFL, sa_mask=[], sa_flags=0}, 8) = 0
1214  rt_sigaction(SIGRT_16, NULL,  <unfinished ...>
1217  <... rt_sigaction resumed>NULL, 8) = 0
1216  rt_sigaction(SIGRT_30, {sa_handler=SIG_DFL, sa_mask=[], sa_flags=SA_RESTORER, sa_restorer=0x7fd88f390050},  <unfinished ...>
1215  rt_sigaction(SIGRT_11, {sa_handler=SIG_DFL, sa_mask=[], sa_flags=SA_RESTORER, sa_restorer=0x7fdcd203c050},  <unfinished ...>
1217  rt_sigaction(SIGRT_22, NULL,  <unfinished ...>
1216  <... rt_sigaction resumed>NULL, 8) = 0
1214  <... rt_sigaction resumed>{sa_handler=SIG_DFL, sa_mask=[], sa_flags=0}, 8) = 0
1217  <... rt_sigaction resumed>{sa_handler=SIG_DFL, sa_mask=[], sa_flags=0}, 8) = 0
1216  rt_sigaction(SIGRT_31, NULL,  <unfinished ...>
1215  <... rt_sigaction resumed>NULL, 8) = 0
1217  rt_sigaction(SIGRT_22, {sa_handler=SIG_DFL, sa_mask=[], sa_flags=SA_RESTORER, sa_restorer=0x7f7364125050},  <unfinished ...>
1216  <... rt_sigaction resumed>{sa_handler=SIG_DFL, sa_mask=[], sa_flags=0}, 8) = 0
1214  rt_sigaction(SIGRT_16, {sa_handler=SIG_DFL, sa_mask=[], sa_flags=SA_RESTORER, sa_restorer=0x7f72f8f1d050},  <unfinished ...>
1217  <... rt_sigaction resumed>NULL, 8) = 0
1216  rt_sigaction(SIGRT_31, {sa_handler=SIG_DFL, sa_mask=[], sa_flags=SA_RESTORER, sa_restorer=0x7fd88f390050},  <unfinished ...>
1215  rt_sigaction(SIGRT_12, NULL,  <unfinished ...>
1217  rt_sigaction(SIGRT_23, NULL,  <unfinished ...>
1216  <... rt_sigaction resumed>NULL, 8) = 0
1214  <... rt_sigaction resumed>NULL, 8) = 0
1217  <... rt_sigaction resumed>{sa_handler=SIG_DFL, sa_mask=[], sa_flags=0}, 8) = 0
1216  rt_sigaction(SIGRT_32, NULL,  <unfinished ...>
1215  <... rt_sigaction resumed>{sa_handler=SIG_DFL, sa_mask=[], sa_flags=0}, 8) = 0
1217  rt_sigaction(SIGRT_23, {sa_handler=SIG_DFL, sa_mask=[], sa_flags=SA_RESTORER, sa_restorer=0x7f7364125050},  <unfinished ...>
1216  <... rt_sigaction resumed>{sa_handler=SIG_DFL, sa_mask=[], sa_flags=0}, 8) = 0
1214  rt_sigaction(SIGRT_17, NULL,  <unfinished ...>
1217  <... rt_sigaction resumed>NULL, 8) = 0
1216  rt_sigaction(SIGRT_32, {sa_handler=SIG_DFL, sa_mask=[], sa_flags=SA_RESTORER, sa_restorer=0x7fd88f390050},  <unfinished ...>
1215  rt_sigaction(SIGRT_12, {sa_handler=SIG_DFL, sa_mask=[], sa_flags=SA_RESTORER, sa_restorer=0x7fdcd203c050},  <unfinished ...>
1217  rt_sigaction(SIGRT_24, NULL,  <unfinished ...>
1216  <... rt_sigaction resumed>NULL, 8) = 0
1214  <... rt_sigaction resumed>{sa_handler=SIG_DFL, sa_mask=[], sa_flags=0}, 8) = 0
1217  <... rt_sigaction resumed>{sa_handler=SIG_DFL, sa_mask=[], sa_flags=0}, 8) = 0
1216  dup2(12, 1 <unfinished ...>
1215  <... rt_sigaction resumed>NULL, 8) = 0
1217  rt_sigaction(SIGRT_24, {sa_handler=SIG_DFL, sa_mask=[], sa_flags=SA_RESTORER, sa_restorer=0x7f7364125050},  <unfinished ...>
1216  <... dup2 resumed>)               = 1
1214  rt_sigaction(SIGRT_17, {sa_handler=SIG_DFL, sa_mask=[], sa_flags=SA_RESTORER, sa_restorer=0x7f72f8f1d050},  <unfinished ...>
1217  <... rt_sigaction resumed>NULL, 8) = 0
1216  rt_sigprocmask(SIG_SETMASK, [],  <unfinished ...>
1215  rt_sigaction(SIGRT_13, NULL,  <unfinished ...>
1217  rt_sigaction(SIGRT_25, NULL,  <unfinished ...>
1216  <... rt_sigprocmask resumed>NULL, 8) = 0
1214  <... rt_sigaction resumed>NULL, 8) = 0
1217  <... rt_sigaction resumed>{sa_handler=SIG_DFL, sa_mask=[], sa_flags=0}, 8) = 0
1216  execve("/bin/sh", ["sh", "-c", "md5sum \"files/amCopy\" "], 0x7fff430ccd88 /* 8 vars */ <unfinished ...>
1215  <... rt_sigaction resumed>{sa_handler=SIG_DFL, sa_mask=[], sa_flags=0}, 8) = 0
1217  rt_sigaction(SIGRT_25, {sa_handler=SIG_DFL, sa_mask=[], sa_flags=SA_RESTORER, sa_restorer=0x7f7364125050},  <unfinished ...>
1214  rt_sigaction(SIGRT_18, NULL,  <unfinished ...>
1212  <... clone3 resumed>)             = 1216
1217  <... rt_sigaction resumed>NULL, 8) = 0
1215  rt_sigaction(SIGRT_13, {sa_handler=SIG_DFL, sa_mask=[], sa_flags=SA_RESTORER, sa_restorer=0x7fdcd203c050},  <unfinished ...>
1214  <... rt_sigaction resumed>{sa_handler=SIG_DFL, sa_mask=[], sa_flags=0}, 8) = 0
1217  rt_sigaction(SIGRT_26, NULL,  <unfinished ...>
1216  <... execve resumed>)             = 0
1215  <... rt_sigaction resumed>NULL, 8) = 0
1212  munmap(0x7fd88f535000, 36864 <unfinished ...>
1217  <... rt_sigaction resumed>{sa_handler=SIG_DFL, sa_mask=[], sa_flags=0}, 8) = 0
1216  brk(NULL <unfinished ...>
1215  rt_sigaction(SIGRT_14, NULL,  <unfinished ...>
1214  rt_sigaction(SIGRT_18, {sa_handler=SIG_DFL, sa_mask=[], sa_flags=SA_RESTORER, sa_restorer=0x7f72f8f1d050},  <unfinished ...>
1217  rt_sigaction(SIGRT_26, {sa_handler=SIG_DFL, sa_mask=[], sa_flags=SA_RESTORER, sa_restorer=0x7f7364125050},  <unfinished ...>
1216  <... brk resumed>)                = 0x563bfb793000
1215  <... rt_sigaction resumed>{sa_handler=SIG_DFL, sa_mask=[], sa_flags=0}, 8) = 0
1212  <... munmap resumed>)             = 0
1217  <... rt_sigaction resumed>NULL, 8) = 0
1216  mmap(NULL, 8192, PROT_READ|PROT_WRITE, MAP_PRIVATE|MAP_ANONYMOUS, -1, 0 <unfinished ...>
1215  rt_sigaction(SIGRT_14, {sa_handler=SIG_DFL, sa_mask=[], sa_flags=SA_RESTORER, sa_restorer=0x7fdcd203c050},  <unfinished ...>
1214  <... rt_sigaction resumed>NULL, 8) = 0
1217  rt_sigaction(SIGRT_27, NULL,  <unfinished ...>
1216  <... mmap resumed>)               = 0x7efe97042000
1215  <... rt_sigaction resumed>NULL, 8) = 0
1212  rt_sigprocmask(SIG_SETMASK, [],  <unfinished ...>
1217  <... rt_sigaction resumed>{sa_handler=SIG_DFL, sa_mask=[], sa_flags=0}, 8) = 0
1216  access("/etc/ld.so.preload", R_OK <unfinished ...>
1215  rt_sigaction(SIGRT_15, NULL,  <unfinished ...>
1214  rt_sigaction(SIGRT_19, NULL,  <unfinished ...>
1217  rt_sigaction(SIGRT_27, {sa_handler=SIG_DFL, sa_mask=[], sa_flags=SA_RESTORER, sa_restorer=0x7f7364125050},  <unfinished ...>
1216  <... access resumed>)             = -1 ENOENT (No such file or directory)
1215  <... rt_sigaction resumed>{sa_handler=SIG_DFL, sa_mask=[], sa_flags=0}, 8) = 0
1212  <... rt_sigprocmask resumed>NULL, 8) = 0
1217  <... rt_sigaction resumed>NULL, 8) = 0
1216  openat(AT_FDCWD, "/etc/ld.so.cache", O_RDONLY|O_CLOEXEC <unfinished ...>
1215  rt_sigaction(SIGRT_15, {sa_handler=SIG_DFL, sa_mask=[], sa_flags=SA_RESTORER, sa_restorer=0x7fdcd203c050},  <unfinished ...>
1214  <... rt_sigaction resumed>{sa_handler=SIG_DFL, sa_mask=[], sa_flags=0}, 8) = 0
1217  rt_sigaction(SIGRT_28, NULL,  <unfinished ...>
1216  <... openat resumed>)             = 4
1215  <... rt_sigaction resumed>NULL, 8) = 0
1212  close(12 <unfinished ...>
1217  <... rt_sigaction resumed>{sa_handler=SIG_DFL, sa_mask=[], sa_flags=0}, 8) = 0
1216  newfstatat(4, "",  <unfinished ...>
1215  rt_sigaction(SIGRT_16, NULL,  <unfinished ...>
1214  rt_sigaction(SIGRT_19, {sa_handler=SIG_DFL, sa_mask=[], sa_flags=SA_RESTORER, sa_restorer=0x7f72f8f1d050},  <unfinished ...>
1217  rt_sigaction(SIGRT_28, {sa_handler=SIG_DFL, sa_mask=[], sa_flags=SA_RESTORER, sa_restorer=0x7f7364125050},  <unfinished ...>
1216  <... newfstatat resumed>{st_mode=S_IFREG|0644, st_size=35914, ...}, AT_EMPTY_PATH) = 0
1215  <... rt_sigaction resumed>{sa_handler=SIG_DFL, sa_mask=[], sa_flags=0}, 8) = 0
1212  <... close resumed>)              = 0
1217  <... rt_sigaction resumed>NULL, 8) = 0
1216  mmap(NULL, 35914, PROT_READ, MAP_PRIVATE, 4, 0 <unfinished ...>
1215  rt_sigaction(SIGRT_16, {sa_handler=SIG_DFL, sa_mask=[], sa_flags=SA_RESTORER, sa_restorer=0x7fdcd203c050},  <unfinished ...>
1214  <... rt_sigaction resumed>NULL, 8) = 0
1217  rt_sigaction(SIGRT_29, NULL,  <unfinished ...>
1216  <... mmap resumed>)               = 0x7efe97039000
1215  <... rt_sigaction resumed>NULL, 8) = 0
1212  fcntl(4, F_SETFD, 0 <unfinished ...>
1217  <... rt_sigaction resumed>{sa_handler=SIG_DFL, sa_mask=[], sa_flags=0}, 8) = 0
1216  close(4 <unfinished ...>
1215  rt_sigaction(SIGRT_17, NULL,  <unfinished ...>
1214  rt_sigaction(SIGRT_20, NULL,  <unfinished ...>
1217  rt_sigaction(SIGRT_29, {sa_handler=SIG_DFL, sa_mask=[], sa_flags=SA_RESTORER, sa_restorer=0x7f7364125050},  <unfinished ...>
1216  <... close resumed>)              = 0
1215  <... rt_sigaction resumed>{sa_handler=SIG_DFL, sa_mask=[], sa_flags=0}, 8) = 0
1212  <... fcntl resumed>)              = 0
1217  <... rt_sigaction resumed>NULL, 8) = 0
1216  openat(AT_FDCWD, "/lib/x86_64-linux-gnu/libc.so.6", O_RDONLY|O_CLOEXEC <unfinished ...>
1215  rt_sigaction(SIGRT_17, {sa_handler=SIG_DFL, sa_mask=[], sa_flags=SA_RESTORER, sa_restorer=0x7fdcd203c050},  <unfinished ...>
1214  <... rt_sigaction resumed>{sa_handler=SIG_DFL, sa_mask=[], sa_flags=0}, 8) = 0
1217  rt_sigaction(SIGRT_30, NULL,  <unfinished ...>
1216  <... openat resumed>)             = 4
1215  <... rt_sigaction resumed>NULL, 8) = 0
1212  newfstatat(4, "",  <unfinished ...>
1217  <... rt_sigaction resumed>{sa_handler=SIG_DFL, sa_mask=[], sa_flags=0}, 8) = 0
1216  read(4,  <unfinished ...>
1215  rt_sigaction(SIGRT_18, NULL,  <unfinished ...>
1214  rt_sigaction(SIGRT_20, {sa_handler=SIG_DFL, sa_mask=[], sa_flags=SA_RESTORER, sa_restorer=0x7f72f8f1d050},  <unfinished ...>
1217  rt_sigaction(SIGRT_30, {sa_handler=SIG_DFL, sa_mask=[], sa_flags=SA_RESTORER, sa_restorer=0x7f7364125050},  <unfinished ...>
1216  <... read resumed>"\177ELF\2\1\1\3\0\0\0\0\0\0\0\0\3\0>\0\1\0\0\0\20t\2\0\0\0\0\0"..., 832) = 832
1215  <... rt_sigaction resumed>{sa_handler=SIG_DFL, sa_mask=[], sa_flags=0}, 8) = 0
1212  <... newfstatat resumed>{st_mode=S_IFIFO|0600, st_size=0, ...}, AT_EMPTY_PATH) = 0
1217  <... rt_sigaction resumed>NULL, 8) = 0
1216  pread64(4,  <unfinished ...>
1215  rt_sigaction(SIGRT_18, {sa_handler=SIG_DFL, sa_mask=[], sa_flags=SA_RESTORER, sa_restorer=0x7fdcd203c050},  <unfinished ...>
1214  <... rt_sigaction resumed>NULL, 8) = 0
1217  rt_sigaction(SIGRT_31, NULL,  <unfinished ...>
1216  <... pread64 resumed>"\6\0\0\0\4\0\0\0@\0\0\0\0\0\0\0@\0\0\0\0\0\0\0@\0\0\0\0\0\0\0"..., 784, 64) = 784
1215  <... rt_sigaction resumed>NULL, 8) = 0
1212  read(4,  <unfinished ...>
1217  <... rt_sigaction resumed>{sa_handler=SIG_DFL, sa_mask=[], sa_flags=0}, 8) = 0
1216  newfstatat(4, "",  <unfinished ...>
1215  rt_sigaction(SIGRT_19, NULL,  <unfinished ...>
1214  rt_sigaction(SIGRT_21, NULL,  <unfinished ...>
1217  rt_sigaction(SIGRT_31, {sa_handler=SIG_DFL, sa_mask=[], sa_flags=SA_RESTORER, sa_restorer=0x7f7364125050},  <unfinished ...>
1216  <... newfstatat resumed>{st_mode=S_IFREG|0755, st_size=1922136, ...}, AT_EMPTY_PATH) = 0
1215  <... rt_sigaction resumed>{sa_handler=SIG_DFL, sa_mask=[], sa_flags=0}, 8) = 0
1217  <... rt_sigaction resumed>NULL, 8) = 0
1216  pread64(4,  <unfinished ...>
1214  <... rt_sigaction resumed>{sa_handler=SIG_DFL, sa_mask=[], sa_flags=0}, 8) = 0
1217  rt_sigaction(SIGRT_32, NULL,  <unfinished ...>
1216  <... pread64 resumed>"\6\0\0\0\4\0\0\0@\0\0\0\0\0\0\0@\0\0\0\0\0\0\0@\0\0\0\0\0\0\0"..., 784, 64) = 784
1215  rt_sigaction(SIGRT_19, {sa_handler=SIG_DFL, sa_mask=[], sa_flags=SA_RESTORER, sa_restorer=0x7fdcd203c050},  <unfinished ...>
1217  <... rt_sigaction resumed>{sa_handler=SIG_DFL, sa_mask=[], sa_flags=0}, 8) = 0
1216  mmap(NULL, 1970000, PROT_READ, MAP_PRIVATE|MAP_DENYWRITE, 4, 0 <unfinished ...>
1214  rt_sigaction(SIGRT_21, {sa_handler=SIG_DFL, sa_mask=[], sa_flags=SA_RESTORER, sa_restorer=0x7f72f8f1d050},  <unfinished ...>
1217  rt_sigaction(SIGRT_32, {sa_handler=SIG_DFL, sa_mask=[], sa_flags=SA_RESTORER, sa_restorer=0x7f7364125050},  <unfinished ...>
1216  <... mmap resumed>)               = 0x7efe96e58000
1215  <... rt_sigaction resumed>NULL, 8) = 0
1217  <... rt_sigaction resumed>NULL, 8) = 0
1216  mmap(0x7efe96e7e000, 1396736, PROT_READ|PROT_EXEC, MAP_PRIVATE|MAP_FIXED|MAP_DENYWRITE, 4, 0x26000 <unfinished ...>
1214  <... rt_sigaction resumed>NULL, 8) = 0
1217  dup2(15, 1 <unfinished ...>
1216  <... mmap resumed>)               = 0x7efe96e7e000
1215  rt_sigaction(SIGRT_20, NULL,  <unfinished ...>
1217  <... dup2 resumed>)               = 1
1216  mmap(0x7efe96fd3000, 339968, PROT_READ, MAP_PRIVATE|MAP_FIXED|MAP_DENYWRITE, 4, 0x17b000 <unfinished ...>
1214  rt_sigaction(SIGRT_22, NULL,  <unfinished ...>
1217  rt_sigprocmask(SIG_SETMASK, [],  <unfinished ...>
1216  <... mmap resumed>)               = 0x7efe96fd3000
1215  <... rt_sigaction resumed>{sa_handler=SIG_DFL, sa_mask=[], sa_flags=0}, 8) = 0
1217  <... rt_sigprocmask resumed>NULL, 8) = 0
1216  mmap(0x7efe97026000, 24576, PROT_READ|PROT_WRITE, MAP_PRIVATE|MAP_FIXED|MAP_DENYWRITE, 4, 0x1ce000 <unfinished ...>
1214  <... rt_sigaction resumed>{sa_handler=SIG_DFL, sa_mask=[], sa_flags=0}, 8) = 0
1217  execve("/bin/sh", ["sh", "-c", "md5sum \"files/amCopy3\" "], 0x7ffeac156b68 /* 8 vars */ <unfinished ...>
1216  <... mmap resumed>)               = 0x7efe97026000
1215  rt_sigaction(SIGRT_20, {sa_handler=SIG_DFL, sa_mask=[], sa_flags=SA_RESTORER, sa_restorer=0x7fdcd203c050},  <unfinished ...>
1216  mmap(0x7efe9702c000, 53072, PROT_READ|PROT_WRITE, MAP_PRIVATE|MAP_FIXED|MAP_ANONYMOUS, -1, 0 <unfinished ...>
1214  rt_sigaction(SIGRT_22, {sa_handler=SIG_DFL, sa_mask=[], sa_flags=SA_RESTORER, sa_restorer=0x7f72f8f1d050},  <unfinished ...>
1213  <... clone3 resumed>)             = 1217
1217  <... execve resumed>)             = 0
1216  <... mmap resumed>)               = 0x7efe9702c000
1215  <... rt_sigaction resumed>NULL, 8) = 0
1214  <... rt_sigaction resumed>NULL, 8) = 0
1217  brk(NULL <unfinished ...>
1216  close(4 <unfinished ...>
1215  rt_sigaction(SIGRT_21, NULL,  <unfinished ...>
1213  munmap(0x7f73642ca000, 36864 <unfinished ...>
1217  <... brk resumed>)                = 0x558a73eb3000
1216  <... close resumed>)              = 0
1215  <... rt_sigaction resumed>{sa_handler=SIG_DFL, sa_mask=[], sa_flags=0}, 8) = 0
1214  rt_sigaction(SIGRT_23, NULL,  <unfinished ...>
1217  mmap(NULL, 8192, PROT_READ|PROT_WRITE, MAP_PRIVATE|MAP_ANONYMOUS, -1, 0 <unfinished ...>
1216  mmap(NULL, 12288, PROT_READ|PROT_WRITE, MAP_PRIVATE|MAP_ANONYMOUS, -1, 0 <unfinished ...>
1215  rt_sigaction(SIGRT_21, {sa_handler=SIG_DFL, sa_mask=[], sa_flags=SA_RESTORER, sa_restorer=0x7fdcd203c050},  <unfinished ...>
1213  <... munmap resumed>)             = 0
1217  <... mmap resumed>)               = 0x7f30dc81e000
1216  <... mmap resumed>)               = 0x7efe96e55000
1215  <... rt_sigaction resumed>NULL, 8) = 0
1214  <... rt_sigaction resumed>{sa_handler=SIG_DFL, sa_mask=[], sa_flags=0}, 8) = 0
1217  access("/etc/ld.so.preload", R_OK <unfinished ...>
1216  arch_prctl(ARCH_SET_FS, 0x7efe96e55740 <unfinished ...>
1215  rt_sigaction(SIGRT_22, NULL,  <unfinished ...>
1213  rt_sigprocmask(SIG_SETMASK, [],  <unfinished ...>
1217  <... access resumed>)             = -1 ENOENT (No such file or directory)
1216  <... arch_prctl resumed>)         = 0
1215  <... rt_sigaction resumed>{sa_handler=SIG_DFL, sa_mask=[], sa_flags=0}, 8) = 0
1214  rt_sigaction(SIGRT_23, {sa_handler=SIG_DFL, sa_mask=[], sa_flags=SA_RESTORER, sa_restorer=0x7f72f8f1d050},  <unfinished ...>
1217  openat(AT_FDCWD, "/etc/ld.so.cache", O_RDONLY|O_CLOEXEC <unfinished ...>
1216  set_tid_address(0x7efe96e55a10 <unfinished ...>
1215  rt_sigaction(SIGRT_22, {sa_handler=SIG_DFL, sa_mask=[], sa_flags=SA_RESTORER, sa_restorer=0x7fdcd203c050},  <unfinished ...>
1213  <... rt_sigprocmask resumed>NULL, 8) = 0
1217  <... openat resumed>)             = 4
1216  <... set_tid_address resumed>)    = 1216
1215  <... rt_sigaction resumed>NULL, 8) = 0
1214  <... rt_sigaction resumed>NULL, 8) = 0
1217  newfstatat(4, "",  <unfinished ...>
1216  set_robust_list(0x7efe96e55a20, 24 <unfinished ...>
1215  rt_sigaction(SIGRT_23, NULL,  <unfinished ...>
1213  close(15 <unfinished ...>
1217  <... newfstatat resumed>{st_mode=S_IFREG|0644, st_size=35914, ...}, AT_EMPTY_PATH) = 0
1216  <... set_robust_list resumed>)    = 0
1215  <... rt_sigaction resumed>{sa_handler=SIG_DFL, sa_mask=[], sa_flags=0}, 8) = 0
1214  rt_sigaction(SIGRT_24, NULL,  <unfinished ...>
1217  mmap(NULL, 35914, PROT_READ, MAP_PRIVATE, 4, 0 <unfinished ...>
1216  rseq(0x7efe96e56060, 0x20, 0, 0x53053053 <unfinished ...>
1215  rt_sigaction(SIGRT_23, {sa_handler=SIG_DFL, sa_mask=[], sa_flags=SA_RESTORER, sa_restorer=0x7fdcd203c050},  <unfinished ...>
1213  <... close resumed>)              = 0
1217  <... mmap resumed>)               = 0x7f30dc815000
1216  <... rseq resumed>)               = 0
1215  <... rt_sigaction resumed>NULL, 8) = 0
1214  <... rt_sigaction resumed>{sa_handler=SIG_DFL, sa_mask=[], sa_flags=0}, 8) = 0
1217  close(4 <unfinished ...>
1216  mprotect(0x7efe97026000, 16384, PROT_READ <unfinished ...>
1215  rt_sigaction(SIGRT_24, NULL,  <unfinished ...>
1213  fcntl(4, F_SETFD, 0 <unfinished ...>
1217  <... close resumed>)              = 0
1216  <... mprotect resumed>)           = 0
1215  <... rt_sigaction resumed>{sa_handler=SIG_DFL, sa_mask=[], sa_flags=0}, 8) = 0
1214  rt_sigaction(SIGRT_24, {sa_handler=SIG_DFL, sa_mask=[], sa_flags=SA_RESTORER, sa_restorer=0x7f72f8f1d050},  <unfinished ...>
1217  openat(AT_FDCWD, "/lib/x86_64-linux-gnu/libc.so.6", O_RDONLY|O_CLOEXEC <unfinished ...>
1216  mprotect(0x563bfb769000, 8192, PROT_READ <unfinished ...>
1215  rt_sigaction(SIGRT_24, {sa_handler=SIG_DFL, sa_mask=[], sa_flags=SA_RESTORER, sa_restorer=0x7fdcd203c050},  <unfinished ...>
1213  <... fcntl resumed>)              = 0
1217  <... openat resumed>)             = 4
1216  <... mprotect resumed>)           = 0
1215  <... rt_sigaction resumed>NULL, 8) = 0
1214  <... rt_sigaction resumed>NULL, 8) = 0
1217  read(4,  <unfinished ...>
1216  mprotect(0x7efe97074000, 8192, PROT_READ <unfinished ...>
1215  rt_sigaction(SIGRT_25, NULL,  <unfinished ...>
1213  newfstatat(4, "",  <unfinished ...>
1217  <... read resumed>"\177ELF\2\1\1\3\0\0\0\0\0\0\0\0\3\0>\0\1\0\0\0\20t\2\0\0\0\0\0"..., 832) = 832
1216  <... mprotect resumed>)           = 0
1215  <... rt_sigaction resumed>{sa_handler=SIG_DFL, sa_mask=[], sa_flags=0}, 8) = 0
1214  rt_sigaction(SIGRT_25, NULL,  <unfinished ...>
1217  pread64(4,  <unfinished ...>
1216  prlimit64(0, RLIMIT_STACK, NULL,  <unfinished ...>
1215  rt_sigaction(SIGRT_25, {sa_handler=SIG_DFL, sa_mask=[], sa_flags=SA_RESTORER, sa_restorer=0x7fdcd203c050},  <unfinished ...>
1213  <... newfstatat resumed>{st_mode=S_IFIFO|0600, st_size=0, ...}, AT_EMPTY_PATH) = 0
1217  <... pread64 resumed>"\6\0\0\0\4\0\0\0@\0\0\0\0\0\0\0@\0\0\0\0\0\0\0@\0\0\0\0\0\0\0"..., 784, 64) = 784
1216  <... prlimit64 resumed>{rlim_cur=8192*1024, rlim_max=RLIM64_INFINITY}) = 0
1215  <... rt_sigaction resumed>NULL, 8) = 0
1214  <... rt_sigaction resumed>{sa_handler=SIG_DFL, sa_mask=[], sa_flags=0}, 8) = 0
1217  newfstatat(4, "",  <unfinished ...>
1216  munmap(0x7efe97039000, 35914 <unfinished ...>
1215  rt_sigaction(SIGRT_26, NULL,  <unfinished ...>
1213  read(4,  <unfinished ...>
1217  <... newfstatat resumed>{st_mode=S_IFREG|0755, st_size=1922136, ...}, AT_EMPTY_PATH) = 0
1216  <... munmap resumed>)             = 0
1215  <... rt_sigaction resumed>{sa_handler=SIG_DFL, sa_mask=[], sa_flags=0}, 8) = 0
1214  rt_sigaction(SIGRT_25, {sa_handler=SIG_DFL, sa_mask=[], sa_flags=SA_RESTORER, sa_restorer=0x7f72f8f1d050},  <unfinished ...>
1217  pread64(4,  <unfinished ...>
1216  getuid( <unfinished ...>
1215  rt_sigaction(SIGRT_26, {sa_handler=SIG_DFL, sa_mask=[], sa_flags=SA_RESTORER, sa_restorer=0x7fdcd203c050},  <unfinished ...>
1217  <... pread64 resumed>"\6\0\0\0\4\0\0\0@\0\0\0\0\0\0\0@\0\0\0\0\0\0\0@\0\0\0\0\0\0\0"..., 784, 64) = 784
1216  <... getuid resumed>)             = 0
1214  <... rt_sigaction resumed>NULL, 8) = 0
1217  mmap(NULL, 1970000, PROT_READ, MAP_PRIVATE|MAP_DENYWRITE, 4, 0 <unfinished ...>
1216  getgid( <unfinished ...>
1215  <... rt_sigaction resumed>NULL, 8) = 0
1217  <... mmap resumed>)               = 0x7f30dc634000
1216  <... getgid resumed>)             = 0
1214  rt_sigaction(SIGRT_26, NULL,  <unfinished ...>
1217  mmap(0x7f30dc65a000, 1396736, PROT_READ|PROT_EXEC, MAP_PRIVATE|MAP_FIXED|MAP_DENYWRITE, 4, 0x26000 <unfinished ...>
1216  getpid( <unfinished ...>
1215  rt_sigaction(SIGRT_27, NULL,  <unfinished ...>
1217  <... mmap resumed>)               = 0x7f30dc65a000
1216  <... getpid resumed>)             = 1216
1214  <... rt_sigaction resumed>{sa_handler=SIG_DFL, sa_mask=[], sa_flags=0}, 8) = 0
1217  mmap(0x7f30dc7af000, 339968, PROT_READ, MAP_PRIVATE|MAP_FIXED|MAP_DENYWRITE, 4, 0x17b000 <unfinished ...>
1216  rt_sigaction(SIGCHLD, {sa_handler=0x563bfb75edc0, sa_mask=~[RTMIN RT_1], sa_flags=SA_RESTORER, sa_restorer=0x7efe96e94050},  <unfinished ...>
1215  <... rt_sigaction resumed>{sa_handler=SIG_DFL, sa_mask=[], sa_flags=0}, 8) = 0
1217  <... mmap resumed>)               = 0x7f30dc7af000
1216  <... rt_sigaction resumed>NULL, 8) = 0
1214  rt_sigaction(SIGRT_26, {sa_handler=SIG_DFL, sa_mask=[], sa_flags=SA_RESTORER, sa_restorer=0x7f72f8f1d050},  <unfinished ...>
1217  mmap(0x7f30dc802000, 24576, PROT_READ|PROT_WRITE, MAP_PRIVATE|MAP_FIXED|MAP_DENYWRITE, 4, 0x1ce000 <unfinished ...>
1216  geteuid( <unfinished ...>
1215  rt_sigaction(SIGRT_27, {sa_handler=SIG_DFL, sa_mask=[], sa_flags=SA_RESTORER, sa_restorer=0x7fdcd203c050},  <unfinished ...>
1217  <... mmap resumed>)               = 0x7f30dc802000
1216  <... geteuid resumed>)            = 0
1214  <... rt_sigaction resumed>NULL, 8) = 0
1217  mmap(0x7f30dc808000, 53072, PROT_READ|PROT_WRITE, MAP_PRIVATE|MAP_FIXED|MAP_ANONYMOUS, -1, 0 <unfinished ...>
1216  getrandom( <unfinished ...>
1215  <... rt_sigaction resumed>NULL, 8) = 0
1217  <... mmap resumed>)               = 0x7f30dc808000
1216  <... getrandom resumed>"\xee\xc5\x9f\x41\xb7\xf9\x0a\xe5", 8, GRND_NONBLOCK) = 8
1214  rt_sigaction(SIGRT_27, NULL,  <unfinished ...>
1217  close(4 <unfinished ...>
1216  brk(NULL <unfinished ...>
1215  rt_sigaction(SIGRT_28, NULL,  <unfinished ...>
1217  <... close resumed>)              = 0
1216  <... brk resumed>)                = 0x563bfb793000
1214  <... rt_sigaction resumed>{sa_handler=SIG_DFL, sa_mask=[], sa_flags=0}, 8) = 0
1217  mmap(NULL, 12288, PROT_READ|PROT_WRITE, MAP_PRIVATE|MAP_ANONYMOUS, -1, 0 <unfinished ...>
1216  brk(0x563bfb7b4000 <unfinished ...>
1215  <... rt_sigaction resumed>{sa_handler=SIG_DFL, sa_mask=[], sa_flags=0}, 8) = 0
1217  <... mmap resumed>)               = 0x7f30dc631000
1216  <... brk resumed>)                = 0x563bfb7b4000
1214  rt_sigaction(SIGRT_27, {sa_handler=SIG_DFL, sa_mask=[], sa_flags=SA_RESTORER, sa_restorer=0x7f72f8f1d050},  <unfinished ...>
1217  arch_prctl(ARCH_SET_FS, 0x7f30dc631740 <unfinished ...>
1216  getppid( <unfinished ...>
1215  rt_sigaction(SIGRT_28, {sa_handler=SIG_DFL, sa_mask=[], sa_flags=SA_RESTORER, sa_restorer=0x7fdcd203c050},  <unfinished ...>
1217  <... arch_prctl resumed>)         = 0
1216  <... getppid resumed>)            = 1212
1214  <... rt_sigaction resumed>NULL, 8) = 0
1217  set_tid_address(0x7f30dc631a10 <unfinished ...>
1216  newfstatat(AT_FDCWD, "/root/TP1-SistemasOperativos-72.11",  <unfinished ...>
1215  <... rt_sigaction resumed>NULL, 8) = 0
1217  <... set_tid_address resumed>)    = 1217
1214  rt_sigaction(SIGRT_28, NULL,  <unfinished ...>
1217  set_robust_list(0x7f30dc631a20, 24 <unfinished ...>
1216  <... newfstatat resumed>{st_mode=S_IFDIR|0777, st_size=4096, ...}, 0) = 0
1215  rt_sigaction(SIGRT_29, NULL,  <unfinished ...>
1217  <... set_robust_list resumed>)    = 0
1216  newfstatat(AT_FDCWD, ".",  <unfinished ...>
1214  <... rt_sigaction resumed>{sa_handler=SIG_DFL, sa_mask=[], sa_flags=0}, 8) = 0
1217  rseq(0x7f30dc632060, 0x20, 0, 0x53053053 <unfinished ...>
1215  <... rt_sigaction resumed>{sa_handler=SIG_DFL, sa_mask=[], sa_flags=0}, 8) = 0
1217  <... rseq resumed>)               = 0
1216  <... newfstatat resumed>{st_mode=S_IFDIR|0777, st_size=4096, ...}, 0) = 0
1214  rt_sigaction(SIGRT_28, {sa_handler=SIG_DFL, sa_mask=[], sa_flags=SA_RESTORER, sa_restorer=0x7f72f8f1d050},  <unfinished ...>
1217  mprotect(0x7f30dc802000, 16384, PROT_READ <unfinished ...>
1216  geteuid( <unfinished ...>
1215  rt_sigaction(SIGRT_29, {sa_handler=SIG_DFL, sa_mask=[], sa_flags=SA_RESTORER, sa_restorer=0x7fdcd203c050},  <unfinished ...>
1217  <... mprotect resumed>)           = 0
1216  <... geteuid resumed>)            = 0
1214  <... rt_sigaction resumed>NULL, 8) = 0
1217  mprotect(0x558a72855000, 8192, PROT_READ <unfinished ...>
1216  getegid( <unfinished ...>
1215  <... rt_sigaction resumed>NULL, 8) = 0
1217  <... mprotect resumed>)           = 0
1216  <... getegid resumed>)            = 0
1214  rt_sigaction(SIGRT_29, NULL,  <unfinished ...>
1217  mprotect(0x7f30dc850000, 8192, PROT_READ <unfinished ...>
1216  rt_sigaction(SIGINT, NULL,  <unfinished ...>
1215  rt_sigaction(SIGRT_30, NULL,  <unfinished ...>
1217  <... mprotect resumed>)           = 0
1216  <... rt_sigaction resumed>{sa_handler=SIG_DFL, sa_mask=[], sa_flags=0}, 8) = 0
1214  <... rt_sigaction resumed>{sa_handler=SIG_DFL, sa_mask=[], sa_flags=0}, 8) = 0
1217  prlimit64(0, RLIMIT_STACK, NULL,  <unfinished ...>
1216  rt_sigaction(SIGINT, {sa_handler=0x563bfb75edc0, sa_mask=~[RTMIN RT_1], sa_flags=SA_RESTORER, sa_restorer=0x7efe96e94050},  <unfinished ...>
1215  <... rt_sigaction resumed>{sa_handler=SIG_DFL, sa_mask=[], sa_flags=0}, 8) = 0
1217  <... prlimit64 resumed>{rlim_cur=8192*1024, rlim_max=RLIM64_INFINITY}) = 0
1216  <... rt_sigaction resumed>NULL, 8) = 0
1214  rt_sigaction(SIGRT_29, {sa_handler=SIG_DFL, sa_mask=[], sa_flags=SA_RESTORER, sa_restorer=0x7f72f8f1d050},  <unfinished ...>
1217  munmap(0x7f30dc815000, 35914 <unfinished ...>
1216  rt_sigaction(SIGQUIT, NULL,  <unfinished ...>
1215  rt_sigaction(SIGRT_30, {sa_handler=SIG_DFL, sa_mask=[], sa_flags=SA_RESTORER, sa_restorer=0x7fdcd203c050},  <unfinished ...>
1217  <... munmap resumed>)             = 0
1216  <... rt_sigaction resumed>{sa_handler=SIG_DFL, sa_mask=[], sa_flags=0}, 8) = 0
1214  <... rt_sigaction resumed>NULL, 8) = 0
1217  getuid( <unfinished ...>
1216  rt_sigaction(SIGQUIT, {sa_handler=SIG_DFL, sa_mask=~[RTMIN RT_1], sa_flags=SA_RESTORER, sa_restorer=0x7efe96e94050},  <unfinished ...>
1215  <... rt_sigaction resumed>NULL, 8) = 0
1217  <... getuid resumed>)             = 0
1216  <... rt_sigaction resumed>NULL, 8) = 0
1214  rt_sigaction(SIGRT_30, NULL,  <unfinished ...>
1217  getgid( <unfinished ...>
1216  rt_sigaction(SIGTERM, NULL,  <unfinished ...>
1215  rt_sigaction(SIGRT_31, NULL,  <unfinished ...>
1217  <... getgid resumed>)             = 0
1216  <... rt_sigaction resumed>{sa_handler=SIG_DFL, sa_mask=[], sa_flags=0}, 8) = 0
1214  <... rt_sigaction resumed>{sa_handler=SIG_DFL, sa_mask=[], sa_flags=0}, 8) = 0
1217  getpid( <unfinished ...>
1216  rt_sigaction(SIGTERM, {sa_handler=SIG_DFL, sa_mask=~[RTMIN RT_1], sa_flags=SA_RESTORER, sa_restorer=0x7efe96e94050},  <unfinished ...>
1215  <... rt_sigaction resumed>{sa_handler=SIG_DFL, sa_mask=[], sa_flags=0}, 8) = 0
1217  <... getpid resumed>)             = 1217
1216  <... rt_sigaction resumed>NULL, 8) = 0
1214  rt_sigaction(SIGRT_30, {sa_handler=SIG_DFL, sa_mask=[], sa_flags=SA_RESTORER, sa_restorer=0x7f72f8f1d050},  <unfinished ...>
1217  rt_sigaction(SIGCHLD, {sa_handler=0x558a7284adc0, sa_mask=~[RTMIN RT_1], sa_flags=SA_RESTORER, sa_restorer=0x7f30dc670050},  <unfinished ...>
1216  newfstatat(AT_FDCWD, "/usr/local/sbin/md5sum",  <unfinished ...>
1215  rt_sigaction(SIGRT_31, {sa_handler=SIG_DFL, sa_mask=[], sa_flags=SA_RESTORER, sa_restorer=0x7fdcd203c050},  <unfinished ...>
1217  <... rt_sigaction resumed>NULL, 8) = 0
1216  <... newfstatat resumed>0x7ffd46b1ee30, 0) = -1 ENOENT (No such file or directory)
1214  <... rt_sigaction resumed>NULL, 8) = 0
1217  geteuid( <unfinished ...>
1216  newfstatat(AT_FDCWD, "/usr/local/bin/md5sum",  <unfinished ...>
1215  <... rt_sigaction resumed>NULL, 8) = 0
1217  <... geteuid resumed>)            = 0
1216  <... newfstatat resumed>0x7ffd46b1ee30, 0) = -1 ENOENT (No such file or directory)
1215  rt_sigaction(SIGRT_32, NULL,  <unfinished ...>
1214  rt_sigaction(SIGRT_31, NULL,  <unfinished ...>
1217  getrandom( <unfinished ...>
1216  newfstatat(AT_FDCWD, "/usr/sbin/md5sum",  <unfinished ...>
1215  <... rt_sigaction resumed>{sa_handler=SIG_DFL, sa_mask=[], sa_flags=0}, 8) = 0
1217  <... getrandom resumed>"\xef\xfe\xe9\xa8\x12\x8d\x6e\x68", 8, GRND_NONBLOCK) = 8
1216  <... newfstatat resumed>0x7ffd46b1ee30, 0) = -1 ENOENT (No such file or directory)
1214  <... rt_sigaction resumed>{sa_handler=SIG_DFL, sa_mask=[], sa_flags=0}, 8) = 0
1217  brk(NULL <unfinished ...>
1216  newfstatat(AT_FDCWD, "/usr/bin/md5sum",  <unfinished ...>
1215  rt_sigaction(SIGRT_32, {sa_handler=SIG_DFL, sa_mask=[], sa_flags=SA_RESTORER, sa_restorer=0x7fdcd203c050},  <unfinished ...>
1217  <... brk resumed>)                = 0x558a73eb3000
1216  <... newfstatat resumed>{st_mode=S_IFREG|0755, st_size=52176, ...}, 0) = 0
1214  rt_sigaction(SIGRT_31, {sa_handler=SIG_DFL, sa_mask=[], sa_flags=SA_RESTORER, sa_restorer=0x7f72f8f1d050},  <unfinished ...>
1217  brk(0x558a73ed4000 <unfinished ...>
1216  rt_sigprocmask(SIG_SETMASK, ~[RTMIN RT_1],  <unfinished ...>
1215  <... rt_sigaction resumed>NULL, 8) = 0
1217  <... brk resumed>)                = 0x558a73ed4000
1216  <... rt_sigprocmask resumed>NULL, 8) = 0
1214  <... rt_sigaction resumed>NULL, 8) = 0
1217  getppid( <unfinished ...>
1216  vfork( <unfinished ...>
1215  dup2(6, 1 <unfinished ...>
1217  <... getppid resumed>)            = 1213
1214  rt_sigaction(SIGRT_32, NULL,  <unfinished ...>
1218  rt_sigprocmask(SIG_SETMASK, [],  <unfinished ...>
1217  newfstatat(AT_FDCWD, "/root/TP1-SistemasOperativos-72.11",  <unfinished ...>
1215  <... dup2 resumed>)               = 1
1218  <... rt_sigprocmask resumed>~[KILL STOP RTMIN RT_1], 8) = 0
1214  <... rt_sigaction resumed>{sa_handler=SIG_DFL, sa_mask=[], sa_flags=0}, 8) = 0
1218  execve("/usr/bin/md5sum", ["md5sum", "files/amCopy"], 0x563bfb76d8d0 /* 8 vars */ <unfinished ...>
1217  <... newfstatat resumed>{st_mode=S_IFDIR|0777, st_size=4096, ...}, 0) = 0
1215  rt_sigprocmask(SIG_SETMASK, [],  <unfinished ...>
1217  newfstatat(AT_FDCWD, ".",  <unfinished ...>
1216  <... vfork resumed>)              = 1218
1214  rt_sigaction(SIGRT_32, {sa_handler=SIG_DFL, sa_mask=[], sa_flags=SA_RESTORER, sa_restorer=0x7f72f8f1d050},  <unfinished ...>
1218  <... execve resumed>)             = 0
1217  <... newfstatat resumed>{st_mode=S_IFDIR|0777, st_size=4096, ...}, 0) = 0
1216  rt_sigprocmask(SIG_SETMASK, [],  <unfinished ...>
1215  <... rt_sigprocmask resumed>NULL, 8) = 0
1218  brk(NULL <unfinished ...>
1217  geteuid( <unfinished ...>
1216  <... rt_sigprocmask resumed>~[KILL STOP RTMIN RT_1], 8) = 0
1214  <... rt_sigaction resumed>NULL, 8) = 0
1218  <... brk resumed>)                = 0x55e32d914000
1217  <... geteuid resumed>)            = 0
1216  wait4(-1,  <unfinished ...>
1215  execve("/bin/sh", ["sh", "-c", "md5sum \"files/hi\" "], 0x7ffe2a589628 /* 8 vars */ <unfinished ...>
1218  mmap(NULL, 8192, PROT_READ|PROT_WRITE, MAP_PRIVATE|MAP_ANONYMOUS, -1, 0 <unfinished ...>
1217  getegid( <unfinished ...>
1214  dup2(9, 1 <unfinished ...>
1218  <... mmap resumed>)               = 0x7f4fb51bb000
1217  <... getegid resumed>)            = 0
1210  <... clone3 resumed>)             = 1215
1218  access("/etc/ld.so.preload", R_OK <unfinished ...>
1217  rt_sigaction(SIGINT, NULL,  <unfinished ...>
1215  <... execve resumed>)             = 0
1214  <... dup2 resumed>)               = 1
1218  <... access resumed>)             = -1 ENOENT (No such file or directory)
1217  <... rt_sigaction resumed>{sa_handler=SIG_DFL, sa_mask=[], sa_flags=0}, 8) = 0
1215  brk(NULL <unfinished ...>
1210  munmap(0x7fdcd21e1000, 36864 <unfinished ...>
1218  openat(AT_FDCWD, "/etc/ld.so.cache", O_RDONLY|O_CLOEXEC <unfinished ...>
1217  rt_sigaction(SIGINT, {sa_handler=0x558a7284adc0, sa_mask=~[RTMIN RT_1], sa_flags=SA_RESTORER, sa_restorer=0x7f30dc670050},  <unfinished ...>
1215  <... brk resumed>)                = 0x557f225af000
1214  rt_sigprocmask(SIG_SETMASK, [],  <unfinished ...>
1218  <... openat resumed>)             = 4
1217  <... rt_sigaction resumed>NULL, 8) = 0
1215  mmap(NULL, 8192, PROT_READ|PROT_WRITE, MAP_PRIVATE|MAP_ANONYMOUS, -1, 0 <unfinished ...>
1210  <... munmap resumed>)             = 0
1218  newfstatat(4, "",  <unfinished ...>
1217  rt_sigaction(SIGQUIT, NULL,  <unfinished ...>
1215  <... mmap resumed>)               = 0x7fe653ef3000
1214  <... rt_sigprocmask resumed>NULL, 8) = 0
1218  <... newfstatat resumed>{st_mode=S_IFREG|0644, st_size=35914, ...}, AT_EMPTY_PATH) = 0
1217  <... rt_sigaction resumed>{sa_handler=SIG_DFL, sa_mask=[], sa_flags=0}, 8) = 0
1215  access("/etc/ld.so.preload", R_OK <unfinished ...>
1210  rt_sigprocmask(SIG_SETMASK, [],  <unfinished ...>
1218  mmap(NULL, 35914, PROT_READ, MAP_PRIVATE, 4, 0 <unfinished ...>
1217  rt_sigaction(SIGQUIT, {sa_handler=SIG_DFL, sa_mask=~[RTMIN RT_1], sa_flags=SA_RESTORER, sa_restorer=0x7f30dc670050},  <unfinished ...>
1215  <... access resumed>)             = -1 ENOENT (No such file or directory)
1214  execve("/bin/sh", ["sh", "-c", "md5sum \"files/am\" "], 0x7ffc6dd0bba8 /* 8 vars */ <unfinished ...>
1218  <... mmap resumed>)               = 0x7f4fb51b2000
1217  <... rt_sigaction resumed>NULL, 8) = 0
1215  openat(AT_FDCWD, "/etc/ld.so.cache", O_RDONLY|O_CLOEXEC <unfinished ...>
1210  <... rt_sigprocmask resumed>NULL, 8) = 0
1218  close(4 <unfinished ...>
1217  rt_sigaction(SIGTERM, NULL,  <unfinished ...>
1215  <... openat resumed>)             = 4
1211  <... clone3 resumed>)             = 1214
1218  <... close resumed>)              = 0
1217  <... rt_sigaction resumed>{sa_handler=SIG_DFL, sa_mask=[], sa_flags=0}, 8) = 0
1215  newfstatat(4, "",  <unfinished ...>
1214  <... execve resumed>)             = 0
1210  close(6 <unfinished ...>
1218  openat(AT_FDCWD, "/lib/x86_64-linux-gnu/libc.so.6", O_RDONLY|O_CLOEXEC <unfinished ...>
1217  rt_sigaction(SIGTERM, {sa_handler=SIG_DFL, sa_mask=~[RTMIN RT_1], sa_flags=SA_RESTORER, sa_restorer=0x7f30dc670050},  <unfinished ...>
1215  <... newfstatat resumed>{st_mode=S_IFREG|0644, st_size=35914, ...}, AT_EMPTY_PATH) = 0
1214  brk(NULL <unfinished ...>
1211  munmap(0x7f72f90c2000, 36864 <unfinished ...>
1218  <... openat resumed>)             = 4
1217  <... rt_sigaction resumed>NULL, 8) = 0
1215  mmap(NULL, 35914, PROT_READ, MAP_PRIVATE, 4, 0 <unfinished ...>
1214  <... brk resumed>)                = 0x562ec5e0d000
1210  <... close resumed>)              = 0
1218  read(4,  <unfinished ...>
1217  newfstatat(AT_FDCWD, "/usr/local/sbin/md5sum",  <unfinished ...>
1215  <... mmap resumed>)               = 0x7fe653eea000
1214  mmap(NULL, 8192, PROT_READ|PROT_WRITE, MAP_PRIVATE|MAP_ANONYMOUS, -1, 0 <unfinished ...>
1211  <... munmap resumed>)             = 0
1218  <... read resumed>"\177ELF\2\1\1\3\0\0\0\0\0\0\0\0\3\0>\0\1\0\0\0\20t\2\0\0\0\0\0"..., 832) = 832
1217  <... newfstatat resumed>0x7fff51d00cb0, 0) = -1 ENOENT (No such file or directory)
1215  close(4 <unfinished ...>
1214  <... mmap resumed>)               = 0x7f37667ba000
1210  fcntl(4, F_SETFD, 0 <unfinished ...>
1218  pread64(4,  <unfinished ...>
1217  newfstatat(AT_FDCWD, "/usr/local/bin/md5sum",  <unfinished ...>
1215  <... close resumed>)              = 0
1214  access("/etc/ld.so.preload", R_OK <unfinished ...>
1211  rt_sigprocmask(SIG_SETMASK, [],  <unfinished ...>
1218  <... pread64 resumed>"\6\0\0\0\4\0\0\0@\0\0\0\0\0\0\0@\0\0\0\0\0\0\0@\0\0\0\0\0\0\0"..., 784, 64) = 784
1217  <... newfstatat resumed>0x7fff51d00cb0, 0) = -1 ENOENT (No such file or directory)
1215  openat(AT_FDCWD, "/lib/x86_64-linux-gnu/libc.so.6", O_RDONLY|O_CLOEXEC <unfinished ...>
1214  <... access resumed>)             = -1 ENOENT (No such file or directory)
1210  <... fcntl resumed>)              = 0
1218  newfstatat(4, "",  <unfinished ...>
1217  newfstatat(AT_FDCWD, "/usr/sbin/md5sum",  <unfinished ...>
1215  <... openat resumed>)             = 4
1214  openat(AT_FDCWD, "/etc/ld.so.cache", O_RDONLY|O_CLOEXEC <unfinished ...>
1211  <... rt_sigprocmask resumed>NULL, 8) = 0
1218  <... newfstatat resumed>{st_mode=S_IFREG|0755, st_size=1922136, ...}, AT_EMPTY_PATH) = 0
1217  <... newfstatat resumed>0x7fff51d00cb0, 0) = -1 ENOENT (No such file or directory)
1215  read(4,  <unfinished ...>
1214  <... openat resumed>)             = 4
1210  newfstatat(4, "",  <unfinished ...>
1218  pread64(4,  <unfinished ...>
1217  newfstatat(AT_FDCWD, "/usr/bin/md5sum",  <unfinished ...>
1215  <... read resumed>"\177ELF\2\1\1\3\0\0\0\0\0\0\0\0\3\0>\0\1\0\0\0\20t\2\0\0\0\0\0"..., 832) = 832
1214  newfstatat(4, "",  <unfinished ...>
1211  close(9 <unfinished ...>
1218  <... pread64 resumed>"\6\0\0\0\4\0\0\0@\0\0\0\0\0\0\0@\0\0\0\0\0\0\0@\0\0\0\0\0\0\0"..., 784, 64) = 784
1217  <... newfstatat resumed>{st_mode=S_IFREG|0755, st_size=52176, ...}, 0) = 0
1215  pread64(4,  <unfinished ...>
1214  <... newfstatat resumed>{st_mode=S_IFREG|0644, st_size=35914, ...}, AT_EMPTY_PATH) = 0
1210  <... newfstatat resumed>{st_mode=S_IFIFO|0600, st_size=0, ...}, AT_EMPTY_PATH) = 0
1218  mmap(NULL, 1970000, PROT_READ, MAP_PRIVATE|MAP_DENYWRITE, 4, 0 <unfinished ...>
1217  rt_sigprocmask(SIG_SETMASK, ~[RTMIN RT_1],  <unfinished ...>
1215  <... pread64 resumed>"\6\0\0\0\4\0\0\0@\0\0\0\0\0\0\0@\0\0\0\0\0\0\0@\0\0\0\0\0\0\0"..., 784, 64) = 784
1214  mmap(NULL, 35914, PROT_READ, MAP_PRIVATE, 4, 0 <unfinished ...>
1211  <... close resumed>)              = 0
1218  <... mmap resumed>)               = 0x7f4fb4fd1000
1217  <... rt_sigprocmask resumed>NULL, 8) = 0
1215  newfstatat(4, "",  <unfinished ...>
1214  <... mmap resumed>)               = 0x7f37667b1000
1210  read(4,  <unfinished ...>
1218  mmap(0x7f4fb4ff7000, 1396736, PROT_READ|PROT_EXEC, MAP_PRIVATE|MAP_FIXED|MAP_DENYWRITE, 4, 0x26000 <unfinished ...>
1217  vfork( <unfinished ...>
