2470  <... rt_sigaction resumed>{sa_handler=SIG_DFL, sa_mask=[], sa_flags=0}, 8) = 0
2473  write(1, "fa440bbcbfdb23b84277ab289f321892"..., 48 <unfinished ...>
2472  <... exit_group resumed>)         = ?
2471  rt_sigaction(SIGIO, {sa_handler=SIG_DFL, sa_mask=[], sa_flags=SA_RESTORER, sa_restorer=0x7f84cd196050},  <unfinished ...>
2466  newfstatat(1, "",  <unfinished ...>
2473  <... write resumed>)              = 48
2472  +++ exited with 0 +++
2471  <... rt_sigaction resumed>NULL, 8) = 0
2470  rt_sigaction(SIGRT_8, {sa_handler=SIG_DFL, sa_mask=[], sa_flags=SA_RESTORER, sa_restorer=0x7f8117b0b050},  <unfinished ...>
2467  <... read resumed>"fa440bbcbfdb23b84277ab289f321892"..., 4096) = 48
2466  <... newfstatat resumed>{st_mode=S_IFIFO|0600, st_size=0, ...}, AT_EMPTY_PATH) = 0
2473  close(1 <unfinished ...>
2471  rt_sigaction(SIGPWR, NULL,  <unfinished ...>
2470  <... rt_sigaction resumed>NULL, 8) = 0
2468  <... wait4 resumed>[{WIFEXITED(s) && WEXITSTATUS(s) == 0}], 0, NULL) = 2472
2467  getpid( <unfinished ...>
2473  <... close resumed>)              = 0
2471  <... rt_sigaction resumed>{sa_handler=SIG_DFL, sa_mask=[], sa_flags=0}, 8) = 0
2470  rt_sigaction(SIGRT_9, NULL,  <unfinished ...>
2468  --- SIGCHLD {si_signo=SIGCHLD, si_code=CLD_EXITED, si_pid=2472, si_uid=0, si_status=0, si_utime=0, si_stime=0} ---
2466  write(1, "2466\tfiles/amCopy\t\t\t0b2e1f9dd236"..., 52 <unfinished ...>
2473  close(2 <unfinished ...>
2471  rt_sigaction(SIGPWR, {sa_handler=SIG_DFL, sa_mask=[], sa_flags=SA_RESTORER, sa_restorer=0x7f84cd196050},  <unfinished ...>
2470  <... rt_sigaction resumed>{sa_handler=SIG_DFL, sa_mask=[], sa_flags=0}, 8) = 0
2468  rt_sigreturn({mask=[]} <unfinished ...>
2467  <... getpid resumed>)             = 2467
2473  <... close resumed>)              = 0
2471  <... rt_sigaction resumed>NULL, 8) = 0
2470  rt_sigaction(SIGRT_9, {sa_handler=SIG_DFL, sa_mask=[], sa_flags=SA_RESTORER, sa_restorer=0x7f8117b0b050},  <unfinished ...>
2468  <... rt_sigreturn resumed>)       = 2472
2466  <... write resumed>)              = 52
2462  <... pselect6 resumed>)           = 1 (in [13])
2473  exit_group(0 <unfinished ...>
2471  rt_sigaction(SIGSYS, NULL,  <unfinished ...>
2470  <... rt_sigaction resumed>NULL, 8) = 0
2468  wait4(-1,  <unfinished ...>
2467  newfstatat(1, "",  <unfinished ...>
2466  close(4 <unfinished ...>
2473  <... exit_group resumed>)         = ?
2471  <... rt_sigaction resumed>{sa_handler=SIG_DFL, sa_mask=[], sa_flags=0}, 8) = 0
2470  rt_sigaction(SIGRT_10, NULL,  <unfinished ...>
2468  <... wait4 resumed>0x7fff849cecec, WNOHANG, NULL) = -1 ECHILD (No child processes)
2467  <... newfstatat resumed>{st_mode=S_IFIFO|0600, st_size=0, ...}, AT_EMPTY_PATH) = 0
2462  write(2, "Getting ready 2 read from 13\n", 29 <unfinished ...>
2473  +++ exited with 0 +++
2471  rt_sigaction(SIGSYS, {sa_handler=SIG_DFL, sa_mask=[], sa_flags=SA_RESTORER, sa_restorer=0x7f84cd196050},  <unfinished ...>
2470  <... rt_sigaction resumed>{sa_handler=SIG_DFL, sa_mask=[], sa_flags=0}, 8) = 0
2468  exit_group(0 <unfinished ...>
2467  write(1, "2467\tfiles/amCopy3\t\t\tfa440bbcbfd"..., 53 <unfinished ...>
2466  <... close resumed>)              = 0
2471  <... rt_sigaction resumed>NULL, 8) = 0
2470  rt_sigaction(SIGRT_10, {sa_handler=SIG_DFL, sa_mask=[], sa_flags=SA_RESTORER, sa_restorer=0x7f8117b0b050},  <unfinished ...>
2469  <... wait4 resumed>[{WIFEXITED(s) && WEXITSTATUS(s) == 0}], 0, NULL) = 2473
2468  <... exit_group resumed>)         = ?
2467  <... write resumed>)              = 53
2462  <... write resumed>)              = 29
2471  rt_sigaction(SIGRTMIN, {sa_handler=SIG_IGN, sa_mask=[], sa_flags=SA_RESTORER, sa_restorer=0x7f84cd196050},  <unfinished ...>
2470  <... rt_sigaction resumed>NULL, 8) = 0
2469  --- SIGCHLD {si_signo=SIGCHLD, si_code=CLD_EXITED, si_pid=2473, si_uid=0, si_status=0, si_utime=0, si_stime=0} ---
2468  +++ exited with 0 +++
2467  close(4 <unfinished ...>
2466  wait4(2468,  <unfinished ...>
2471  <... rt_sigaction resumed>NULL, 8) = 0
2470  rt_sigaction(SIGRT_11, NULL,  <unfinished ...>
2469  rt_sigreturn({mask=[]} <unfinished ...>
2467  <... close resumed>)              = 0
2462  read(13,  <unfinished ...>
2471  rt_sigaction(SIGRT_1, {sa_handler=SIG_IGN, sa_mask=[], sa_flags=SA_RESTORER, sa_restorer=0x7f84cd196050},  <unfinished ...>
2470  <... rt_sigaction resumed>{sa_handler=SIG_DFL, sa_mask=[], sa_flags=0}, 8) = 0
2469  <... rt_sigreturn resumed>)       = 2473
2467  wait4(2469,  <unfinished ...>
2466  <... wait4 resumed>[{WIFEXITED(s) && WEXITSTATUS(s) == 0}], 0, NULL) = 2468
2471  <... rt_sigaction resumed>NULL, 8) = 0
2470  rt_sigaction(SIGRT_11, {sa_handler=SIG_DFL, sa_mask=[], sa_flags=SA_RESTORER, sa_restorer=0x7f8117b0b050},  <unfinished ...>
2469  wait4(-1,  <unfinished ...>
2462  <... read resumed>"2466\tfiles/amCopy\t\t\t0b2e1f9dd236"..., 1024) = 52
2471  rt_sigaction(SIGRT_2, NULL,  <unfinished ...>
2470  <... rt_sigaction resumed>NULL, 8) = 0
2469  <... wait4 resumed>0x7ffe9a5eeefc, WNOHANG, NULL) = -1 ECHILD (No child processes)
2466  --- SIGCHLD {si_signo=SIGCHLD, si_code=CLD_EXITED, si_pid=2468, si_uid=0, si_status=0, si_utime=0, si_stime=1 /* 0.01 s */} ---
2471  <... rt_sigaction resumed>{sa_handler=SIG_DFL, sa_mask=[], sa_flags=0}, 8) = 0
2470  rt_sigaction(SIGRT_12, NULL,  <unfinished ...>
2469  exit_group(0 <unfinished ...>
2462  futex(0x7f5debb79000, FUTEX_WAIT_BITSET|FUTEX_CLOCK_REALTIME, 0, NULL, FUTEX_BITSET_MATCH_ANY <unfinished ...>
2471  rt_sigaction(SIGRT_2, {sa_handler=SIG_DFL, sa_mask=[], sa_flags=SA_RESTORER, sa_restorer=0x7f84cd196050},  <unfinished ...>
2470  <... rt_sigaction resumed>{sa_handler=SIG_DFL, sa_mask=[], sa_flags=0}, 8) = 0
2469  <... exit_group resumed>)         = ?
2466  read(0,  <unfinished ...>
2471  <... rt_sigaction resumed>NULL, 8) = 0
2470  rt_sigaction(SIGRT_12, {sa_handler=SIG_DFL, sa_mask=[], sa_flags=SA_RESTORER, sa_restorer=0x7f8117b0b050},  <unfinished ...>
2469  +++ exited with 0 +++
2471  rt_sigaction(SIGRT_3, NULL,  <unfinished ...>
2470  <... rt_sigaction resumed>NULL, 8) = 0
2467  <... wait4 resumed>[{WIFEXITED(s) && WEXITSTATUS(s) == 0}], 0, NULL) = 2469
2471  <... rt_sigaction resumed>{sa_handler=SIG_DFL, sa_mask=[], sa_flags=0}, 8) = 0
2470  rt_sigaction(SIGRT_13, NULL,  <unfinished ...>
2471  rt_sigaction(SIGRT_3, {sa_handler=SIG_DFL, sa_mask=[], sa_flags=SA_RESTORER, sa_restorer=0x7f84cd196050},  <unfinished ...>
2467  --- SIGCHLD {si_signo=SIGCHLD, si_code=CLD_EXITED, si_pid=2469, si_uid=0, si_status=0, si_utime=0, si_stime=0} ---
2471  <... rt_sigaction resumed>NULL, 8) = 0
2470  <... rt_sigaction resumed>{sa_handler=SIG_DFL, sa_mask=[], sa_flags=0}, 8) = 0
2471  rt_sigaction(SIGRT_4, NULL,  <unfinished ...>
2467  read(0,  <unfinished ...>
2471  <... rt_sigaction resumed>{sa_handler=SIG_DFL, sa_mask=[], sa_flags=0}, 8) = 0
2470  rt_sigaction(SIGRT_13, {sa_handler=SIG_DFL, sa_mask=[], sa_flags=SA_RESTORER, sa_restorer=0x7f8117b0b050},  <unfinished ...>
2471  rt_sigaction(SIGRT_4, {sa_handler=SIG_DFL, sa_mask=[], sa_flags=SA_RESTORER, sa_restorer=0x7f84cd196050},  <unfinished ...>
2470  <... rt_sigaction resumed>NULL, 8) = 0
2471  <... rt_sigaction resumed>NULL, 8) = 0
2470  rt_sigaction(SIGRT_14, NULL,  <unfinished ...>
2471  rt_sigaction(SIGRT_5, NULL,  <unfinished ...>
2470  <... rt_sigaction resumed>{sa_handler=SIG_DFL, sa_mask=[], sa_flags=0}, 8) = 0
2471  <... rt_sigaction resumed>{sa_handler=SIG_DFL, sa_mask=[], sa_flags=0}, 8) = 0
2470  rt_sigaction(SIGRT_14, {sa_handler=SIG_DFL, sa_mask=[], sa_flags=SA_RESTORER, sa_restorer=0x7f8117b0b050},  <unfinished ...>
2471  rt_sigaction(SIGRT_5, {sa_handler=SIG_DFL, sa_mask=[], sa_flags=SA_RESTORER, sa_restorer=0x7f84cd196050},  <unfinished ...>
2470  <... rt_sigaction resumed>NULL, 8) = 0
2471  <... rt_sigaction resumed>NULL, 8) = 0
2470  rt_sigaction(SIGRT_15, NULL,  <unfinished ...>
2471  rt_sigaction(SIGRT_6, NULL,  <unfinished ...>
2470  <... rt_sigaction resumed>{sa_handler=SIG_DFL, sa_mask=[], sa_flags=0}, 8) = 0
2471  <... rt_sigaction resumed>{sa_handler=SIG_DFL, sa_mask=[], sa_flags=0}, 8) = 0
2470  rt_sigaction(SIGRT_15, {sa_handler=SIG_DFL, sa_mask=[], sa_flags=SA_RESTORER, sa_restorer=0x7f8117b0b050},  <unfinished ...>
2471  rt_sigaction(SIGRT_6, {sa_handler=SIG_DFL, sa_mask=[], sa_flags=SA_RESTORER, sa_restorer=0x7f84cd196050},  <unfinished ...>
2470  <... rt_sigaction resumed>NULL, 8) = 0
2471  <... rt_sigaction resumed>NULL, 8) = 0
2470  rt_sigaction(SIGRT_16, NULL,  <unfinished ...>
2471  rt_sigaction(SIGRT_7, NULL,  <unfinished ...>
2470  <... rt_sigaction resumed>{sa_handler=SIG_DFL, sa_mask=[], sa_flags=0}, 8) = 0
2471  <... rt_sigaction resumed>{sa_handler=SIG_DFL, sa_mask=[], sa_flags=0}, 8) = 0
2470  rt_sigaction(SIGRT_16, {sa_handler=SIG_DFL, sa_mask=[], sa_flags=SA_RESTORER, sa_restorer=0x7f8117b0b050},  <unfinished ...>
2471  rt_sigaction(SIGRT_7, {sa_handler=SIG_DFL, sa_mask=[], sa_flags=SA_RESTORER, sa_restorer=0x7f84cd196050},  <unfinished ...>
2470  <... rt_sigaction resumed>NULL, 8) = 0
2471  <... rt_sigaction resumed>NULL, 8) = 0
2470  rt_sigaction(SIGRT_17, NULL,  <unfinished ...>
2471  rt_sigaction(SIGRT_8, NULL,  <unfinished ...>
2470  <... rt_sigaction resumed>{sa_handler=SIG_DFL, sa_mask=[], sa_flags=0}, 8) = 0
2471  <... rt_sigaction resumed>{sa_handler=SIG_DFL, sa_mask=[], sa_flags=0}, 8) = 0
2470  rt_sigaction(SIGRT_17, {sa_handler=SIG_DFL, sa_mask=[], sa_flags=SA_RESTORER, sa_restorer=0x7f8117b0b050},  <unfinished ...>
2471  rt_sigaction(SIGRT_8, {sa_handler=SIG_DFL, sa_mask=[], sa_flags=SA_RESTORER, sa_restorer=0x7f84cd196050},  <unfinished ...>
2470  <... rt_sigaction resumed>NULL, 8) = 0
2471  <... rt_sigaction resumed>NULL, 8) = 0
2470  rt_sigaction(SIGRT_18, NULL,  <unfinished ...>
2471  rt_sigaction(SIGRT_9, NULL,  <unfinished ...>
2470  <... rt_sigaction resumed>{sa_handler=SIG_DFL, sa_mask=[], sa_flags=0}, 8) = 0
2471  <... rt_sigaction resumed>{sa_handler=SIG_DFL, sa_mask=[], sa_flags=0}, 8) = 0
2470  rt_sigaction(SIGRT_18, {sa_handler=SIG_DFL, sa_mask=[], sa_flags=SA_RESTORER, sa_restorer=0x7f8117b0b050},  <unfinished ...>
2471  rt_sigaction(SIGRT_9, {sa_handler=SIG_DFL, sa_mask=[], sa_flags=SA_RESTORER, sa_restorer=0x7f84cd196050},  <unfinished ...>
2470  <... rt_sigaction resumed>NULL, 8) = 0
2471  <... rt_sigaction resumed>NULL, 8) = 0
2470  rt_sigaction(SIGRT_19, NULL,  <unfinished ...>
2471  rt_sigaction(SIGRT_10, NULL,  <unfinished ...>
2470  <... rt_sigaction resumed>{sa_handler=SIG_DFL, sa_mask=[], sa_flags=0}, 8) = 0
2471  <... rt_sigaction resumed>{sa_handler=SIG_DFL, sa_mask=[], sa_flags=0}, 8) = 0
2470  rt_sigaction(SIGRT_19, {sa_handler=SIG_DFL, sa_mask=[], sa_flags=SA_RESTORER, sa_restorer=0x7f8117b0b050},  <unfinished ...>
2471  rt_sigaction(SIGRT_10, {sa_handler=SIG_DFL, sa_mask=[], sa_flags=SA_RESTORER, sa_restorer=0x7f84cd196050},  <unfinished ...>
2470  <... rt_sigaction resumed>NULL, 8) = 0
2471  <... rt_sigaction resumed>NULL, 8) = 0
2470  rt_sigaction(SIGRT_20, NULL,  <unfinished ...>
2471  rt_sigaction(SIGRT_11, NULL,  <unfinished ...>
2470  <... rt_sigaction resumed>{sa_handler=SIG_DFL, sa_mask=[], sa_flags=0}, 8) = 0
2471  <... rt_sigaction resumed>{sa_handler=SIG_DFL, sa_mask=[], sa_flags=0}, 8) = 0
2470  rt_sigaction(SIGRT_20, {sa_handler=SIG_DFL, sa_mask=[], sa_flags=SA_RESTORER, sa_restorer=0x7f8117b0b050},  <unfinished ...>
2471  rt_sigaction(SIGRT_11, {sa_handler=SIG_DFL, sa_mask=[], sa_flags=SA_RESTORER, sa_restorer=0x7f84cd196050},  <unfinished ...>
2470  <... rt_sigaction resumed>NULL, 8) = 0
2471  <... rt_sigaction resumed>NULL, 8) = 0
2470  rt_sigaction(SIGRT_21, NULL,  <unfinished ...>
2471  rt_sigaction(SIGRT_12, NULL,  <unfinished ...>
2470  <... rt_sigaction resumed>{sa_handler=SIG_DFL, sa_mask=[], sa_flags=0}, 8) = 0
2471  <... rt_sigaction resumed>{sa_handler=SIG_DFL, sa_mask=[], sa_flags=0}, 8) = 0
2470  rt_sigaction(SIGRT_21, {sa_handler=SIG_DFL, sa_mask=[], sa_flags=SA_RESTORER, sa_restorer=0x7f8117b0b050},  <unfinished ...>
2471  rt_sigaction(SIGRT_12, {sa_handler=SIG_DFL, sa_mask=[], sa_flags=SA_RESTORER, sa_restorer=0x7f84cd196050},  <unfinished ...>
2470  <... rt_sigaction resumed>NULL, 8) = 0
2471  <... rt_sigaction resumed>NULL, 8) = 0
2470  rt_sigaction(SIGRT_22, NULL,  <unfinished ...>
2471  rt_sigaction(SIGRT_13, NULL,  <unfinished ...>
2470  <... rt_sigaction resumed>{sa_handler=SIG_DFL, sa_mask=[], sa_flags=0}, 8) = 0
2471  <... rt_sigaction resumed>{sa_handler=SIG_DFL, sa_mask=[], sa_flags=0}, 8) = 0
2470  rt_sigaction(SIGRT_22, {sa_handler=SIG_DFL, sa_mask=[], sa_flags=SA_RESTORER, sa_restorer=0x7f8117b0b050},  <unfinished ...>
2471  rt_sigaction(SIGRT_13, {sa_handler=SIG_DFL, sa_mask=[], sa_flags=SA_RESTORER, sa_restorer=0x7f84cd196050},  <unfinished ...>
2470  <... rt_sigaction resumed>NULL, 8) = 0
2471  <... rt_sigaction resumed>NULL, 8) = 0
2470  rt_sigaction(SIGRT_23, NULL,  <unfinished ...>
2471  rt_sigaction(SIGRT_14, NULL,  <unfinished ...>
2470  <... rt_sigaction resumed>{sa_handler=SIG_DFL, sa_mask=[], sa_flags=0}, 8) = 0
2471  <... rt_sigaction resumed>{sa_handler=SIG_DFL, sa_mask=[], sa_flags=0}, 8) = 0
2470  rt_sigaction(SIGRT_23, {sa_handler=SIG_DFL, sa_mask=[], sa_flags=SA_RESTORER, sa_restorer=0x7f8117b0b050},  <unfinished ...>
2471  rt_sigaction(SIGRT_14, {sa_handler=SIG_DFL, sa_mask=[], sa_flags=SA_RESTORER, sa_restorer=0x7f84cd196050},  <unfinished ...>
2470  <... rt_sigaction resumed>NULL, 8) = 0
2471  <... rt_sigaction resumed>NULL, 8) = 0
2470  rt_sigaction(SIGRT_24, NULL,  <unfinished ...>
2471  rt_sigaction(SIGRT_15, NULL,  <unfinished ...>
2470  <... rt_sigaction resumed>{sa_handler=SIG_DFL, sa_mask=[], sa_flags=0}, 8) = 0
2471  <... rt_sigaction resumed>{sa_handler=SIG_DFL, sa_mask=[], sa_flags=0}, 8) = 0
2470  rt_sigaction(SIGRT_24, {sa_handler=SIG_DFL, sa_mask=[], sa_flags=SA_RESTORER, sa_restorer=0x7f8117b0b050},  <unfinished ...>
2471  rt_sigaction(SIGRT_15, {sa_handler=SIG_DFL, sa_mask=[], sa_flags=SA_RESTORER, sa_restorer=0x7f84cd196050},  <unfinished ...>
2470  <... rt_sigaction resumed>NULL, 8) = 0
2471  <... rt_sigaction resumed>NULL, 8) = 0
2470  rt_sigaction(SIGRT_25, NULL,  <unfinished ...>
2471  rt_sigaction(SIGRT_16, NULL,  <unfinished ...>
2470  <... rt_sigaction resumed>{sa_handler=SIG_DFL, sa_mask=[], sa_flags=0}, 8) = 0
2471  <... rt_sigaction resumed>{sa_handler=SIG_DFL, sa_mask=[], sa_flags=0}, 8) = 0
2470  rt_sigaction(SIGRT_25, {sa_handler=SIG_DFL, sa_mask=[], sa_flags=SA_RESTORER, sa_restorer=0x7f8117b0b050},  <unfinished ...>
2471  rt_sigaction(SIGRT_16, {sa_handler=SIG_DFL, sa_mask=[], sa_flags=SA_RESTORER, sa_restorer=0x7f84cd196050},  <unfinished ...>
2470  <... rt_sigaction resumed>NULL, 8) = 0
2471  <... rt_sigaction resumed>NULL, 8) = 0
2470  rt_sigaction(SIGRT_26, NULL,  <unfinished ...>
2471  rt_sigaction(SIGRT_17, NULL,  <unfinished ...>
2470  <... rt_sigaction resumed>{sa_handler=SIG_DFL, sa_mask=[], sa_flags=0}, 8) = 0
2471  <... rt_sigaction resumed>{sa_handler=SIG_DFL, sa_mask=[], sa_flags=0}, 8) = 0
2470  rt_sigaction(SIGRT_26, {sa_handler=SIG_DFL, sa_mask=[], sa_flags=SA_RESTORER, sa_restorer=0x7f8117b0b050},  <unfinished ...>
2471  rt_sigaction(SIGRT_17, {sa_handler=SIG_DFL, sa_mask=[], sa_flags=SA_RESTORER, sa_restorer=0x7f84cd196050},  <unfinished ...>
2470  <... rt_sigaction resumed>NULL, 8) = 0
2471  <... rt_sigaction resumed>NULL, 8) = 0
2470  rt_sigaction(SIGRT_27, NULL,  <unfinished ...>
2471  rt_sigaction(SIGRT_18, NULL,  <unfinished ...>
2470  <... rt_sigaction resumed>{sa_handler=SIG_DFL, sa_mask=[], sa_flags=0}, 8) = 0
2471  <... rt_sigaction resumed>{sa_handler=SIG_DFL, sa_mask=[], sa_flags=0}, 8) = 0
2470  rt_sigaction(SIGRT_27, {sa_handler=SIG_DFL, sa_mask=[], sa_flags=SA_RESTORER, sa_restorer=0x7f8117b0b050},  <unfinished ...>
2471  rt_sigaction(SIGRT_18, {sa_handler=SIG_DFL, sa_mask=[], sa_flags=SA_RESTORER, sa_restorer=0x7f84cd196050},  <unfinished ...>
2470  <... rt_sigaction resumed>NULL, 8) = 0
2471  <... rt_sigaction resumed>NULL, 8) = 0
2470  rt_sigaction(SIGRT_28, NULL,  <unfinished ...>
2471  rt_sigaction(SIGRT_19, NULL,  <unfinished ...>
2470  <... rt_sigaction resumed>{sa_handler=SIG_DFL, sa_mask=[], sa_flags=0}, 8) = 0
2471  <... rt_sigaction resumed>{sa_handler=SIG_DFL, sa_mask=[], sa_flags=0}, 8) = 0
2470  rt_sigaction(SIGRT_28, {sa_handler=SIG_DFL, sa_mask=[], sa_flags=SA_RESTORER, sa_restorer=0x7f8117b0b050},  <unfinished ...>
2471  rt_sigaction(SIGRT_19, {sa_handler=SIG_DFL, sa_mask=[], sa_flags=SA_RESTORER, sa_restorer=0x7f84cd196050},  <unfinished ...>
2470  <... rt_sigaction resumed>NULL, 8) = 0
2471  <... rt_sigaction resumed>NULL, 8) = 0
2470  rt_sigaction(SIGRT_29, NULL,  <unfinished ...>
2471  rt_sigaction(SIGRT_20, NULL,  <unfinished ...>
2470  <... rt_sigaction resumed>{sa_handler=SIG_DFL, sa_mask=[], sa_flags=0}, 8) = 0
2471  <... rt_sigaction resumed>{sa_handler=SIG_DFL, sa_mask=[], sa_flags=0}, 8) = 0
2470  rt_sigaction(SIGRT_29, {sa_handler=SIG_DFL, sa_mask=[], sa_flags=SA_RESTORER, sa_restorer=0x7f8117b0b050},  <unfinished ...>
2471  rt_sigaction(SIGRT_20, {sa_handler=SIG_DFL, sa_mask=[], sa_flags=SA_RESTORER, sa_restorer=0x7f84cd196050},  <unfinished ...>
2470  <... rt_sigaction resumed>NULL, 8) = 0
2471  <... rt_sigaction resumed>NULL, 8) = 0
2471  rt_sigaction(SIGRT_21, NULL,  <unfinished ...>
2470  rt_sigaction(SIGRT_30, NULL,  <unfinished ...>
2471  <... rt_sigaction resumed>{sa_handler=SIG_DFL, sa_mask=[], sa_flags=0}, 8) = 0
2470  <... rt_sigaction resumed>{sa_handler=SIG_DFL, sa_mask=[], sa_flags=0}, 8) = 0
2471  rt_sigaction(SIGRT_21, {sa_handler=SIG_DFL, sa_mask=[], sa_flags=SA_RESTORER, sa_restorer=0x7f84cd196050},  <unfinished ...>
2470  rt_sigaction(SIGRT_30, {sa_handler=SIG_DFL, sa_mask=[], sa_flags=SA_RESTORER, sa_restorer=0x7f8117b0b050},  <unfinished ...>
2471  <... rt_sigaction resumed>NULL, 8) = 0
2470  <... rt_sigaction resumed>NULL, 8) = 0
2471  rt_sigaction(SIGRT_22, NULL,  <unfinished ...>
2470  rt_sigaction(SIGRT_31, NULL,  <unfinished ...>
2471  <... rt_sigaction resumed>{sa_handler=SIG_DFL, sa_mask=[], sa_flags=0}, 8) = 0
2470  <... rt_sigaction resumed>{sa_handler=SIG_DFL, sa_mask=[], sa_flags=0}, 8) = 0
2471  rt_sigaction(SIGRT_22, {sa_handler=SIG_DFL, sa_mask=[], sa_flags=SA_RESTORER, sa_restorer=0x7f84cd196050},  <unfinished ...>
2470  rt_sigaction(SIGRT_31, {sa_handler=SIG_DFL, sa_mask=[], sa_flags=SA_RESTORER, sa_restorer=0x7f8117b0b050},  <unfinished ...>
2471  <... rt_sigaction resumed>NULL, 8) = 0
2470  <... rt_sigaction resumed>NULL, 8) = 0
2471  rt_sigaction(SIGRT_23, NULL,  <unfinished ...>
2470  rt_sigaction(SIGRT_32, NULL,  <unfinished ...>
2471  <... rt_sigaction resumed>{sa_handler=SIG_DFL, sa_mask=[], sa_flags=0}, 8) = 0
2470  <... rt_sigaction resumed>{sa_handler=SIG_DFL, sa_mask=[], sa_flags=0}, 8) = 0
2471  rt_sigaction(SIGRT_23, {sa_handler=SIG_DFL, sa_mask=[], sa_flags=SA_RESTORER, sa_restorer=0x7f84cd196050},  <unfinished ...>
2470  rt_sigaction(SIGRT_32, {sa_handler=SIG_DFL, sa_mask=[], sa_flags=SA_RESTORER, sa_restorer=0x7f8117b0b050},  <unfinished ...>
2471  <... rt_sigaction resumed>NULL, 8) = 0
2470  <... rt_sigaction resumed>NULL, 8) = 0
2471  rt_sigaction(SIGRT_24, NULL,  <unfinished ...>
2470  dup2(9, 1 <unfinished ...>
2471  <... rt_sigaction resumed>{sa_handler=SIG_DFL, sa_mask=[], sa_flags=0}, 8) = 0
2470  <... dup2 resumed>)               = 1
2471  rt_sigaction(SIGRT_24, {sa_handler=SIG_DFL, sa_mask=[], sa_flags=SA_RESTORER, sa_restorer=0x7f84cd196050},  <unfinished ...>
2470  rt_sigprocmask(SIG_SETMASK, [],  <unfinished ...>
2471  <... rt_sigaction resumed>NULL, 8) = 0
2470  <... rt_sigprocmask resumed>NULL, 8) = 0
2471  rt_sigaction(SIGRT_25, NULL,  <unfinished ...>
2470  execve("/bin/sh", ["sh", "-c", "md5sum \"files/am\" "], 0x7fffe53e1b58 /* 8 vars */ <unfinished ...>
2471  <... rt_sigaction resumed>{sa_handler=SIG_DFL, sa_mask=[], sa_flags=0}, 8) = 0
2465  <... clone3 resumed>)             = 2470
2471  rt_sigaction(SIGRT_25, {sa_handler=SIG_DFL, sa_mask=[], sa_flags=SA_RESTORER, sa_restorer=0x7f84cd196050},  <unfinished ...>
2470  <... execve resumed>)             = 0
2471  <... rt_sigaction resumed>NULL, 8) = 0
2465  munmap(0x7f8117067000, 36864 <unfinished ...>
2471  rt_sigaction(SIGRT_26, NULL,  <unfinished ...>
2470  brk(NULL <unfinished ...>
2471  <... rt_sigaction resumed>{sa_handler=SIG_DFL, sa_mask=[], sa_flags=0}, 8) = 0
2465  <... munmap resumed>)             = 0
2471  rt_sigaction(SIGRT_26, {sa_handler=SIG_DFL, sa_mask=[], sa_flags=SA_RESTORER, sa_restorer=0x7f84cd196050},  <unfinished ...>
2470  <... brk resumed>)                = 0x5615d96de000
2471  <... rt_sigaction resumed>NULL, 8) = 0
2465  rt_sigprocmask(SIG_SETMASK, [],  <unfinished ...>
2471  rt_sigaction(SIGRT_27, NULL,  <unfinished ...>
2470  mmap(NULL, 8192, PROT_READ|PROT_WRITE, MAP_PRIVATE|MAP_ANONYMOUS, -1, 0 <unfinished ...>
2471  <... rt_sigaction resumed>{sa_handler=SIG_DFL, sa_mask=[], sa_flags=0}, 8) = 0
2465  <... rt_sigprocmask resumed>NULL, 8) = 0
2471  rt_sigaction(SIGRT_27, {sa_handler=SIG_DFL, sa_mask=[], sa_flags=SA_RESTORER, sa_restorer=0x7f84cd196050},  <unfinished ...>
2470  <... mmap resumed>)               = 0x7f18136e2000
2471  <... rt_sigaction resumed>NULL, 8) = 0
2465  close(9 <unfinished ...>
2471  rt_sigaction(SIGRT_28, NULL,  <unfinished ...>
2470  access("/etc/ld.so.preload", R_OK <unfinished ...>
2471  <... rt_sigaction resumed>{sa_handler=SIG_DFL, sa_mask=[], sa_flags=0}, 8) = 0
2465  <... close resumed>)              = 0
2471  rt_sigaction(SIGRT_28, {sa_handler=SIG_DFL, sa_mask=[], sa_flags=SA_RESTORER, sa_restorer=0x7f84cd196050},  <unfinished ...>
2470  <... access resumed>)             = -1 ENOENT (No such file or directory)
2471  <... rt_sigaction resumed>NULL, 8) = 0
2465  fcntl(4, F_SETFD, 0 <unfinished ...>
2471  rt_sigaction(SIGRT_29, NULL,  <unfinished ...>
2470  openat(AT_FDCWD, "/etc/ld.so.cache", O_RDONLY|O_CLOEXEC <unfinished ...>
2471  <... rt_sigaction resumed>{sa_handler=SIG_DFL, sa_mask=[], sa_flags=0}, 8) = 0
2465  <... fcntl resumed>)              = 0
2471  rt_sigaction(SIGRT_29, {sa_handler=SIG_DFL, sa_mask=[], sa_flags=SA_RESTORER, sa_restorer=0x7f84cd196050},  <unfinished ...>
2470  <... openat resumed>)             = 4
2471  <... rt_sigaction resumed>NULL, 8) = 0
2465  newfstatat(4, "",  <unfinished ...>
2471  rt_sigaction(SIGRT_30, NULL,  <unfinished ...>
2470  newfstatat(4, "",  <unfinished ...>
2471  <... rt_sigaction resumed>{sa_handler=SIG_DFL, sa_mask=[], sa_flags=0}, 8) = 0
2465  <... newfstatat resumed>{st_mode=S_IFIFO|0600, st_size=0, ...}, AT_EMPTY_PATH) = 0
2471  rt_sigaction(SIGRT_30, {sa_handler=SIG_DFL, sa_mask=[], sa_flags=SA_RESTORER, sa_restorer=0x7f84cd196050},  <unfinished ...>
2470  <... newfstatat resumed>{st_mode=S_IFREG|0644, st_size=35914, ...}, AT_EMPTY_PATH) = 0
2471  <... rt_sigaction resumed>NULL, 8) = 0
2465  mmap(0x621000000000, 65536, PROT_READ|PROT_WRITE, MAP_PRIVATE|MAP_FIXED|MAP_ANONYMOUS, -1, 0 <unfinished ...>
2471  rt_sigaction(SIGRT_31, NULL,  <unfinished ...>
2470  mmap(NULL, 35914, PROT_READ, MAP_PRIVATE, 4, 0 <unfinished ...>
2471  <... rt_sigaction resumed>{sa_handler=SIG_DFL, sa_mask=[], sa_flags=0}, 8) = 0
2465  <... mmap resumed>)               = 0x621000000000
2471  rt_sigaction(SIGRT_31, {sa_handler=SIG_DFL, sa_mask=[], sa_flags=SA_RESTORER, sa_restorer=0x7f84cd196050},  <unfinished ...>
2470  <... mmap resumed>)               = 0x7f18136d9000
2471  <... rt_sigaction resumed>NULL, 8) = 0
2465  mmap(0x621e00000000, 65536, PROT_READ|PROT_WRITE, MAP_PRIVATE|MAP_FIXED|MAP_ANONYMOUS, -1, 0 <unfinished ...>
2471  rt_sigaction(SIGRT_32, NULL,  <unfinished ...>
2470  close(4 <unfinished ...>
2471  <... rt_sigaction resumed>{sa_handler=SIG_DFL, sa_mask=[], sa_flags=0}, 8) = 0
2465  <... mmap resumed>)               = 0x621e00000000
2471  rt_sigaction(SIGRT_32, {sa_handler=SIG_DFL, sa_mask=[], sa_flags=SA_RESTORER, sa_restorer=0x7f84cd196050},  <unfinished ...>
2470  <... close resumed>)              = 0
2471  <... rt_sigaction resumed>NULL, 8) = 0
2465  read(4,  <unfinished ...>
2471  dup2(6, 1 <unfinished ...>
2470  openat(AT_FDCWD, "/lib/x86_64-linux-gnu/libc.so.6", O_RDONLY|O_CLOEXEC <unfinished ...>
2471  <... dup2 resumed>)               = 1
2470  <... openat resumed>)             = 4
2471  rt_sigprocmask(SIG_SETMASK, [],  <unfinished ...>
2470  read(4,  <unfinished ...>
2471  <... rt_sigprocmask resumed>NULL, 8) = 0
2470  <... read resumed>"\177ELF\2\1\1\3\0\0\0\0\0\0\0\0\3\0>\0\1\0\0\0\20t\2\0\0\0\0\0"..., 832) = 832
2471  execve("/bin/sh", ["sh", "-c", "md5sum \"files/hi\" "], 0x7ffdb2115488 /* 8 vars */ <unfinished ...>
2470  pread64(4,  <unfinished ...>
2464  <... clone3 resumed>)             = 2471
2471  <... execve resumed>)             = 0
2470  <... pread64 resumed>"\6\0\0\0\4\0\0\0@\0\0\0\0\0\0\0@\0\0\0\0\0\0\0@\0\0\0\0\0\0\0"..., 784, 64) = 784
2471  brk(NULL <unfinished ...>
2464  munmap(0x7f84cc6f6000, 36864 <unfinished ...>
2471  <... brk resumed>)                = 0x55c74ec08000
2470  newfstatat(4, "",  <unfinished ...>
2471  mmap(NULL, 8192, PROT_READ|PROT_WRITE, MAP_PRIVATE|MAP_ANONYMOUS, -1, 0 <unfinished ...>
2464  <... munmap resumed>)             = 0
2471  <... mmap resumed>)               = 0x7f2f6a5d7000
2470  <... newfstatat resumed>{st_mode=S_IFREG|0755, st_size=1922136, ...}, AT_EMPTY_PATH) = 0
2471  access("/etc/ld.so.preload", R_OK <unfinished ...>
2464  rt_sigprocmask(SIG_SETMASK, [],  <unfinished ...>
2471  <... access resumed>)             = -1 ENOENT (No such file or directory)
2470  pread64(4,  <unfinished ...>
2471  openat(AT_FDCWD, "/etc/ld.so.cache", O_RDONLY|O_CLOEXEC <unfinished ...>
2464  <... rt_sigprocmask resumed>NULL, 8) = 0
2471  <... openat resumed>)             = 4
2470  <... pread64 resumed>"\6\0\0\0\4\0\0\0@\0\0\0\0\0\0\0@\0\0\0\0\0\0\0@\0\0\0\0\0\0\0"..., 784, 64) = 784
2471  newfstatat(4, "",  <unfinished ...>
2464  close(6 <unfinished ...>
2471  <... newfstatat resumed>{st_mode=S_IFREG|0644, st_size=35914, ...}, AT_EMPTY_PATH) = 0
2470  mmap(NULL, 1970000, PROT_READ, MAP_PRIVATE|MAP_DENYWRITE, 4, 0 <unfinished ...>
2471  mmap(NULL, 35914, PROT_READ, MAP_PRIVATE, 4, 0 <unfinished ...>
2464  <... close resumed>)              = 0
2471  <... mmap resumed>)               = 0x7f2f6a5ce000
2470  <... mmap resumed>)               = 0x7f18134f8000
2471  close(4 <unfinished ...>
2464  fcntl(4, F_SETFD, 0 <unfinished ...>
2471  <... close resumed>)              = 0
2470  mmap(0x7f181351e000, 1396736, PROT_READ|PROT_EXEC, MAP_PRIVATE|MAP_FIXED|MAP_DENYWRITE, 4, 0x26000 <unfinished ...>
2471  openat(AT_FDCWD, "/lib/x86_64-linux-gnu/libc.so.6", O_RDONLY|O_CLOEXEC <unfinished ...>
2464  <... fcntl resumed>)              = 0
2471  <... openat resumed>)             = 4
2470  <... mmap resumed>)               = 0x7f181351e000
2471  read(4,  <unfinished ...>
2464  newfstatat(4, "",  <unfinished ...>
2471  <... read resumed>"\177ELF\2\1\1\3\0\0\0\0\0\0\0\0\3\0>\0\1\0\0\0\20t\2\0\0\0\0\0"..., 832) = 832
2470  mmap(0x7f1813673000, 339968, PROT_READ, MAP_PRIVATE|MAP_FIXED|MAP_DENYWRITE, 4, 0x17b000 <unfinished ...>
2471  pread64(4,  <unfinished ...>
2464  <... newfstatat resumed>{st_mode=S_IFIFO|0600, st_size=0, ...}, AT_EMPTY_PATH) = 0
2471  <... pread64 resumed>"\6\0\0\0\4\0\0\0@\0\0\0\0\0\0\0@\0\0\0\0\0\0\0@\0\0\0\0\0\0\0"..., 784, 64) = 784
2470  <... mmap resumed>)               = 0x7f1813673000
2471  newfstatat(4, "",  <unfinished ...>
2464  mmap(0x621000000000, 65536, PROT_READ|PROT_WRITE, MAP_PRIVATE|MAP_FIXED|MAP_ANONYMOUS, -1, 0 <unfinished ...>
2471  <... newfstatat resumed>{st_mode=S_IFREG|0755, st_size=1922136, ...}, AT_EMPTY_PATH) = 0
2470  mmap(0x7f18136c6000, 24576, PROT_READ|PROT_WRITE, MAP_PRIVATE|MAP_FIXED|MAP_DENYWRITE, 4, 0x1ce000 <unfinished ...>
2471  pread64(4,  <unfinished ...>
2464  <... mmap resumed>)               = 0x621000000000
2471  <... pread64 resumed>"\6\0\0\0\4\0\0\0@\0\0\0\0\0\0\0@\0\0\0\0\0\0\0@\0\0\0\0\0\0\0"..., 784, 64) = 784
2470  <... mmap resumed>)               = 0x7f18136c6000
2471  mmap(NULL, 1970000, PROT_READ, MAP_PRIVATE|MAP_DENYWRITE, 4, 0 <unfinished ...>
2464  mmap(0x621e00000000, 65536, PROT_READ|PROT_WRITE, MAP_PRIVATE|MAP_FIXED|MAP_ANONYMOUS, -1, 0 <unfinished ...>
2471  <... mmap resumed>)               = 0x7f2f6a3ed000
2470  mmap(0x7f18136cc000, 53072, PROT_READ|PROT_WRITE, MAP_PRIVATE|MAP_FIXED|MAP_ANONYMOUS, -1, 0 <unfinished ...>
2471  mmap(0x7f2f6a413000, 1396736, PROT_READ|PROT_EXEC, MAP_PRIVATE|MAP_FIXED|MAP_DENYWRITE, 4, 0x26000 <unfinished ...>
2464  <... mmap resumed>)               = 0x621e00000000
2471  <... mmap resumed>)               = 0x7f2f6a413000
2470  <... mmap resumed>)               = 0x7f18136cc000
2471  mmap(0x7f2f6a568000, 339968, PROT_READ, MAP_PRIVATE|MAP_FIXED|MAP_DENYWRITE, 4, 0x17b000 <unfinished ...>
2464  read(4,  <unfinished ...>
2471  <... mmap resumed>)               = 0x7f2f6a568000
2470  close(4 <unfinished ...>
2471  mmap(0x7f2f6a5bb000, 24576, PROT_READ|PROT_WRITE, MAP_PRIVATE|MAP_FIXED|MAP_DENYWRITE, 4, 0x1ce000 <unfinished ...>
2470  <... close resumed>)              = 0
2471  <... mmap resumed>)               = 0x7f2f6a5bb000
2470  mmap(NULL, 12288, PROT_READ|PROT_WRITE, MAP_PRIVATE|MAP_ANONYMOUS, -1, 0 <unfinished ...>
2471  mmap(0x7f2f6a5c1000, 53072, PROT_READ|PROT_WRITE, MAP_PRIVATE|MAP_FIXED|MAP_ANONYMOUS, -1, 0 <unfinished ...>
2470  <... mmap resumed>)               = 0x7f18134f5000
2471  <... mmap resumed>)               = 0x7f2f6a5c1000
2470  arch_prctl(ARCH_SET_FS, 0x7f18134f5740 <unfinished ...>
2471  close(4 <unfinished ...>
2470  <... arch_prctl resumed>)         = 0
2471  <... close resumed>)              = 0
2470  set_tid_address(0x7f18134f5a10 <unfinished ...>
2471  mmap(NULL, 12288, PROT_READ|PROT_WRITE, MAP_PRIVATE|MAP_ANONYMOUS, -1, 0 <unfinished ...>
2470  <... set_tid_address resumed>)    = 2470
2471  <... mmap resumed>)               = 0x7f2f6a3ea000
2470  set_robust_list(0x7f18134f5a20, 24 <unfinished ...>
2471  arch_prctl(ARCH_SET_FS, 0x7f2f6a3ea740 <unfinished ...>
2470  <... set_robust_list resumed>)    = 0
2471  <... arch_prctl resumed>)         = 0
2470  rseq(0x7f18134f6060, 0x20, 0, 0x53053053 <unfinished ...>
2471  set_tid_address(0x7f2f6a3eaa10 <unfinished ...>
2470  <... rseq resumed>)               = 0
2471  <... set_tid_address resumed>)    = 2471
2470  mprotect(0x7f18136c6000, 16384, PROT_READ <unfinished ...>
2471  set_robust_list(0x7f2f6a3eaa20, 24 <unfinished ...>
2470  <... mprotect resumed>)           = 0
2471  <... set_robust_list resumed>)    = 0
2470  mprotect(0x5615d902f000, 8192, PROT_READ <unfinished ...>
2471  rseq(0x7f2f6a3eb060, 0x20, 0, 0x53053053 <unfinished ...>
2470  <... mprotect resumed>)           = 0
2471  <... rseq resumed>)               = 0
2470  mprotect(0x7f1813714000, 8192, PROT_READ <unfinished ...>
2471  mprotect(0x7f2f6a5bb000, 16384, PROT_READ <unfinished ...>
2470  <... mprotect resumed>)           = 0
2471  <... mprotect resumed>)           = 0
2470  prlimit64(0, RLIMIT_STACK, NULL,  <unfinished ...>
2471  mprotect(0x55c74e6e2000, 8192, PROT_READ <unfinished ...>
2470  <... prlimit64 resumed>{rlim_cur=8192*1024, rlim_max=RLIM64_INFINITY}) = 0
2471  <... mprotect resumed>)           = 0
2470  munmap(0x7f18136d9000, 35914 <unfinished ...>
2471  mprotect(0x7f2f6a609000, 8192, PROT_READ <unfinished ...>
2470  <... munmap resumed>)             = 0
2471  <... mprotect resumed>)           = 0
2470  getuid( <unfinished ...>
2471  prlimit64(0, RLIMIT_STACK, NULL,  <unfinished ...>
2470  <... getuid resumed>)             = 0
2471  <... prlimit64 resumed>{rlim_cur=8192*1024, rlim_max=RLIM64_INFINITY}) = 0
2470  getgid( <unfinished ...>
2471  munmap(0x7f2f6a5ce000, 35914 <unfinished ...>
2470  <... getgid resumed>)             = 0
2471  <... munmap resumed>)             = 0
2470  getpid( <unfinished ...>
2471  getuid( <unfinished ...>
2470  <... getpid resumed>)             = 2470
2471  <... getuid resumed>)             = 0
2470  rt_sigaction(SIGCHLD, {sa_handler=0x5615d9024dc0, sa_mask=~[RTMIN RT_1], sa_flags=SA_RESTORER, sa_restorer=0x7f1813534050},  <unfinished ...>
2471  getgid( <unfinished ...>
2470  <... rt_sigaction resumed>NULL, 8) = 0
2471  <... getgid resumed>)             = 0
2470  geteuid( <unfinished ...>
2471  getpid( <unfinished ...>
2470  <... geteuid resumed>)            = 0
2471  <... getpid resumed>)             = 2471
2470  getrandom( <unfinished ...>
2471  rt_sigaction(SIGCHLD, {sa_handler=0x55c74e6d7dc0, sa_mask=~[RTMIN RT_1], sa_flags=SA_RESTORER, sa_restorer=0x7f2f6a429050},  <unfinished ...>
2470  <... getrandom resumed>"\x94\x8d\x19\x23\xba\xb9\x71\x19", 8, GRND_NONBLOCK) = 8
2471  <... rt_sigaction resumed>NULL, 8) = 0
2470  brk(NULL <unfinished ...>
2471  geteuid( <unfinished ...>
2470  <... brk resumed>)                = 0x5615d96de000
2471  <... geteuid resumed>)            = 0
2470  brk(0x5615d96ff000 <unfinished ...>
2471  getrandom( <unfinished ...>
2470  <... brk resumed>)                = 0x5615d96ff000
2471  <... getrandom resumed>"\xba\x6f\xdf\xee\x07\x44\x89\x67", 8, GRND_NONBLOCK) = 8
2470  getppid( <unfinished ...>
2471  brk(NULL <unfinished ...>
2470  <... getppid resumed>)            = 2465
2471  <... brk resumed>)                = 0x55c74ec08000
2470  newfstatat(AT_FDCWD, "/root/TP1-SistemasOperativos-72.11",  <unfinished ...>
2471  brk(0x55c74ec29000)               = 0x55c74ec29000
2470  <... newfstatat resumed>{st_mode=S_IFDIR|0777, st_size=4096, ...}, 0) = 0
2471  getppid( <unfinished ...>
2470  newfstatat(AT_FDCWD, ".",  <unfinished ...>
2471  <... getppid resumed>)            = 2464
2471  newfstatat(AT_FDCWD, "/root/TP1-SistemasOperativos-72.11",  <unfinished ...>
2470  <... newfstatat resumed>{st_mode=S_IFDIR|0777, st_size=4096, ...}, 0) = 0
2471  <... newfstatat resumed>{st_mode=S_IFDIR|0777, st_size=4096, ...}, 0) = 0
2470  geteuid( <unfinished ...>
2471  newfstatat(AT_FDCWD, ".",  <unfinished ...>
2470  <... geteuid resumed>)            = 0
2471  <... newfstatat resumed>{st_mode=S_IFDIR|0777, st_size=4096, ...}, 0) = 0
2470  getegid( <unfinished ...>
2471  geteuid( <unfinished ...>
2470  <... getegid resumed>)            = 0
2471  <... geteuid resumed>)            = 0
2470  rt_sigaction(SIGINT, NULL,  <unfinished ...>
2471  getegid( <unfinished ...>
2470  <... rt_sigaction resumed>{sa_handler=SIG_DFL, sa_mask=[], sa_flags=0}, 8) = 0
2471  <... getegid resumed>)            = 0
2470  rt_sigaction(SIGINT, {sa_handler=0x5615d9024dc0, sa_mask=~[RTMIN RT_1], sa_flags=SA_RESTORER, sa_restorer=0x7f1813534050},  <unfinished ...>
2471  rt_sigaction(SIGINT, NULL,  <unfinished ...>
2470  <... rt_sigaction resumed>NULL, 8) = 0
2471  <... rt_sigaction resumed>{sa_handler=SIG_DFL, sa_mask=[], sa_flags=0}, 8) = 0
2470  rt_sigaction(SIGQUIT, NULL,  <unfinished ...>
2471  rt_sigaction(SIGINT, {sa_handler=0x55c74e6d7dc0, sa_mask=~[RTMIN RT_1], sa_flags=SA_RESTORER, sa_restorer=0x7f2f6a429050},  <unfinished ...>
2470  <... rt_sigaction resumed>{sa_handler=SIG_DFL, sa_mask=[], sa_flags=0}, 8) = 0
2471  <... rt_sigaction resumed>NULL, 8) = 0
2470  rt_sigaction(SIGQUIT, {sa_handler=SIG_DFL, sa_mask=~[RTMIN RT_1], sa_flags=SA_RESTORER, sa_restorer=0x7f1813534050},  <unfinished ...>
2471  rt_sigaction(SIGQUIT, NULL,  <unfinished ...>
2470  <... rt_sigaction resumed>NULL, 8) = 0
2471  <... rt_sigaction resumed>{sa_handler=SIG_DFL, sa_mask=[], sa_flags=0}, 8) = 0
2470  rt_sigaction(SIGTERM, NULL,  <unfinished ...>
2471  rt_sigaction(SIGQUIT, {sa_handler=SIG_DFL, sa_mask=~[RTMIN RT_1], sa_flags=SA_RESTORER, sa_restorer=0x7f2f6a429050},  <unfinished ...>
2470  <... rt_sigaction resumed>{sa_handler=SIG_DFL, sa_mask=[], sa_flags=0}, 8) = 0
2471  <... rt_sigaction resumed>NULL, 8) = 0
2470  rt_sigaction(SIGTERM, {sa_handler=SIG_DFL, sa_mask=~[RTMIN RT_1], sa_flags=SA_RESTORER, sa_restorer=0x7f1813534050},  <unfinished ...>
2471  rt_sigaction(SIGTERM, NULL,  <unfinished ...>
2470  <... rt_sigaction resumed>NULL, 8) = 0
2471  <... rt_sigaction resumed>{sa_handler=SIG_DFL, sa_mask=[], sa_flags=0}, 8) = 0
2470  newfstatat(AT_FDCWD, "/usr/local/sbin/md5sum",  <unfinished ...>
2471  rt_sigaction(SIGTERM, {sa_handler=SIG_DFL, sa_mask=~[RTMIN RT_1], sa_flags=SA_RESTORER, sa_restorer=0x7f2f6a429050},  <unfinished ...>
2470  <... newfstatat resumed>0x7ffe80257880, 0) = -1 ENOENT (No such file or directory)
2471  <... rt_sigaction resumed>NULL, 8) = 0
2470  newfstatat(AT_FDCWD, "/usr/local/bin/md5sum",  <unfinished ...>
2471  newfstatat(AT_FDCWD, "/usr/local/sbin/md5sum",  <unfinished ...>
2470  <... newfstatat resumed>0x7ffe80257880, 0) = -1 ENOENT (No such file or directory)
2471  <... newfstatat resumed>0x7ffed3d096c0, 0) = -1 ENOENT (No such file or directory)
2470  newfstatat(AT_FDCWD, "/usr/sbin/md5sum",  <unfinished ...>
2471  newfstatat(AT_FDCWD, "/usr/local/bin/md5sum",  <unfinished ...>
2470  <... newfstatat resumed>0x7ffe80257880, 0) = -1 ENOENT (No such file or directory)
2471  <... newfstatat resumed>0x7ffed3d096c0, 0) = -1 ENOENT (No such file or directory)
2470  newfstatat(AT_FDCWD, "/usr/bin/md5sum",  <unfinished ...>
2471  newfstatat(AT_FDCWD, "/usr/sbin/md5sum",  <unfinished ...>
2470  <... newfstatat resumed>{st_mode=S_IFREG|0755, st_size=52176, ...}, 0) = 0
2471  <... newfstatat resumed>0x7ffed3d096c0, 0) = -1 ENOENT (No such file or directory)
2470  rt_sigprocmask(SIG_SETMASK, ~[RTMIN RT_1],  <unfinished ...>
2471  newfstatat(AT_FDCWD, "/usr/bin/md5sum",  <unfinished ...>
2470  <... rt_sigprocmask resumed>NULL, 8) = 0
2471  <... newfstatat resumed>{st_mode=S_IFREG|0755, st_size=52176, ...}, 0) = 0
2470  vfork( <unfinished ...>
2471  rt_sigprocmask(SIG_SETMASK, ~[RTMIN RT_1], NULL, 8) = 0
2474  rt_sigprocmask(SIG_SETMASK, [],  <unfinished ...>
2471  vfork( <unfinished ...>
2474  <... rt_sigprocmask resumed>~[KILL STOP RTMIN RT_1], 8) = 0
2474  execve("/usr/bin/md5sum", ["md5sum", "files/am"], 0x5615d90338d0 /* 8 vars */ <unfinished ...>
2475  rt_sigprocmask(SIG_SETMASK, [],  <unfinished ...>
2470  <... vfork resumed>)              = 2474
2475  <... rt_sigprocmask resumed>~[KILL STOP RTMIN RT_1], 8) = 0
2470  rt_sigprocmask(SIG_SETMASK, [],  <unfinished ...>
2475  execve("/usr/bin/md5sum", ["md5sum", "files/hi"], 0x55c74e6e68d0 /* 8 vars */ <unfinished ...>
2474  <... execve resumed>)             = 0
2471  <... vfork resumed>)              = 2475
2470  <... rt_sigprocmask resumed>~[KILL STOP RTMIN RT_1], 8) = 0
2475  <... execve resumed>)             = 0
2474  brk(NULL <unfinished ...>
2471  rt_sigprocmask(SIG_SETMASK, [],  <unfinished ...>
2475  brk(NULL <unfinished ...>
2474  <... brk resumed>)                = 0x5605c171b000
2470  wait4(-1,  <unfinished ...>
2475  <... brk resumed>)                = 0x561c79ae4000
2474  mmap(NULL, 8192, PROT_READ|PROT_WRITE, MAP_PRIVATE|MAP_ANONYMOUS, -1, 0 <unfinished ...>
2471  <... rt_sigprocmask resumed>~[KILL STOP RTMIN RT_1], 8) = 0
2475  mmap(NULL, 8192, PROT_READ|PROT_WRITE, MAP_PRIVATE|MAP_ANONYMOUS, -1, 0 <unfinished ...>
2474  <... mmap resumed>)               = 0x7fc33d116000
2475  <... mmap resumed>)               = 0x7f9fbaf19000
2471  wait4(-1,  <unfinished ...>
2475  access("/etc/ld.so.preload", R_OK <unfinished ...>
2474  access("/etc/ld.so.preload", R_OK <unfinished ...>
2475  <... access resumed>)             = -1 ENOENT (No such file or directory)
2474  <... access resumed>)             = -1 ENOENT (No such file or directory)
2475  openat(AT_FDCWD, "/etc/ld.so.cache", O_RDONLY|O_CLOEXEC <unfinished ...>
2474  openat(AT_FDCWD, "/etc/ld.so.cache", O_RDONLY|O_CLOEXEC <unfinished ...>
2475  <... openat resumed>)             = 4
2474  <... openat resumed>)             = 4
2475  newfstatat(4, "",  <unfinished ...>
2474  newfstatat(4, "",  <unfinished ...>
2475  <... newfstatat resumed>{st_mode=S_IFREG|0644, st_size=35914, ...}, AT_EMPTY_PATH) = 0
2474  <... newfstatat resumed>{st_mode=S_IFREG|0644, st_size=35914, ...}, AT_EMPTY_PATH) = 0
2475  mmap(NULL, 35914, PROT_READ, MAP_PRIVATE, 4, 0 <unfinished ...>
2474  mmap(NULL, 35914, PROT_READ, MAP_PRIVATE, 4, 0 <unfinished ...>
2475  <... mmap resumed>)               = 0x7f9fbaf10000
2474  <... mmap resumed>)               = 0x7fc33d10d000
2475  close(4 <unfinished ...>
2474  close(4 <unfinished ...>
2475  <... close resumed>)              = 0
2474  <... close resumed>)              = 0
2475  openat(AT_FDCWD, "/lib/x86_64-linux-gnu/libc.so.6", O_RDONLY|O_CLOEXEC <unfinished ...>
2474  openat(AT_FDCWD, "/lib/x86_64-linux-gnu/libc.so.6", O_RDONLY|O_CLOEXEC <unfinished ...>
2475  <... openat resumed>)             = 4
2474  <... openat resumed>)             = 4
2475  read(4,  <unfinished ...>
2474  read(4,  <unfinished ...>
2475  <... read resumed>"\177ELF\2\1\1\3\0\0\0\0\0\0\0\0\3\0>\0\1\0\0\0\20t\2\0\0\0\0\0"..., 832) = 832
2474  <... read resumed>"\177ELF\2\1\1\3\0\0\0\0\0\0\0\0\3\0>\0\1\0\0\0\20t\2\0\0\0\0\0"..., 832) = 832
2475  pread64(4,  <unfinished ...>
2474  pread64(4,  <unfinished ...>
2475  <... pread64 resumed>"\6\0\0\0\4\0\0\0@\0\0\0\0\0\0\0@\0\0\0\0\0\0\0@\0\0\0\0\0\0\0"..., 784, 64) = 784
2474  <... pread64 resumed>"\6\0\0\0\4\0\0\0@\0\0\0\0\0\0\0@\0\0\0\0\0\0\0@\0\0\0\0\0\0\0"..., 784, 64) = 784
2475  newfstatat(4, "",  <unfinished ...>
2474  newfstatat(4, "",  <unfinished ...>
2475  <... newfstatat resumed>{st_mode=S_IFREG|0755, st_size=1922136, ...}, AT_EMPTY_PATH) = 0
2474  <... newfstatat resumed>{st_mode=S_IFREG|0755, st_size=1922136, ...}, AT_EMPTY_PATH) = 0
2475  pread64(4,  <unfinished ...>
2474  pread64(4,  <unfinished ...>
2475  <... pread64 resumed>"\6\0\0\0\4\0\0\0@\0\0\0\0\0\0\0@\0\0\0\0\0\0\0@\0\0\0\0\0\0\0"..., 784, 64) = 784
2474  <... pread64 resumed>"\6\0\0\0\4\0\0\0@\0\0\0\0\0\0\0@\0\0\0\0\0\0\0@\0\0\0\0\0\0\0"..., 784, 64) = 784
2475  mmap(NULL, 1970000, PROT_READ, MAP_PRIVATE|MAP_DENYWRITE, 4, 0 <unfinished ...>
2474  mmap(NULL, 1970000, PROT_READ, MAP_PRIVATE|MAP_DENYWRITE, 4, 0 <unfinished ...>
2475  <... mmap resumed>)               = 0x7f9fbad2f000
2474  <... mmap resumed>)               = 0x7fc33cf2c000
2475  mmap(0x7f9fbad55000, 1396736, PROT_READ|PROT_EXEC, MAP_PRIVATE|MAP_FIXED|MAP_DENYWRITE, 4, 0x26000 <unfinished ...>
2474  mmap(0x7fc33cf52000, 1396736, PROT_READ|PROT_EXEC, MAP_PRIVATE|MAP_FIXED|MAP_DENYWRITE, 4, 0x26000 <unfinished ...>
2475  <... mmap resumed>)               = 0x7f9fbad55000
2474  <... mmap resumed>)               = 0x7fc33cf52000
2475  mmap(0x7f9fbaeaa000, 339968, PROT_READ, MAP_PRIVATE|MAP_FIXED|MAP_DENYWRITE, 4, 0x17b000 <unfinished ...>
2474  mmap(0x7fc33d0a7000, 339968, PROT_READ, MAP_PRIVATE|MAP_FIXED|MAP_DENYWRITE, 4, 0x17b000 <unfinished ...>
2475  <... mmap resumed>)               = 0x7f9fbaeaa000
2474  <... mmap resumed>)               = 0x7fc33d0a7000
2475  mmap(0x7f9fbaefd000, 24576, PROT_READ|PROT_WRITE, MAP_PRIVATE|MAP_FIXED|MAP_DENYWRITE, 4, 0x1ce000 <unfinished ...>
2474  mmap(0x7fc33d0fa000, 24576, PROT_READ|PROT_WRITE, MAP_PRIVATE|MAP_FIXED|MAP_DENYWRITE, 4, 0x1ce000 <unfinished ...>
2475  <... mmap resumed>)               = 0x7f9fbaefd000
2474  <... mmap resumed>)               = 0x7fc33d0fa000
2475  mmap(0x7f9fbaf03000, 53072, PROT_READ|PROT_WRITE, MAP_PRIVATE|MAP_FIXED|MAP_ANONYMOUS, -1, 0 <unfinished ...>
2474  mmap(0x7fc33d100000, 53072, PROT_READ|PROT_WRITE, MAP_PRIVATE|MAP_FIXED|MAP_ANONYMOUS, -1, 0 <unfinished ...>
2475  <... mmap resumed>)               = 0x7f9fbaf03000
2474  <... mmap resumed>)               = 0x7fc33d100000
2475  close(4 <unfinished ...>
2474  close(4 <unfinished ...>
2475  <... close resumed>)              = 0
2474  <... close resumed>)              = 0
2475  mmap(NULL, 12288, PROT_READ|PROT_WRITE, MAP_PRIVATE|MAP_ANONYMOUS, -1, 0 <unfinished ...>
2474  mmap(NULL, 12288, PROT_READ|PROT_WRITE, MAP_PRIVATE|MAP_ANONYMOUS, -1, 0 <unfinished ...>
2475  <... mmap resumed>)               = 0x7f9fbad2c000
2474  <... mmap resumed>)               = 0x7fc33cf29000
2475  arch_prctl(ARCH_SET_FS, 0x7f9fbad2c740 <unfinished ...>
2474  arch_prctl(ARCH_SET_FS, 0x7fc33cf29740 <unfinished ...>
2475  <... arch_prctl resumed>)         = 0
2474  <... arch_prctl resumed>)         = 0
2475  set_tid_address(0x7f9fbad2ca10 <unfinished ...>
2474  set_tid_address(0x7fc33cf29a10 <unfinished ...>
2475  <... set_tid_address resumed>)    = 2475
2474  <... set_tid_address resumed>)    = 2474
2475  set_robust_list(0x7f9fbad2ca20, 24 <unfinished ...>
2474  set_robust_list(0x7fc33cf29a20, 24 <unfinished ...>
2475  <... set_robust_list resumed>)    = 0
2474  <... set_robust_list resumed>)    = 0
2475  rseq(0x7f9fbad2d060, 0x20, 0, 0x53053053 <unfinished ...>
2474  rseq(0x7fc33cf2a060, 0x20, 0, 0x53053053 <unfinished ...>
2475  <... rseq resumed>)               = 0
2474  <... rseq resumed>)               = 0
2475  mprotect(0x7f9fbaefd000, 16384, PROT_READ <unfinished ...>
2474  mprotect(0x7fc33d0fa000, 16384, PROT_READ <unfinished ...>
2475  <... mprotect resumed>)           = 0
2474  <... mprotect resumed>)           = 0
2475  mprotect(0x561c79268000, 4096, PROT_READ <unfinished ...>
2474  mprotect(0x5605c135d000, 4096, PROT_READ <unfinished ...>
2475  <... mprotect resumed>)           = 0
2474  <... mprotect resumed>)           = 0
2475  mprotect(0x7f9fbaf4b000, 8192, PROT_READ <unfinished ...>
2474  mprotect(0x7fc33d148000, 8192, PROT_READ <unfinished ...>
2475  <... mprotect resumed>)           = 0
2474  <... mprotect resumed>)           = 0
2475  prlimit64(0, RLIMIT_STACK, NULL,  <unfinished ...>
2474  prlimit64(0, RLIMIT_STACK, NULL,  <unfinished ...>
2475  <... prlimit64 resumed>{rlim_cur=8192*1024, rlim_max=RLIM64_INFINITY}) = 0
2474  <... prlimit64 resumed>{rlim_cur=8192*1024, rlim_max=RLIM64_INFINITY}) = 0
2475  munmap(0x7f9fbaf10000, 35914 <unfinished ...>
2474  munmap(0x7fc33d10d000, 35914 <unfinished ...>
2475  <... munmap resumed>)             = 0
2474  <... munmap resumed>)             = 0
2475  getrandom( <unfinished ...>
2474  getrandom( <unfinished ...>
2475  <... getrandom resumed>"\xe7\x72\x19\x79\x7f\x60\x08\x79", 8, GRND_NONBLOCK) = 8
2474  <... getrandom resumed>"\x90\x7e\xb7\x1a\x25\xe9\x04\xd8", 8, GRND_NONBLOCK) = 8
2475  brk(NULL <unfinished ...>
2474  brk(NULL <unfinished ...>
2475  <... brk resumed>)                = 0x561c79ae4000
2474  <... brk resumed>)                = 0x5605c171b000
2475  brk(0x561c79b05000 <unfinished ...>
2474  brk(0x5605c173c000 <unfinished ...>
2475  <... brk resumed>)                = 0x561c79b05000
2474  <... brk resumed>)                = 0x5605c173c000
2475  openat(AT_FDCWD, "files/hi", O_RDONLY <unfinished ...>
2474  openat(AT_FDCWD, "files/am", O_RDONLY <unfinished ...>
2475  <... openat resumed>)             = 4
2474  <... openat resumed>)             = 4
2475  fadvise64(4, 0, 0, POSIX_FADV_SEQUENTIAL <unfinished ...>
2474  fadvise64(4, 0, 0, POSIX_FADV_SEQUENTIAL <unfinished ...>
2475  <... fadvise64 resumed>)          = 0
2474  <... fadvise64 resumed>)          = 0
2475  newfstatat(4, "",  <unfinished ...>
2474  newfstatat(4, "",  <unfinished ...>
2475  <... newfstatat resumed>{st_mode=S_IFREG|0777, st_size=22, ...}, AT_EMPTY_PATH) = 0
2474  <... newfstatat resumed>{st_mode=S_IFREG|0777, st_size=430, ...}, AT_EMPTY_PATH) = 0
2475  read(4,  <unfinished ...>
2474  read(4,  <unfinished ...>
2475  <... read resumed>"hello hello  o oo o o ", 32768) = 22
2474  <... read resumed>"\342\200\234HATE. LET ME TELL YOU HOW MUC"..., 32768) = 430
2475  read(4,  <unfinished ...>
2474  read(4,  <unfinished ...>
2475  <... read resumed>"", 28672)      = 0
2475  lseek(4, 0, SEEK_CUR <unfinished ...>
2474  <... read resumed>"", 28672)      = 0
2475  <... lseek resumed>)              = 22
2474  lseek(4, 0, SEEK_CUR <unfinished ...>
2475  close(4 <unfinished ...>
2474  <... lseek resumed>)              = 430
2474  close(4 <unfinished ...>
2475  <... close resumed>)              = 0
2475  newfstatat(1, "",  <unfinished ...>
2474  <... close resumed>)              = 0
2475  <... newfstatat resumed>{st_mode=S_IFIFO|0600, st_size=0, ...}, AT_EMPTY_PATH) = 0
2474  newfstatat(1, "",  <unfinished ...>
2475  write(1, "096f70249b72c13b66a21ab3d3adac51"..., 43 <unfinished ...>
2474  <... newfstatat resumed>{st_mode=S_IFIFO|0600, st_size=0, ...}, AT_EMPTY_PATH) = 0
2475  <... write resumed>)              = 43
2464  <... read resumed>"096f70249b72c13b66a21ab3d3adac51"..., 4096) = 43
2475  close(1 <unfinished ...>
2474  write(1, "5b7ddef804d8d1e3278f44061cc517ee"..., 43 <unfinished ...>
2475  <... close resumed>)              = 0
2464  getpid( <unfinished ...>
2475  close(2 <unfinished ...>
2474  <... write resumed>)              = 43
2465  <... read resumed>"5b7ddef804d8d1e3278f44061cc517ee"..., 4096) = 43
2475  <... close resumed>)              = 0
2474  close(1 <unfinished ...>
2464  <... getpid resumed>)             = 2464
2475  exit_group(0 <unfinished ...>
2474  <... close resumed>)              = 0
2465  getpid( <unfinished ...>
2475  <... exit_group resumed>)         = ?
2474  close(2 <unfinished ...>
2464  newfstatat(1, "",  <unfinished ...>
2475  +++ exited with 0 +++
2474  <... close resumed>)              = 0
2465  <... getpid resumed>)             = 2465
2474  exit_group(0 <unfinished ...>
2471  <... wait4 resumed>[{WIFEXITED(s) && WEXITSTATUS(s) == 0}], 0, NULL) = 2475
2464  <... newfstatat resumed>{st_mode=S_IFIFO|0600, st_size=0, ...}, AT_EMPTY_PATH) = 0
2474  <... exit_group resumed>)         = ?
2471  --- SIGCHLD {si_signo=SIGCHLD, si_code=CLD_EXITED, si_pid=2475, si_uid=0, si_status=0, si_utime=0, si_stime=0} ---
2465  newfstatat(1, "",  <unfinished ...>
2474  +++ exited with 0 +++
2471  rt_sigreturn({mask=[]} <unfinished ...>
2464  write(1, "2464\tfiles/hi\t\t\t096f70249b72c13b"..., 48 <unfinished ...>
2471  <... rt_sigreturn resumed>)       = 2475
2470  <... wait4 resumed>[{WIFEXITED(s) && WEXITSTATUS(s) == 0}], 0, NULL) = 2474
2465  <... newfstatat resumed>{st_mode=S_IFIFO|0600, st_size=0, ...}, AT_EMPTY_PATH) = 0
2471  wait4(-1,  <unfinished ...>
2470  --- SIGCHLD {si_signo=SIGCHLD, si_code=CLD_EXITED, si_pid=2474, si_uid=0, si_status=0, si_utime=0, si_stime=0} ---
2464  <... write resumed>)              = 48
