1212  read(0,  <unfinished ...>
1214  rt_sigaction(SIGABRT, NULL,  <unfinished ...>
1213  mmap(0x7f73642b7000, 24576, PROT_READ|PROT_WRITE, MAP_PRIVATE|MAP_FIXED|MAP_DENYWRITE, 4, 0x1ce000 <unfinished ...>
1210  <... prlimit64 resumed>{rlim_cur=1024*1024, rlim_max=1024*1024}) = 0
1214  <... rt_sigaction resumed>{sa_handler=SIG_DFL, sa_mask=[], sa_flags=0}, 8) = 0
1213  <... mmap resumed>)               = 0x7f73642b7000
1212  <... read resumed>"files/amCopy\n", 4095) = 13
1214  rt_sigaction(SIGABRT, {sa_handler=SIG_DFL, sa_mask=[], sa_flags=SA_RESTORER, sa_restorer=0x7f72f8f1d050},  <unfinished ...>
1213  mmap(0x7f73642bd000, 53072, PROT_READ|PROT_WRITE, MAP_PRIVATE|MAP_FIXED|MAP_ANONYMOUS, -1, 0 <unfinished ...>
1210  prlimit64(0, RLIMIT_NOFILE, NULL,  <unfinished ...>
1214  <... rt_sigaction resumed>NULL, 8) = 0
1213  <... mmap resumed>)               = 0x7f73642bd000
1212  getrandom( <unfinished ...>
1214  rt_sigaction(SIGBUS, NULL,  <unfinished ...>
1213  close(4 <unfinished ...>
1210  <... prlimit64 resumed>{rlim_cur=1024*1024, rlim_max=1024*1024}) = 0
1214  <... rt_sigaction resumed>{sa_handler=SIG_DFL, sa_mask=[], sa_flags=0}, 8) = 0
1213  <... close resumed>)              = 0
1212  <... getrandom resumed>"\x7c\x0f\x7c\xfc\xe8\x80\xb4\x88", 8, GRND_NONBLOCK) = 8
1214  rt_sigaction(SIGBUS, {sa_handler=SIG_DFL, sa_mask=[], sa_flags=SA_RESTORER, sa_restorer=0x7f72f8f1d050},  <unfinished ...>
1213  mmap(NULL, 12288, PROT_READ|PROT_WRITE, MAP_PRIVATE|MAP_ANONYMOUS, -1, 0 <unfinished ...>
1210  mmap(NULL, 36864, PROT_READ|PROT_WRITE, MAP_PRIVATE|MAP_ANONYMOUS|MAP_STACK, -1, 0 <unfinished ...>
1214  <... rt_sigaction resumed>NULL, 8) = 0
1213  <... mmap resumed>)               = 0x7f73640e6000
1212  brk(NULL <unfinished ...>
1214  rt_sigaction(SIGFPE, NULL,  <unfinished ...>
1213  arch_prctl(ARCH_SET_FS, 0x7f73640e6740 <unfinished ...>
1210  <... mmap resumed>)               = 0x7fdcd21e1000
1214  <... rt_sigaction resumed>{sa_handler=SIG_DFL, sa_mask=[], sa_flags=0}, 8) = 0
1213  <... arch_prctl resumed>)         = 0
1212  <... brk resumed>)                = 0x563c1ba70000
1214  rt_sigaction(SIGFPE, {sa_handler=SIG_DFL, sa_mask=[], sa_flags=SA_RESTORER, sa_restorer=0x7f72f8f1d050},  <unfinished ...>
1213  set_tid_address(0x7f73640e6a10 <unfinished ...>
1210  rt_sigprocmask(SIG_BLOCK, ~[],  <unfinished ...>
1214  <... rt_sigaction resumed>NULL, 8) = 0
1213  <... set_tid_address resumed>)    = 1213
1212  brk(0x563c1ba91000 <unfinished ...>
1214  rt_sigaction(SIGUSR1, NULL,  <unfinished ...>
1213  set_robust_list(0x7f73640e6a20, 24 <unfinished ...>
1210  <... rt_sigprocmask resumed>[], 8) = 0
1214  <... rt_sigaction resumed>{sa_handler=SIG_DFL, sa_mask=[], sa_flags=0}, 8) = 0
1213  <... set_robust_list resumed>)    = 0
1212  <... brk resumed>)                = 0x563c1ba91000
1214  rt_sigaction(SIGUSR1, {sa_handler=SIG_DFL, sa_mask=[], sa_flags=SA_RESTORER, sa_restorer=0x7f72f8f1d050},  <unfinished ...>
1213  rseq(0x7f73640e7060, 0x20, 0, 0x53053053 <unfinished ...>
1210  clone3({flags=CLONE_VM|CLONE_VFORK, exit_signal=SIGCHLD, stack=0x7fdcd21e1000, stack_size=0x9000}, 88 <unfinished ...>
1214  <... rt_sigaction resumed>NULL, 8) = 0
1213  <... rseq resumed>)               = 0
1212  pipe2( <unfinished ...>
1214  rt_sigaction(SIGSEGV, NULL,  <unfinished ...>
1213  mprotect(0x7f73642b7000, 16384, PROT_READ <unfinished ...>
1215  rt_sigprocmask(SIG_BLOCK, NULL,  <unfinished ...>
1214  <... rt_sigaction resumed>{sa_handler=SIG_DFL, sa_mask=[], sa_flags=0}, 8) = 0
1213  <... mprotect resumed>)           = 0
1212  <... pipe2 resumed>[4, 12], O_CLOEXEC) = 0
1215  <... rt_sigprocmask resumed>~[KILL STOP], 8) = 0
1214  rt_sigaction(SIGSEGV, {sa_handler=SIG_DFL, sa_mask=[], sa_flags=SA_RESTORER, sa_restorer=0x7f72f8f1d050},  <unfinished ...>
1213  mprotect(0x563d0d147000, 4096, PROT_READ <unfinished ...>
1215  rt_sigaction(SIGHUP, NULL,  <unfinished ...>
1214  <... rt_sigaction resumed>NULL, 8) = 0
1212  prlimit64(0, RLIMIT_NOFILE, NULL,  <unfinished ...>
1215  <... rt_sigaction resumed>{sa_handler=SIG_DFL, sa_mask=[], sa_flags=0}, 8) = 0
1214  rt_sigaction(SIGUSR2, NULL,  <unfinished ...>
1213  <... mprotect resumed>)           = 0
1215  rt_sigaction(SIGHUP, {sa_handler=SIG_DFL, sa_mask=[], sa_flags=SA_RESTORER, sa_restorer=0x7fdcd203c050},  <unfinished ...>
1214  <... rt_sigaction resumed>{sa_handler=SIG_DFL, sa_mask=[], sa_flags=0}, 8) = 0
1212  <... prlimit64 resumed>{rlim_cur=1024*1024, rlim_max=1024*1024}) = 0
1215  <... rt_sigaction resumed>NULL, 8) = 0
1214  rt_sigaction(SIGUSR2, {sa_handler=SIG_DFL, sa_mask=[], sa_flags=SA_RESTORER, sa_restorer=0x7f72f8f1d050},  <unfinished ...>
1213  mprotect(0x7f7364305000, 8192, PROT_READ <unfinished ...>
1215  rt_sigaction(SIGINT, NULL,  <unfinished ...>
1214  <... rt_sigaction resumed>NULL, 8) = 0
1212  prlimit64(0, RLIMIT_NOFILE, NULL,  <unfinished ...>
1215  <... rt_sigaction resumed>{sa_handler=SIG_DFL, sa_mask=[], sa_flags=0}, 8) = 0
1214  rt_sigaction(SIGPIPE, NULL,  <unfinished ...>
1213  <... mprotect resumed>)           = 0
1215  rt_sigaction(SIGINT, {sa_handler=SIG_DFL, sa_mask=[], sa_flags=SA_RESTORER, sa_restorer=0x7fdcd203c050},  <unfinished ...>
1214  <... rt_sigaction resumed>{sa_handler=SIG_IGN, sa_mask=[], sa_flags=0}, 8) = 0
1212  <... prlimit64 resumed>{rlim_cur=1024*1024, rlim_max=1024*1024}) = 0
1215  <... rt_sigaction resumed>NULL, 8) = 0
1214  rt_sigaction(SIGALRM, NULL,  <unfinished ...>
1213  prlimit64(0, RLIMIT_STACK, NULL,  <unfinished ...>
1215  rt_sigaction(SIGQUIT, NULL,  <unfinished ...>
1214  <... rt_sigaction resumed>{sa_handler=SIG_DFL, sa_mask=[], sa_flags=0}, 8) = 0
1212  mmap(NULL, 36864, PROT_READ|PROT_WRITE, MAP_PRIVATE|MAP_ANONYMOUS|MAP_STACK, -1, 0 <unfinished ...>
1215  <... rt_sigaction resumed>{sa_handler=SIG_DFL, sa_mask=[], sa_flags=0}, 8) = 0
1214  rt_sigaction(SIGALRM, {sa_handler=SIG_DFL, sa_mask=[], sa_flags=SA_RESTORER, sa_restorer=0x7f72f8f1d050},  <unfinished ...>
1213  <... prlimit64 resumed>{rlim_cur=8192*1024, rlim_max=RLIM64_INFINITY}) = 0
1215  rt_sigaction(SIGQUIT, {sa_handler=SIG_DFL, sa_mask=[], sa_flags=SA_RESTORER, sa_restorer=0x7fdcd203c050},  <unfinished ...>
1214  <... rt_sigaction resumed>NULL, 8) = 0
1212  <... mmap resumed>)               = 0x7fd88f535000
1215  <... rt_sigaction resumed>NULL, 8) = 0
1214  rt_sigaction(SIGTERM, NULL,  <unfinished ...>
1213  munmap(0x7f73642ca000, 35914 <unfinished ...>
1215  rt_sigaction(SIGILL, NULL,  <unfinished ...>
1214  <... rt_sigaction resumed>{sa_handler=SIG_DFL, sa_mask=[], sa_flags=0}, 8) = 0
1212  rt_sigprocmask(SIG_BLOCK, ~[],  <unfinished ...>
1215  <... rt_sigaction resumed>{sa_handler=SIG_DFL, sa_mask=[], sa_flags=0}, 8) = 0
1214  rt_sigaction(SIGTERM, {sa_handler=SIG_DFL, sa_mask=[], sa_flags=SA_RESTORER, sa_restorer=0x7f72f8f1d050},  <unfinished ...>
1213  <... munmap resumed>)             = 0
1215  rt_sigaction(SIGILL, {sa_handler=SIG_DFL, sa_mask=[], sa_flags=SA_RESTORER, sa_restorer=0x7fdcd203c050},  <unfinished ...>
1214  <... rt_sigaction resumed>NULL, 8) = 0
1212  <... rt_sigprocmask resumed>[], 8) = 0
1215  <... rt_sigaction resumed>NULL, 8) = 0
1214  rt_sigaction(SIGSTKFLT, NULL,  <unfinished ...>
1213  read(0,  <unfinished ...>
1215  rt_sigaction(SIGTRAP, NULL,  <unfinished ...>
1214  <... rt_sigaction resumed>{sa_handler=SIG_DFL, sa_mask=[], sa_flags=0}, 8) = 0
1212  clone3({flags=CLONE_VM|CLONE_VFORK, exit_signal=SIGCHLD, stack=0x7fd88f535000, stack_size=0x9000}, 88 <unfinished ...>
1215  <... rt_sigaction resumed>{sa_handler=SIG_DFL, sa_mask=[], sa_flags=0}, 8) = 0
1214  rt_sigaction(SIGSTKFLT, {sa_handler=SIG_DFL, sa_mask=[], sa_flags=SA_RESTORER, sa_restorer=0x7f72f8f1d050},  <unfinished ...>
1213  <... read resumed>"files/amCopy3\n", 4095) = 14
1215  rt_sigaction(SIGTRAP, {sa_handler=SIG_DFL, sa_mask=[], sa_flags=SA_RESTORER, sa_restorer=0x7fdcd203c050},  <unfinished ...>
1214  <... rt_sigaction resumed>NULL, 8) = 0
1216  rt_sigprocmask(SIG_BLOCK, NULL,  <unfinished ...>
1215  <... rt_sigaction resumed>NULL, 8) = 0
1213  getrandom( <unfinished ...>
1216  <... rt_sigprocmask resumed>~[KILL STOP], 8) = 0
1215  rt_sigaction(SIGABRT, NULL,  <unfinished ...>
1214  rt_sigaction(SIGCHLD, NULL,  <unfinished ...>
1216  rt_sigaction(SIGHUP, NULL,  <unfinished ...>
1215  <... rt_sigaction resumed>{sa_handler=SIG_DFL, sa_mask=[], sa_flags=0}, 8) = 0
1213  <... getrandom resumed>"\xd8\x1a\xe4\x03\xa1\x99\x8c\xeb", 8, GRND_NONBLOCK) = 8
1216  <... rt_sigaction resumed>{sa_handler=SIG_DFL, sa_mask=[], sa_flags=0}, 8) = 0
1215  rt_sigaction(SIGABRT, {sa_handler=SIG_DFL, sa_mask=[], sa_flags=SA_RESTORER, sa_restorer=0x7fdcd203c050},  <unfinished ...>
1214  <... rt_sigaction resumed>{sa_handler=SIG_DFL, sa_mask=[], sa_flags=0}, 8) = 0
1216  rt_sigaction(SIGHUP, {sa_handler=SIG_DFL, sa_mask=[], sa_flags=SA_RESTORER, sa_restorer=0x7fd88f390050},  <unfinished ...>
1215  <... rt_sigaction resumed>NULL, 8) = 0
1213  brk(NULL <unfinished ...>
1216  <... rt_sigaction resumed>NULL, 8) = 0
1215  rt_sigaction(SIGBUS, NULL,  <unfinished ...>
1214  rt_sigaction(SIGCHLD, {sa_handler=SIG_DFL, sa_mask=[], sa_flags=SA_RESTORER, sa_restorer=0x7f72f8f1d050},  <unfinished ...>
1216  rt_sigaction(SIGINT, NULL,  <unfinished ...>
1215  <... rt_sigaction resumed>{sa_handler=SIG_DFL, sa_mask=[], sa_flags=0}, 8) = 0
1213  <... brk resumed>)                = 0x563d0e2c5000
1216  <... rt_sigaction resumed>{sa_handler=SIG_DFL, sa_mask=[], sa_flags=0}, 8) = 0
1215  rt_sigaction(SIGBUS, {sa_handler=SIG_DFL, sa_mask=[], sa_flags=SA_RESTORER, sa_restorer=0x7fdcd203c050},  <unfinished ...>
1214  <... rt_sigaction resumed>NULL, 8) = 0
1216  rt_sigaction(SIGINT, {sa_handler=SIG_DFL, sa_mask=[], sa_flags=SA_RESTORER, sa_restorer=0x7fd88f390050},  <unfinished ...>
1215  <... rt_sigaction resumed>NULL, 8) = 0
1213  brk(0x563d0e2e6000 <unfinished ...>
1216  <... rt_sigaction resumed>NULL, 8) = 0
1215  rt_sigaction(SIGFPE, NULL,  <unfinished ...>
1214  rt_sigaction(SIGCONT, NULL,  <unfinished ...>
1216  rt_sigaction(SIGQUIT, NULL,  <unfinished ...>
1215  <... rt_sigaction resumed>{sa_handler=SIG_DFL, sa_mask=[], sa_flags=0}, 8) = 0
1213  <... brk resumed>)                = 0x563d0e2e6000
1216  <... rt_sigaction resumed>{sa_handler=SIG_DFL, sa_mask=[], sa_flags=0}, 8) = 0
1215  rt_sigaction(SIGFPE, {sa_handler=SIG_DFL, sa_mask=[], sa_flags=SA_RESTORER, sa_restorer=0x7fdcd203c050},  <unfinished ...>
1214  <... rt_sigaction resumed>{sa_handler=SIG_DFL, sa_mask=[], sa_flags=0}, 8) = 0
1216  rt_sigaction(SIGQUIT, {sa_handler=SIG_DFL, sa_mask=[], sa_flags=SA_RESTORER, sa_restorer=0x7fd88f390050},  <unfinished ...>
1215  <... rt_sigaction resumed>NULL, 8) = 0
1213  pipe2( <unfinished ...>
1216  <... rt_sigaction resumed>NULL, 8) = 0
1215  rt_sigaction(SIGUSR1, NULL,  <unfinished ...>
1214  rt_sigaction(SIGCONT, {sa_handler=SIG_DFL, sa_mask=[], sa_flags=SA_RESTORER, sa_restorer=0x7f72f8f1d050},  <unfinished ...>
1216  rt_sigaction(SIGILL, NULL,  <unfinished ...>
1215  <... rt_sigaction resumed>{sa_handler=SIG_DFL, sa_mask=[], sa_flags=0}, 8) = 0
1213  <... pipe2 resumed>[4, 15], O_CLOEXEC) = 0
1216  <... rt_sigaction resumed>{sa_handler=SIG_DFL, sa_mask=[], sa_flags=0}, 8) = 0
1215  rt_sigaction(SIGUSR1, {sa_handler=SIG_DFL, sa_mask=[], sa_flags=SA_RESTORER, sa_restorer=0x7fdcd203c050},  <unfinished ...>
1214  <... rt_sigaction resumed>NULL, 8) = 0
1216  rt_sigaction(SIGILL, {sa_handler=SIG_DFL, sa_mask=[], sa_flags=SA_RESTORER, sa_restorer=0x7fd88f390050},  <unfinished ...>
1215  <... rt_sigaction resumed>NULL, 8) = 0
1213  prlimit64(0, RLIMIT_NOFILE, NULL,  <unfinished ...>
1216  <... rt_sigaction resumed>NULL, 8) = 0
1215  rt_sigaction(SIGSEGV, NULL,  <unfinished ...>
1214  rt_sigaction(SIGTSTP, NULL,  <unfinished ...>
1216  rt_sigaction(SIGTRAP, NULL,  <unfinished ...>
1215  <... rt_sigaction resumed>{sa_handler=SIG_DFL, sa_mask=[], sa_flags=0}, 8) = 0
1213  <... prlimit64 resumed>{rlim_cur=1024*1024, rlim_max=1024*1024}) = 0
1216  <... rt_sigaction resumed>{sa_handler=SIG_DFL, sa_mask=[], sa_flags=0}, 8) = 0
1215  rt_sigaction(SIGSEGV, {sa_handler=SIG_DFL, sa_mask=[], sa_flags=SA_RESTORER, sa_restorer=0x7fdcd203c050},  <unfinished ...>
1214  <... rt_sigaction resumed>{sa_handler=SIG_DFL, sa_mask=[], sa_flags=0}, 8) = 0
1216  rt_sigaction(SIGTRAP, {sa_handler=SIG_DFL, sa_mask=[], sa_flags=SA_RESTORER, sa_restorer=0x7fd88f390050},  <unfinished ...>
1215  <... rt_sigaction resumed>NULL, 8) = 0
1213  prlimit64(0, RLIMIT_NOFILE, NULL,  <unfinished ...>
1216  <... rt_sigaction resumed>NULL, 8) = 0
1215  rt_sigaction(SIGUSR2, NULL,  <unfinished ...>
1214  rt_sigaction(SIGTSTP, {sa_handler=SIG_DFL, sa_mask=[], sa_flags=SA_RESTORER, sa_restorer=0x7f72f8f1d050},  <unfinished ...>
1216  rt_sigaction(SIGABRT, NULL,  <unfinished ...>
1215  <... rt_sigaction resumed>{sa_handler=SIG_DFL, sa_mask=[], sa_flags=0}, 8) = 0
1213  <... prlimit64 resumed>{rlim_cur=1024*1024, rlim_max=1024*1024}) = 0
1216  <... rt_sigaction resumed>{sa_handler=SIG_DFL, sa_mask=[], sa_flags=0}, 8) = 0
1215  rt_sigaction(SIGUSR2, {sa_handler=SIG_DFL, sa_mask=[], sa_flags=SA_RESTORER, sa_restorer=0x7fdcd203c050},  <unfinished ...>
1214  <... rt_sigaction resumed>NULL, 8) = 0
1216  rt_sigaction(SIGABRT, {sa_handler=SIG_DFL, sa_mask=[], sa_flags=SA_RESTORER, sa_restorer=0x7fd88f390050},  <unfinished ...>
1215  <... rt_sigaction resumed>NULL, 8) = 0
1213  mmap(NULL, 36864, PROT_READ|PROT_WRITE, MAP_PRIVATE|MAP_ANONYMOUS|MAP_STACK, -1, 0 <unfinished ...>
1216  <... rt_sigaction resumed>NULL, 8) = 0
1215  rt_sigaction(SIGPIPE, NULL,  <unfinished ...>
1214  rt_sigaction(SIGTTIN, NULL,  <unfinished ...>
1216  rt_sigaction(SIGBUS, NULL,  <unfinished ...>
1215  <... rt_sigaction resumed>{sa_handler=SIG_IGN, sa_mask=[], sa_flags=0}, 8) = 0
1213  <... mmap resumed>)               = 0x7f73642ca000
1216  <... rt_sigaction resumed>{sa_handler=SIG_DFL, sa_mask=[], sa_flags=0}, 8) = 0
1215  rt_sigaction(SIGALRM, NULL,  <unfinished ...>
1214  <... rt_sigaction resumed>{sa_handler=SIG_DFL, sa_mask=[], sa_flags=0}, 8) = 0
1216  rt_sigaction(SIGBUS, {sa_handler=SIG_DFL, sa_mask=[], sa_flags=SA_RESTORER, sa_restorer=0x7fd88f390050},  <unfinished ...>
1215  <... rt_sigaction resumed>{sa_handler=SIG_DFL, sa_mask=[], sa_flags=0}, 8) = 0
1213  rt_sigprocmask(SIG_BLOCK, ~[],  <unfinished ...>
1216  <... rt_sigaction resumed>NULL, 8) = 0
1215  rt_sigaction(SIGALRM, {sa_handler=SIG_DFL, sa_mask=[], sa_flags=SA_RESTORER, sa_restorer=0x7fdcd203c050},  <unfinished ...>
1214  rt_sigaction(SIGTTIN, {sa_handler=SIG_DFL, sa_mask=[], sa_flags=SA_RESTORER, sa_restorer=0x7f72f8f1d050},  <unfinished ...>
1216  rt_sigaction(SIGFPE, NULL,  <unfinished ...>
1215  <... rt_sigaction resumed>NULL, 8) = 0
1213  <... rt_sigprocmask resumed>[], 8) = 0
1216  <... rt_sigaction resumed>{sa_handler=SIG_DFL, sa_mask=[], sa_flags=0}, 8) = 0
1215  rt_sigaction(SIGTERM, NULL,  <unfinished ...>
1214  <... rt_sigaction resumed>NULL, 8) = 0
1216  rt_sigaction(SIGFPE, {sa_handler=SIG_DFL, sa_mask=[], sa_flags=SA_RESTORER, sa_restorer=0x7fd88f390050},  <unfinished ...>
1215  <... rt_sigaction resumed>{sa_handler=SIG_DFL, sa_mask=[], sa_flags=0}, 8) = 0
1213  clone3({flags=CLONE_VM|CLONE_VFORK, exit_signal=SIGCHLD, stack=0x7f73642ca000, stack_size=0x9000}, 88 <unfinished ...>
1216  <... rt_sigaction resumed>NULL, 8) = 0
1215  rt_sigaction(SIGTERM, {sa_handler=SIG_DFL, sa_mask=[], sa_flags=SA_RESTORER, sa_restorer=0x7fdcd203c050},  <unfinished ...>
1214  rt_sigaction(SIGTTOU, NULL,  <unfinished ...>
1216  rt_sigaction(SIGUSR1, NULL,  <unfinished ...>
1215  <... rt_sigaction resumed>NULL, 8) = 0
1217  rt_sigprocmask(SIG_BLOCK, NULL,  <unfinished ...>
1216  <... rt_sigaction resumed>{sa_handler=SIG_DFL, sa_mask=[], sa_flags=0}, 8) = 0
1215  rt_sigaction(SIGSTKFLT, NULL,  <unfinished ...>
1214  <... rt_sigaction resumed>{sa_handler=SIG_DFL, sa_mask=[], sa_flags=0}, 8) = 0
1217  <... rt_sigprocmask resumed>~[KILL STOP], 8) = 0
1216  rt_sigaction(SIGUSR1, {sa_handler=SIG_DFL, sa_mask=[], sa_flags=SA_RESTORER, sa_restorer=0x7fd88f390050},  <unfinished ...>
1215  <... rt_sigaction resumed>{sa_handler=SIG_DFL, sa_mask=[], sa_flags=0}, 8) = 0
1217  rt_sigaction(SIGHUP, NULL,  <unfinished ...>
1216  <... rt_sigaction resumed>NULL, 8) = 0
1214  rt_sigaction(SIGTTOU, {sa_handler=SIG_DFL, sa_mask=[], sa_flags=SA_RESTORER, sa_restorer=0x7f72f8f1d050},  <unfinished ...>
1217  <... rt_sigaction resumed>{sa_handler=SIG_DFL, sa_mask=[], sa_flags=0}, 8) = 0
1216  rt_sigaction(SIGSEGV, NULL,  <unfinished ...>
1215  rt_sigaction(SIGSTKFLT, {sa_handler=SIG_DFL, sa_mask=[], sa_flags=SA_RESTORER, sa_restorer=0x7fdcd203c050},  <unfinished ...>
1217  rt_sigaction(SIGHUP, {sa_handler=SIG_DFL, sa_mask=[], sa_flags=SA_RESTORER, sa_restorer=0x7f7364125050},  <unfinished ...>
1216  <... rt_sigaction resumed>{sa_handler=SIG_DFL, sa_mask=[], sa_flags=0}, 8) = 0
1214  <... rt_sigaction resumed>NULL, 8) = 0
1217  <... rt_sigaction resumed>NULL, 8) = 0
1216  rt_sigaction(SIGSEGV, {sa_handler=SIG_DFL, sa_mask=[], sa_flags=SA_RESTORER, sa_restorer=0x7fd88f390050},  <unfinished ...>
1215  <... rt_sigaction resumed>NULL, 8) = 0
1217  rt_sigaction(SIGINT, NULL,  <unfinished ...>
1216  <... rt_sigaction resumed>NULL, 8) = 0
1214  rt_sigaction(SIGURG, NULL,  <unfinished ...>
1217  <... rt_sigaction resumed>{sa_handler=SIG_DFL, sa_mask=[], sa_flags=0}, 8) = 0
1216  rt_sigaction(SIGUSR2, NULL,  <unfinished ...>
1215  rt_sigaction(SIGCHLD, NULL,  <unfinished ...>
1217  rt_sigaction(SIGINT, {sa_handler=SIG_DFL, sa_mask=[], sa_flags=SA_RESTORER, sa_restorer=0x7f7364125050},  <unfinished ...>
1216  <... rt_sigaction resumed>{sa_handler=SIG_DFL, sa_mask=[], sa_flags=0}, 8) = 0
1214  <... rt_sigaction resumed>{sa_handler=SIG_DFL, sa_mask=[], sa_flags=0}, 8) = 0
1217  <... rt_sigaction resumed>NULL, 8) = 0
1216  rt_sigaction(SIGUSR2, {sa_handler=SIG_DFL, sa_mask=[], sa_flags=SA_RESTORER, sa_restorer=0x7fd88f390050},  <unfinished ...>
1215  <... rt_sigaction resumed>{sa_handler=SIG_DFL, sa_mask=[], sa_flags=0}, 8) = 0
1217  rt_sigaction(SIGQUIT, NULL,  <unfinished ...>
1216  <... rt_sigaction resumed>NULL, 8) = 0
1214  rt_sigaction(SIGURG, {sa_handler=SIG_DFL, sa_mask=[], sa_flags=SA_RESTORER, sa_restorer=0x7f72f8f1d050},  <unfinished ...>
1217  <... rt_sigaction resumed>{sa_handler=SIG_DFL, sa_mask=[], sa_flags=0}, 8) = 0
1216  rt_sigaction(SIGPIPE, NULL,  <unfinished ...>
1215  rt_sigaction(SIGCHLD, {sa_handler=SIG_DFL, sa_mask=[], sa_flags=SA_RESTORER, sa_restorer=0x7fdcd203c050},  <unfinished ...>
1217  rt_sigaction(SIGQUIT, {sa_handler=SIG_DFL, sa_mask=[], sa_flags=SA_RESTORER, sa_restorer=0x7f7364125050},  <unfinished ...>
1216  <... rt_sigaction resumed>{sa_handler=SIG_IGN, sa_mask=[], sa_flags=0}, 8) = 0
1214  <... rt_sigaction resumed>NULL, 8) = 0
1217  <... rt_sigaction resumed>NULL, 8) = 0
1216  rt_sigaction(SIGALRM, NULL,  <unfinished ...>
1215  <... rt_sigaction resumed>NULL, 8) = 0
1217  rt_sigaction(SIGILL, NULL,  <unfinished ...>
1216  <... rt_sigaction resumed>{sa_handler=SIG_DFL, sa_mask=[], sa_flags=0}, 8) = 0
1214  rt_sigaction(SIGXCPU, NULL,  <unfinished ...>
1217  <... rt_sigaction resumed>{sa_handler=SIG_DFL, sa_mask=[], sa_flags=0}, 8) = 0
1216  rt_sigaction(SIGALRM, {sa_handler=SIG_DFL, sa_mask=[], sa_flags=SA_RESTORER, sa_restorer=0x7fd88f390050},  <unfinished ...>
1215  rt_sigaction(SIGCONT, NULL,  <unfinished ...>
1217  rt_sigaction(SIGILL, {sa_handler=SIG_DFL, sa_mask=[], sa_flags=SA_RESTORER, sa_restorer=0x7f7364125050},  <unfinished ...>
1216  <... rt_sigaction resumed>NULL, 8) = 0
1215  <... rt_sigaction resumed>{sa_handler=SIG_DFL, sa_mask=[], sa_flags=0}, 8) = 0
1214  <... rt_sigaction resumed>{sa_handler=SIG_DFL, sa_mask=[], sa_flags=0}, 8) = 0
1217  <... rt_sigaction resumed>NULL, 8) = 0
1216  rt_sigaction(SIGTERM, NULL,  <unfinished ...>
1215  rt_sigaction(SIGCONT, {sa_handler=SIG_DFL, sa_mask=[], sa_flags=SA_RESTORER, sa_restorer=0x7fdcd203c050},  <unfinished ...>
1217  rt_sigaction(SIGTRAP, NULL,  <unfinished ...>
1216  <... rt_sigaction resumed>{sa_handler=SIG_DFL, sa_mask=[], sa_flags=0}, 8) = 0
1214  rt_sigaction(SIGXCPU, {sa_handler=SIG_DFL, sa_mask=[], sa_flags=SA_RESTORER, sa_restorer=0x7f72f8f1d050},  <unfinished ...>
1217  <... rt_sigaction resumed>{sa_handler=SIG_DFL, sa_mask=[], sa_flags=0}, 8) = 0
1216  rt_sigaction(SIGTERM, {sa_handler=SIG_DFL, sa_mask=[], sa_flags=SA_RESTORER, sa_restorer=0x7fd88f390050},  <unfinished ...>
1215  <... rt_sigaction resumed>NULL, 8) = 0
1217  rt_sigaction(SIGTRAP, {sa_handler=SIG_DFL, sa_mask=[], sa_flags=SA_RESTORER, sa_restorer=0x7f7364125050},  <unfinished ...>
1216  <... rt_sigaction resumed>NULL, 8) = 0
1214  <... rt_sigaction resumed>NULL, 8) = 0
1217  <... rt_sigaction resumed>NULL, 8) = 0
1216  rt_sigaction(SIGSTKFLT, NULL,  <unfinished ...>
1215  rt_sigaction(SIGTSTP, NULL,  <unfinished ...>
1217  rt_sigaction(SIGABRT, NULL,  <unfinished ...>
1216  <... rt_sigaction resumed>{sa_handler=SIG_DFL, sa_mask=[], sa_flags=0}, 8) = 0
1214  rt_sigaction(SIGXFSZ, NULL,  <unfinished ...>
1217  <... rt_sigaction resumed>{sa_handler=SIG_DFL, sa_mask=[], sa_flags=0}, 8) = 0
1216  rt_sigaction(SIGSTKFLT, {sa_handler=SIG_DFL, sa_mask=[], sa_flags=SA_RESTORER, sa_restorer=0x7fd88f390050},  <unfinished ...>
1215  <... rt_sigaction resumed>{sa_handler=SIG_DFL, sa_mask=[], sa_flags=0}, 8) = 0
1217  rt_sigaction(SIGABRT, {sa_handler=SIG_DFL, sa_mask=[], sa_flags=SA_RESTORER, sa_restorer=0x7f7364125050},  <unfinished ...>
1216  <... rt_sigaction resumed>NULL, 8) = 0
1214  <... rt_sigaction resumed>{sa_handler=SIG_DFL, sa_mask=[], sa_flags=0}, 8) = 0
1217  <... rt_sigaction resumed>NULL, 8) = 0
1216  rt_sigaction(SIGCHLD, NULL,  <unfinished ...>
1215  rt_sigaction(SIGTSTP, {sa_handler=SIG_DFL, sa_mask=[], sa_flags=SA_RESTORER, sa_restorer=0x7fdcd203c050},  <unfinished ...>
1217  rt_sigaction(SIGBUS, NULL,  <unfinished ...>
1216  <... rt_sigaction resumed>{sa_handler=SIG_DFL, sa_mask=[], sa_flags=0}, 8) = 0
1214  rt_sigaction(SIGXFSZ, {sa_handler=SIG_DFL, sa_mask=[], sa_flags=SA_RESTORER, sa_restorer=0x7f72f8f1d050},  <unfinished ...>
1217  <... rt_sigaction resumed>{sa_handler=SIG_DFL, sa_mask=[], sa_flags=0}, 8) = 0
1216  rt_sigaction(SIGCHLD, {sa_handler=SIG_DFL, sa_mask=[], sa_flags=SA_RESTORER, sa_restorer=0x7fd88f390050},  <unfinished ...>
1215  <... rt_sigaction resumed>NULL, 8) = 0
1217  rt_sigaction(SIGBUS, {sa_handler=SIG_DFL, sa_mask=[], sa_flags=SA_RESTORER, sa_restorer=0x7f7364125050},  <unfinished ...>
1216  <... rt_sigaction resumed>NULL, 8) = 0
1214  <... rt_sigaction resumed>NULL, 8) = 0
1217  <... rt_sigaction resumed>NULL, 8) = 0
1216  rt_sigaction(SIGCONT, NULL,  <unfinished ...>
1215  rt_sigaction(SIGTTIN, NULL,  <unfinished ...>
1217  rt_sigaction(SIGFPE, NULL,  <unfinished ...>
1216  <... rt_sigaction resumed>{sa_handler=SIG_DFL, sa_mask=[], sa_flags=0}, 8) = 0
1214  rt_sigaction(SIGVTALRM, NULL,  <unfinished ...>
1217  <... rt_sigaction resumed>{sa_handler=SIG_DFL, sa_mask=[], sa_flags=0}, 8) = 0
1216  rt_sigaction(SIGCONT, {sa_handler=SIG_DFL, sa_mask=[], sa_flags=SA_RESTORER, sa_restorer=0x7fd88f390050},  <unfinished ...>
1215  <... rt_sigaction resumed>{sa_handler=SIG_DFL, sa_mask=[], sa_flags=0}, 8) = 0
1217  rt_sigaction(SIGFPE, {sa_handler=SIG_DFL, sa_mask=[], sa_flags=SA_RESTORER, sa_restorer=0x7f7364125050},  <unfinished ...>
1216  <... rt_sigaction resumed>NULL, 8) = 0
1214  <... rt_sigaction resumed>{sa_handler=SIG_DFL, sa_mask=[], sa_flags=0}, 8) = 0
1217  <... rt_sigaction resumed>NULL, 8) = 0
1216  rt_sigaction(SIGTSTP, NULL,  <unfinished ...>
1215  rt_sigaction(SIGTTIN, {sa_handler=SIG_DFL, sa_mask=[], sa_flags=SA_RESTORER, sa_restorer=0x7fdcd203c050},  <unfinished ...>
1217  rt_sigaction(SIGUSR1, NULL,  <unfinished ...>
1216  <... rt_sigaction resumed>{sa_handler=SIG_DFL, sa_mask=[], sa_flags=0}, 8) = 0
1214  rt_sigaction(SIGVTALRM, {sa_handler=SIG_DFL, sa_mask=[], sa_flags=SA_RESTORER, sa_restorer=0x7f72f8f1d050},  <unfinished ...>
1217  <... rt_sigaction resumed>{sa_handler=SIG_DFL, sa_mask=[], sa_flags=0}, 8) = 0
1216  rt_sigaction(SIGTSTP, {sa_handler=SIG_DFL, sa_mask=[], sa_flags=SA_RESTORER, sa_restorer=0x7fd88f390050},  <unfinished ...>
1215  <... rt_sigaction resumed>NULL, 8) = 0
1217  rt_sigaction(SIGUSR1, {sa_handler=SIG_DFL, sa_mask=[], sa_flags=SA_RESTORER, sa_restorer=0x7f7364125050},  <unfinished ...>
1216  <... rt_sigaction resumed>NULL, 8) = 0
1214  <... rt_sigaction resumed>NULL, 8) = 0
1217  <... rt_sigaction resumed>NULL, 8) = 0
1216  rt_sigaction(SIGTTIN, NULL,  <unfinished ...>
1215  rt_sigaction(SIGTTOU, NULL,  <unfinished ...>
1217  rt_sigaction(SIGSEGV, NULL,  <unfinished ...>
1216  <... rt_sigaction resumed>{sa_handler=SIG_DFL, sa_mask=[], sa_flags=0}, 8) = 0
1214  rt_sigaction(SIGPROF, NULL,  <unfinished ...>
1217  <... rt_sigaction resumed>{sa_handler=SIG_DFL, sa_mask=[], sa_flags=0}, 8) = 0
1216  rt_sigaction(SIGTTIN, {sa_handler=SIG_DFL, sa_mask=[], sa_flags=SA_RESTORER, sa_restorer=0x7fd88f390050},  <unfinished ...>
1215  <... rt_sigaction resumed>{sa_handler=SIG_DFL, sa_mask=[], sa_flags=0}, 8) = 0
1217  rt_sigaction(SIGSEGV, {sa_handler=SIG_DFL, sa_mask=[], sa_flags=SA_RESTORER, sa_restorer=0x7f7364125050},  <unfinished ...>
1216  <... rt_sigaction resumed>NULL, 8) = 0
1214  <... rt_sigaction resumed>{sa_handler=SIG_DFL, sa_mask=[], sa_flags=0}, 8) = 0
1217  <... rt_sigaction resumed>NULL, 8) = 0
1216  rt_sigaction(SIGTTOU, NULL,  <unfinished ...>
1215  rt_sigaction(SIGTTOU, {sa_handler=SIG_DFL, sa_mask=[], sa_flags=SA_RESTORER, sa_restorer=0x7fdcd203c050},  <unfinished ...>
1217  rt_sigaction(SIGUSR2, NULL,  <unfinished ...>
1216  <... rt_sigaction resumed>{sa_handler=SIG_DFL, sa_mask=[], sa_flags=0}, 8) = 0
1214  rt_sigaction(SIGPROF, {sa_handler=SIG_DFL, sa_mask=[], sa_flags=SA_RESTORER, sa_restorer=0x7f72f8f1d050},  <unfinished ...>
1217  <... rt_sigaction resumed>{sa_handler=SIG_DFL, sa_mask=[], sa_flags=0}, 8) = 0
1216  rt_sigaction(SIGTTOU, {sa_handler=SIG_DFL, sa_mask=[], sa_flags=SA_RESTORER, sa_restorer=0x7fd88f390050},  <unfinished ...>
1215  <... rt_sigaction resumed>NULL, 8) = 0
1217  rt_sigaction(SIGUSR2, {sa_handler=SIG_DFL, sa_mask=[], sa_flags=SA_RESTORER, sa_restorer=0x7f7364125050},  <unfinished ...>
1216  <... rt_sigaction resumed>NULL, 8) = 0
1214  <... rt_sigaction resumed>NULL, 8) = 0
1217  <... rt_sigaction resumed>NULL, 8) = 0
1216  rt_sigaction(SIGURG, NULL,  <unfinished ...>
1215  rt_sigaction(SIGURG, NULL,  <unfinished ...>
1217  rt_sigaction(SIGPIPE, NULL,  <unfinished ...>
1216  <... rt_sigaction resumed>{sa_handler=SIG_DFL, sa_mask=[], sa_flags=0}, 8) = 0
1214  rt_sigaction(SIGWINCH, NULL,  <unfinished ...>
1217  <... rt_sigaction resumed>{sa_handler=SIG_IGN, sa_mask=[], sa_flags=0}, 8) = 0
1216  rt_sigaction(SIGURG, {sa_handler=SIG_DFL, sa_mask=[], sa_flags=SA_RESTORER, sa_restorer=0x7fd88f390050},  <unfinished ...>
1215  <... rt_sigaction resumed>{sa_handler=SIG_DFL, sa_mask=[], sa_flags=0}, 8) = 0
1217  rt_sigaction(SIGALRM, NULL,  <unfinished ...>
1216  <... rt_sigaction resumed>NULL, 8) = 0
1215  rt_sigaction(SIGURG, {sa_handler=SIG_DFL, sa_mask=[], sa_flags=SA_RESTORER, sa_restorer=0x7fdcd203c050},  <unfinished ...>
1214  <... rt_sigaction resumed>{sa_handler=SIG_DFL, sa_mask=[], sa_flags=0}, 8) = 0
1217  <... rt_sigaction resumed>{sa_handler=SIG_DFL, sa_mask=[], sa_flags=0}, 8) = 0
1216  rt_sigaction(SIGXCPU, NULL,  <unfinished ...>
1215  <... rt_sigaction resumed>NULL, 8) = 0
1217  rt_sigaction(SIGALRM, {sa_handler=SIG_DFL, sa_mask=[], sa_flags=SA_RESTORER, sa_restorer=0x7f7364125050},  <unfinished ...>
1216  <... rt_sigaction resumed>{sa_handler=SIG_DFL, sa_mask=[], sa_flags=0}, 8) = 0
1214  rt_sigaction(SIGWINCH, {sa_handler=SIG_DFL, sa_mask=[], sa_flags=SA_RESTORER, sa_restorer=0x7f72f8f1d050},  <unfinished ...>
1217  <... rt_sigaction resumed>NULL, 8) = 0
1216  rt_sigaction(SIGXCPU, {sa_handler=SIG_DFL, sa_mask=[], sa_flags=SA_RESTORER, sa_restorer=0x7fd88f390050},  <unfinished ...>
1215  rt_sigaction(SIGXCPU, NULL,  <unfinished ...>
1217  rt_sigaction(SIGTERM, NULL,  <unfinished ...>
1216  <... rt_sigaction resumed>NULL, 8) = 0
1214  <... rt_sigaction resumed>NULL, 8) = 0
1217  <... rt_sigaction resumed>{sa_handler=SIG_DFL, sa_mask=[], sa_flags=0}, 8) = 0
1216  rt_sigaction(SIGXFSZ, NULL,  <unfinished ...>
1215  <... rt_sigaction resumed>{sa_handler=SIG_DFL, sa_mask=[], sa_flags=0}, 8) = 0
1217  rt_sigaction(SIGTERM, {sa_handler=SIG_DFL, sa_mask=[], sa_flags=SA_RESTORER, sa_restorer=0x7f7364125050},  <unfinished ...>
1216  <... rt_sigaction resumed>{sa_handler=SIG_DFL, sa_mask=[], sa_flags=0}, 8) = 0
1214  rt_sigaction(SIGIO, NULL,  <unfinished ...>
1217  <... rt_sigaction resumed>NULL, 8) = 0
1216  rt_sigaction(SIGXFSZ, {sa_handler=SIG_DFL, sa_mask=[], sa_flags=SA_RESTORER, sa_restorer=0x7fd88f390050},  <unfinished ...>
1215  rt_sigaction(SIGXCPU, {sa_handler=SIG_DFL, sa_mask=[], sa_flags=SA_RESTORER, sa_restorer=0x7fdcd203c050},  <unfinished ...>
1217  rt_sigaction(SIGSTKFLT, NULL,  <unfinished ...>
1216  <... rt_sigaction resumed>NULL, 8) = 0
1214  <... rt_sigaction resumed>{sa_handler=SIG_DFL, sa_mask=[], sa_flags=0}, 8) = 0
1217  <... rt_sigaction resumed>{sa_handler=SIG_DFL, sa_mask=[], sa_flags=0}, 8) = 0
1216  rt_sigaction(SIGVTALRM, NULL,  <unfinished ...>
1215  <... rt_sigaction resumed>NULL, 8) = 0
1217  rt_sigaction(SIGSTKFLT, {sa_handler=SIG_DFL, sa_mask=[], sa_flags=SA_RESTORER, sa_restorer=0x7f7364125050},  <unfinished ...>
1216  <... rt_sigaction resumed>{sa_handler=SIG_DFL, sa_mask=[], sa_flags=0}, 8) = 0
1214  rt_sigaction(SIGIO, {sa_handler=SIG_DFL, sa_mask=[], sa_flags=SA_RESTORER, sa_restorer=0x7f72f8f1d050},  <unfinished ...>
1217  <... rt_sigaction resumed>NULL, 8) = 0
1216  rt_sigaction(SIGVTALRM, {sa_handler=SIG_DFL, sa_mask=[], sa_flags=SA_RESTORER, sa_restorer=0x7fd88f390050},  <unfinished ...>
1215  rt_sigaction(SIGXFSZ, NULL,  <unfinished ...>
1217  rt_sigaction(SIGCHLD, NULL,  <unfinished ...>
1216  <... rt_sigaction resumed>NULL, 8) = 0
1214  <... rt_sigaction resumed>NULL, 8) = 0
1217  <... rt_sigaction resumed>{sa_handler=SIG_DFL, sa_mask=[], sa_flags=0}, 8) = 0
1216  rt_sigaction(SIGPROF, NULL,  <unfinished ...>
1215  <... rt_sigaction resumed>{sa_handler=SIG_DFL, sa_mask=[], sa_flags=0}, 8) = 0
1217  rt_sigaction(SIGCHLD, {sa_handler=SIG_DFL, sa_mask=[], sa_flags=SA_RESTORER, sa_restorer=0x7f7364125050},  <unfinished ...>
1216  <... rt_sigaction resumed>{sa_handler=SIG_DFL, sa_mask=[], sa_flags=0}, 8) = 0
1214  rt_sigaction(SIGPWR, NULL,  <unfinished ...>
1217  <... rt_sigaction resumed>NULL, 8) = 0
1216  rt_sigaction(SIGPROF, {sa_handler=SIG_DFL, sa_mask=[], sa_flags=SA_RESTORER, sa_restorer=0x7fd88f390050},  <unfinished ...>
1215  rt_sigaction(SIGXFSZ, {sa_handler=SIG_DFL, sa_mask=[], sa_flags=SA_RESTORER, sa_restorer=0x7fdcd203c050},  <unfinished ...>
1217  rt_sigaction(SIGCONT, NULL,  <unfinished ...>
1216  <... rt_sigaction resumed>NULL, 8) = 0
1214  <... rt_sigaction resumed>{sa_handler=SIG_DFL, sa_mask=[], sa_flags=0}, 8) = 0
1217  <... rt_sigaction resumed>{sa_handler=SIG_DFL, sa_mask=[], sa_flags=0}, 8) = 0
1216  rt_sigaction(SIGWINCH, NULL,  <unfinished ...>
1215  <... rt_sigaction resumed>NULL, 8) = 0
1217  rt_sigaction(SIGCONT, {sa_handler=SIG_DFL, sa_mask=[], sa_flags=SA_RESTORER, sa_restorer=0x7f7364125050},  <unfinished ...>
1216  <... rt_sigaction resumed>{sa_handler=SIG_DFL, sa_mask=[], sa_flags=0}, 8) = 0
1214  rt_sigaction(SIGPWR, {sa_handler=SIG_DFL, sa_mask=[], sa_flags=SA_RESTORER, sa_restorer=0x7f72f8f1d050},  <unfinished ...>
1217  <... rt_sigaction resumed>NULL, 8) = 0
1216  rt_sigaction(SIGWINCH, {sa_handler=SIG_DFL, sa_mask=[], sa_flags=SA_RESTORER, sa_restorer=0x7fd88f390050},  <unfinished ...>
1215  rt_sigaction(SIGVTALRM, NULL,  <unfinished ...>
1217  rt_sigaction(SIGTSTP, NULL,  <unfinished ...>
1216  <... rt_sigaction resumed>NULL, 8) = 0
1214  <... rt_sigaction resumed>NULL, 8) = 0
1217  <... rt_sigaction resumed>{sa_handler=SIG_DFL, sa_mask=[], sa_flags=0}, 8) = 0
1216  rt_sigaction(SIGIO, NULL,  <unfinished ...>
1215  <... rt_sigaction resumed>{sa_handler=SIG_DFL, sa_mask=[], sa_flags=0}, 8) = 0
1217  rt_sigaction(SIGTSTP, {sa_handler=SIG_DFL, sa_mask=[], sa_flags=SA_RESTORER, sa_restorer=0x7f7364125050},  <unfinished ...>
1216  <... rt_sigaction resumed>{sa_handler=SIG_DFL, sa_mask=[], sa_flags=0}, 8) = 0
1214  rt_sigaction(SIGSYS, NULL,  <unfinished ...>
1217  <... rt_sigaction resumed>NULL, 8) = 0
1216  rt_sigaction(SIGIO, {sa_handler=SIG_DFL, sa_mask=[], sa_flags=SA_RESTORER, sa_restorer=0x7fd88f390050},  <unfinished ...>
1215  rt_sigaction(SIGVTALRM, {sa_handler=SIG_DFL, sa_mask=[], sa_flags=SA_RESTORER, sa_restorer=0x7fdcd203c050},  <unfinished ...>
1217  rt_sigaction(SIGTTIN, NULL,  <unfinished ...>
1216  <... rt_sigaction resumed>NULL, 8) = 0
1214  <... rt_sigaction resumed>{sa_handler=SIG_DFL, sa_mask=[], sa_flags=0}, 8) = 0
1217  <... rt_sigaction resumed>{sa_handler=SIG_DFL, sa_mask=[], sa_flags=0}, 8) = 0
1216  rt_sigaction(SIGPWR, NULL,  <unfinished ...>
1215  <... rt_sigaction resumed>NULL, 8) = 0
1217  rt_sigaction(SIGTTIN, {sa_handler=SIG_DFL, sa_mask=[], sa_flags=SA_RESTORER, sa_restorer=0x7f7364125050},  <unfinished ...>
1216  <... rt_sigaction resumed>{sa_handler=SIG_DFL, sa_mask=[], sa_flags=0}, 8) = 0
1214  rt_sigaction(SIGSYS, {sa_handler=SIG_DFL, sa_mask=[], sa_flags=SA_RESTORER, sa_restorer=0x7f72f8f1d050},  <unfinished ...>
1217  <... rt_sigaction resumed>NULL, 8) = 0
1216  rt_sigaction(SIGPWR, {sa_handler=SIG_DFL, sa_mask=[], sa_flags=SA_RESTORER, sa_restorer=0x7fd88f390050},  <unfinished ...>
1215  rt_sigaction(SIGPROF, NULL,  <unfinished ...>
1217  rt_sigaction(SIGTTOU, NULL,  <unfinished ...>
1216  <... rt_sigaction resumed>NULL, 8) = 0
1214  <... rt_sigaction resumed>NULL, 8) = 0
1217  <... rt_sigaction resumed>{sa_handler=SIG_DFL, sa_mask=[], sa_flags=0}, 8) = 0
1216  rt_sigaction(SIGSYS, NULL,  <unfinished ...>
1215  <... rt_sigaction resumed>{sa_handler=SIG_DFL, sa_mask=[], sa_flags=0}, 8) = 0
1217  rt_sigaction(SIGTTOU, {sa_handler=SIG_DFL, sa_mask=[], sa_flags=SA_RESTORER, sa_restorer=0x7f7364125050},  <unfinished ...>
1216  <... rt_sigaction resumed>{sa_handler=SIG_DFL, sa_mask=[], sa_flags=0}, 8) = 0
1214  rt_sigaction(SIGRTMIN, {sa_handler=SIG_IGN, sa_mask=[], sa_flags=SA_RESTORER, sa_restorer=0x7f72f8f1d050},  <unfinished ...>
1217  <... rt_sigaction resumed>NULL, 8) = 0
1216  rt_sigaction(SIGSYS, {sa_handler=SIG_DFL, sa_mask=[], sa_flags=SA_RESTORER, sa_restorer=0x7fd88f390050},  <unfinished ...>
1215  rt_sigaction(SIGPROF, {sa_handler=SIG_DFL, sa_mask=[], sa_flags=SA_RESTORER, sa_restorer=0x7fdcd203c050},  <unfinished ...>
1217  rt_sigaction(SIGURG, NULL,  <unfinished ...>
1216  <... rt_sigaction resumed>NULL, 8) = 0
1214  <... rt_sigaction resumed>NULL, 8) = 0
1217  <... rt_sigaction resumed>{sa_handler=SIG_DFL, sa_mask=[], sa_flags=0}, 8) = 0
1216  rt_sigaction(SIGRTMIN, {sa_handler=SIG_IGN, sa_mask=[], sa_flags=SA_RESTORER, sa_restorer=0x7fd88f390050},  <unfinished ...>
1215  <... rt_sigaction resumed>NULL, 8) = 0
1217  rt_sigaction(SIGURG, {sa_handler=SIG_DFL, sa_mask=[], sa_flags=SA_RESTORER, sa_restorer=0x7f7364125050},  <unfinished ...>
1216  <... rt_sigaction resumed>NULL, 8) = 0
1214  rt_sigaction(SIGRT_1, {sa_handler=SIG_IGN, sa_mask=[], sa_flags=SA_RESTORER, sa_restorer=0x7f72f8f1d050},  <unfinished ...>
1217  <... rt_sigaction resumed>NULL, 8) = 0
1216  rt_sigaction(SIGRT_1, {sa_handler=SIG_IGN, sa_mask=[], sa_flags=SA_RESTORER, sa_restorer=0x7fd88f390050},  <unfinished ...>
1215  rt_sigaction(SIGWINCH, NULL,  <unfinished ...>
1217  rt_sigaction(SIGXCPU, NULL,  <unfinished ...>
1216  <... rt_sigaction resumed>NULL, 8) = 0
1214  <... rt_sigaction resumed>NULL, 8) = 0
1217  <... rt_sigaction resumed>{sa_handler=SIG_DFL, sa_mask=[], sa_flags=0}, 8) = 0
1216  rt_sigaction(SIGRT_2, NULL,  <unfinished ...>
1215  <... rt_sigaction resumed>{sa_handler=SIG_DFL, sa_mask=[], sa_flags=0}, 8) = 0
1217  rt_sigaction(SIGXCPU, {sa_handler=SIG_DFL, sa_mask=[], sa_flags=SA_RESTORER, sa_restorer=0x7f7364125050},  <unfinished ...>
1216  <... rt_sigaction resumed>{sa_handler=SIG_DFL, sa_mask=[], sa_flags=0}, 8) = 0
1214  rt_sigaction(SIGRT_2, NULL,  <unfinished ...>
1217  <... rt_sigaction resumed>NULL, 8) = 0
1216  rt_sigaction(SIGRT_2, {sa_handler=SIG_DFL, sa_mask=[], sa_flags=SA_RESTORER, sa_restorer=0x7fd88f390050},  <unfinished ...>
1215  rt_sigaction(SIGWINCH, {sa_handler=SIG_DFL, sa_mask=[], sa_flags=SA_RESTORER, sa_restorer=0x7fdcd203c050},  <unfinished ...>
1217  rt_sigaction(SIGXFSZ, NULL,  <unfinished ...>
1216  <... rt_sigaction resumed>NULL, 8) = 0
1214  <... rt_sigaction resumed>{sa_handler=SIG_DFL, sa_mask=[], sa_flags=0}, 8) = 0
1217  <... rt_sigaction resumed>{sa_handler=SIG_DFL, sa_mask=[], sa_flags=0}, 8) = 0
1216  rt_sigaction(SIGRT_3, NULL,  <unfinished ...>
1215  <... rt_sigaction resumed>NULL, 8) = 0
1217  rt_sigaction(SIGXFSZ, {sa_handler=SIG_DFL, sa_mask=[], sa_flags=SA_RESTORER, sa_restorer=0x7f7364125050},  <unfinished ...>
1216  <... rt_sigaction resumed>{sa_handler=SIG_DFL, sa_mask=[], sa_flags=0}, 8) = 0
1214  rt_sigaction(SIGRT_2, {sa_handler=SIG_DFL, sa_mask=[], sa_flags=SA_RESTORER, sa_restorer=0x7f72f8f1d050},  <unfinished ...>
1217  <... rt_sigaction resumed>NULL, 8) = 0
1216  rt_sigaction(SIGRT_3, {sa_handler=SIG_DFL, sa_mask=[], sa_flags=SA_RESTORER, sa_restorer=0x7fd88f390050},  <unfinished ...>
1215  rt_sigaction(SIGIO, NULL,  <unfinished ...>
1217  rt_sigaction(SIGVTALRM, NULL,  <unfinished ...>
1216  <... rt_sigaction resumed>NULL, 8) = 0
1214  <... rt_sigaction resumed>NULL, 8) = 0
1217  <... rt_sigaction resumed>{sa_handler=SIG_DFL, sa_mask=[], sa_flags=0}, 8) = 0
1216  rt_sigaction(SIGRT_4, NULL,  <unfinished ...>
1215  <... rt_sigaction resumed>{sa_handler=SIG_DFL, sa_mask=[], sa_flags=0}, 8) = 0
1217  rt_sigaction(SIGVTALRM, {sa_handler=SIG_DFL, sa_mask=[], sa_flags=SA_RESTORER, sa_restorer=0x7f7364125050},  <unfinished ...>
1216  <... rt_sigaction resumed>{sa_handler=SIG_DFL, sa_mask=[], sa_flags=0}, 8) = 0
1214  rt_sigaction(SIGRT_3, NULL,  <unfinished ...>
1217  <... rt_sigaction resumed>NULL, 8) = 0
1216  rt_sigaction(SIGRT_4, {sa_handler=SIG_DFL, sa_mask=[], sa_flags=SA_RESTORER, sa_restorer=0x7fd88f390050},  <unfinished ...>
1215  rt_sigaction(SIGIO, {sa_handler=SIG_DFL, sa_mask=[], sa_flags=SA_RESTORER, sa_restorer=0x7fdcd203c050},  <unfinished ...>
1217  rt_sigaction(SIGPROF, NULL,  <unfinished ...>
1216  <... rt_sigaction resumed>NULL, 8) = 0
1214  <... rt_sigaction resumed>{sa_handler=SIG_DFL, sa_mask=[], sa_flags=0}, 8) = 0
1217  <... rt_sigaction resumed>{sa_handler=SIG_DFL, sa_mask=[], sa_flags=0}, 8) = 0
1216  rt_sigaction(SIGRT_5, NULL,  <unfinished ...>
1215  <... rt_sigaction resumed>NULL, 8) = 0
1217  rt_sigaction(SIGPROF, {sa_handler=SIG_DFL, sa_mask=[], sa_flags=SA_RESTORER, sa_restorer=0x7f7364125050},  <unfinished ...>
1216  <... rt_sigaction resumed>{sa_handler=SIG_DFL, sa_mask=[], sa_flags=0}, 8) = 0
1214  rt_sigaction(SIGRT_3, {sa_handler=SIG_DFL, sa_mask=[], sa_flags=SA_RESTORER, sa_restorer=0x7f72f8f1d050},  <unfinished ...>
1217  <... rt_sigaction resumed>NULL, 8) = 0
1216  rt_sigaction(SIGRT_5, {sa_handler=SIG_DFL, sa_mask=[], sa_flags=SA_RESTORER, sa_restorer=0x7fd88f390050},  <unfinished ...>
1215  rt_sigaction(SIGPWR, NULL,  <unfinished ...>
1217  rt_sigaction(SIGWINCH, NULL,  <unfinished ...>
1216  <... rt_sigaction resumed>NULL, 8) = 0
1214  <... rt_sigaction resumed>NULL, 8) = 0
1217  <... rt_sigaction resumed>{sa_handler=SIG_DFL, sa_mask=[], sa_flags=0}, 8) = 0
1216  rt_sigaction(SIGRT_6, NULL,  <unfinished ...>
1215  <... rt_sigaction resumed>{sa_handler=SIG_DFL, sa_mask=[], sa_flags=0}, 8) = 0
1217  rt_sigaction(SIGWINCH, {sa_handler=SIG_DFL, sa_mask=[], sa_flags=SA_RESTORER, sa_restorer=0x7f7364125050},  <unfinished ...>
1216  <... rt_sigaction resumed>{sa_handler=SIG_DFL, sa_mask=[], sa_flags=0}, 8) = 0
1214  rt_sigaction(SIGRT_4, NULL,  <unfinished ...>
1217  <... rt_sigaction resumed>NULL, 8) = 0
1216  rt_sigaction(SIGRT_6, {sa_handler=SIG_DFL, sa_mask=[], sa_flags=SA_RESTORER, sa_restorer=0x7fd88f390050},  <unfinished ...>
1215  rt_sigaction(SIGPWR, {sa_handler=SIG_DFL, sa_mask=[], sa_flags=SA_RESTORER, sa_restorer=0x7fdcd203c050},  <unfinished ...>
1217  rt_sigaction(SIGIO, NULL,  <unfinished ...>
1216  <... rt_sigaction resumed>NULL, 8) = 0
1214  <... rt_sigaction resumed>{sa_handler=SIG_DFL, sa_mask=[], sa_flags=0}, 8) = 0
1217  <... rt_sigaction resumed>{sa_handler=SIG_DFL, sa_mask=[], sa_flags=0}, 8) = 0
1216  rt_sigaction(SIGRT_7, NULL,  <unfinished ...>
1215  <... rt_sigaction resumed>NULL, 8) = 0
1217  rt_sigaction(SIGIO, {sa_handler=SIG_DFL, sa_mask=[], sa_flags=SA_RESTORER, sa_restorer=0x7f7364125050},  <unfinished ...>
1216  <... rt_sigaction resumed>{sa_handler=SIG_DFL, sa_mask=[], sa_flags=0}, 8) = 0
1214  rt_sigaction(SIGRT_4, {sa_handler=SIG_DFL, sa_mask=[], sa_flags=SA_RESTORER, sa_restorer=0x7f72f8f1d050},  <unfinished ...>
1217  <... rt_sigaction resumed>NULL, 8) = 0
1216  rt_sigaction(SIGRT_7, {sa_handler=SIG_DFL, sa_mask=[], sa_flags=SA_RESTORER, sa_restorer=0x7fd88f390050},  <unfinished ...>
1215  rt_sigaction(SIGSYS, NULL,  <unfinished ...>
1217  rt_sigaction(SIGPWR, NULL,  <unfinished ...>
1216  <... rt_sigaction resumed>NULL, 8) = 0
1214  <... rt_sigaction resumed>NULL, 8) = 0
1217  <... rt_sigaction resumed>{sa_handler=SIG_DFL, sa_mask=[], sa_flags=0}, 8) = 0
1216  rt_sigaction(SIGRT_8, NULL,  <unfinished ...>
1215  <... rt_sigaction resumed>{sa_handler=SIG_DFL, sa_mask=[], sa_flags=0}, 8) = 0
1217  rt_sigaction(SIGPWR, {sa_handler=SIG_DFL, sa_mask=[], sa_flags=SA_RESTORER, sa_restorer=0x7f7364125050},  <unfinished ...>
1216  <... rt_sigaction resumed>{sa_handler=SIG_DFL, sa_mask=[], sa_flags=0}, 8) = 0
1214  rt_sigaction(SIGRT_5, NULL,  <unfinished ...>
1217  <... rt_sigaction resumed>NULL, 8) = 0
1216  rt_sigaction(SIGRT_8, {sa_handler=SIG_DFL, sa_mask=[], sa_flags=SA_RESTORER, sa_restorer=0x7fd88f390050},  <unfinished ...>
1215  rt_sigaction(SIGSYS, {sa_handler=SIG_DFL, sa_mask=[], sa_flags=SA_RESTORER, sa_restorer=0x7fdcd203c050},  <unfinished ...>
1217  rt_sigaction(SIGSYS, NULL,  <unfinished ...>
1216  <... rt_sigaction resumed>NULL, 8) = 0
1214  <... rt_sigaction resumed>{sa_handler=SIG_DFL, sa_mask=[], sa_flags=0}, 8) = 0
1217  <... rt_sigaction resumed>{sa_handler=SIG_DFL, sa_mask=[], sa_flags=0}, 8) = 0
1216  rt_sigaction(SIGRT_9, NULL,  <unfinished ...>
1215  <... rt_sigaction resumed>NULL, 8) = 0
1217  rt_sigaction(SIGSYS, {sa_handler=SIG_DFL, sa_mask=[], sa_flags=SA_RESTORER, sa_restorer=0x7f7364125050},  <unfinished ...>
1216  <... rt_sigaction resumed>{sa_handler=SIG_DFL, sa_mask=[], sa_flags=0}, 8) = 0
1214  rt_sigaction(SIGRT_5, {sa_handler=SIG_DFL, sa_mask=[], sa_flags=SA_RESTORER, sa_restorer=0x7f72f8f1d050},  <unfinished ...>
1217  <... rt_sigaction resumed>NULL, 8) = 0
1216  rt_sigaction(SIGRT_9, {sa_handler=SIG_DFL, sa_mask=[], sa_flags=SA_RESTORER, sa_restorer=0x7fd88f390050},  <unfinished ...>
1215  rt_sigaction(SIGRTMIN, {sa_handler=SIG_IGN, sa_mask=[], sa_flags=SA_RESTORER, sa_restorer=0x7fdcd203c050},  <unfinished ...>
1217  rt_sigaction(SIGRTMIN, {sa_handler=SIG_IGN, sa_mask=[], sa_flags=SA_RESTORER, sa_restorer=0x7f7364125050},  <unfinished ...>
1216  <... rt_sigaction resumed>NULL, 8) = 0
1214  <... rt_sigaction resumed>NULL, 8) = 0
1217  <... rt_sigaction resumed>NULL, 8) = 0
1216  rt_sigaction(SIGRT_10, NULL,  <unfinished ...>
1215  <... rt_sigaction resumed>NULL, 8) = 0
1217  rt_sigaction(SIGRT_1, {sa_handler=SIG_IGN, sa_mask=[], sa_flags=SA_RESTORER, sa_restorer=0x7f7364125050},  <unfinished ...>
1216  <... rt_sigaction resumed>{sa_handler=SIG_DFL, sa_mask=[], sa_flags=0}, 8) = 0
1214  rt_sigaction(SIGRT_6, NULL,  <unfinished ...>
1217  <... rt_sigaction resumed>NULL, 8) = 0
1216  rt_sigaction(SIGRT_10, {sa_handler=SIG_DFL, sa_mask=[], sa_flags=SA_RESTORER, sa_restorer=0x7fd88f390050},  <unfinished ...>
1215  rt_sigaction(SIGRT_1, {sa_handler=SIG_IGN, sa_mask=[], sa_flags=SA_RESTORER, sa_restorer=0x7fdcd203c050},  <unfinished ...>
1217  rt_sigaction(SIGRT_2, NULL,  <unfinished ...>
1216  <... rt_sigaction resumed>NULL, 8) = 0
1214  <... rt_sigaction resumed>{sa_handler=SIG_DFL, sa_mask=[], sa_flags=0}, 8) = 0
1217  <... rt_sigaction resumed>{sa_handler=SIG_DFL, sa_mask=[], sa_flags=0}, 8) = 0
1216  rt_sigaction(SIGRT_11, NULL,  <unfinished ...>
1215  <... rt_sigaction resumed>NULL, 8) = 0
1217  rt_sigaction(SIGRT_2, {sa_handler=SIG_DFL, sa_mask=[], sa_flags=SA_RESTORER, sa_restorer=0x7f7364125050},  <unfinished ...>
1216  <... rt_sigaction resumed>{sa_handler=SIG_DFL, sa_mask=[], sa_flags=0}, 8) = 0
1214  rt_sigaction(SIGRT_6, {sa_handler=SIG_DFL, sa_mask=[], sa_flags=SA_RESTORER, sa_restorer=0x7f72f8f1d050},  <unfinished ...>
1217  <... rt_sigaction resumed>NULL, 8) = 0
1216  rt_sigaction(SIGRT_11, {sa_handler=SIG_DFL, sa_mask=[], sa_flags=SA_RESTORER, sa_restorer=0x7fd88f390050},  <unfinished ...>
1215  rt_sigaction(SIGRT_2, NULL,  <unfinished ...>
1217  rt_sigaction(SIGRT_3, NULL,  <unfinished ...>
1216  <... rt_sigaction resumed>NULL, 8) = 0
1214  <... rt_sigaction resumed>NULL, 8) = 0
1217  <... rt_sigaction resumed>{sa_handler=SIG_DFL, sa_mask=[], sa_flags=0}, 8) = 0
1216  rt_sigaction(SIGRT_12, NULL,  <unfinished ...>
1215  <... rt_sigaction resumed>{sa_handler=SIG_DFL, sa_mask=[], sa_flags=0}, 8) = 0
1217  rt_sigaction(SIGRT_3, {sa_handler=SIG_DFL, sa_mask=[], sa_flags=SA_RESTORER, sa_restorer=0x7f7364125050},  <unfinished ...>
1216  <... rt_sigaction resumed>{sa_handler=SIG_DFL, sa_mask=[], sa_flags=0}, 8) = 0
1214  rt_sigaction(SIGRT_7, NULL,  <unfinished ...>
1217  <... rt_sigaction resumed>NULL, 8) = 0
1216  rt_sigaction(SIGRT_12, {sa_handler=SIG_DFL, sa_mask=[], sa_flags=SA_RESTORER, sa_restorer=0x7fd88f390050},  <unfinished ...>
1215  rt_sigaction(SIGRT_2, {sa_handler=SIG_DFL, sa_mask=[], sa_flags=SA_RESTORER, sa_restorer=0x7fdcd203c050},  <unfinished ...>
1217  rt_sigaction(SIGRT_4, NULL,  <unfinished ...>
1216  <... rt_sigaction resumed>NULL, 8) = 0
1214  <... rt_sigaction resumed>{sa_handler=SIG_DFL, sa_mask=[], sa_flags=0}, 8) = 0
1217  <... rt_sigaction resumed>{sa_handler=SIG_DFL, sa_mask=[], sa_flags=0}, 8) = 0
1216  rt_sigaction(SIGRT_13, NULL,  <unfinished ...>
1215  <... rt_sigaction resumed>NULL, 8) = 0
1217  rt_sigaction(SIGRT_4, {sa_handler=SIG_DFL, sa_mask=[], sa_flags=SA_RESTORER, sa_restorer=0x7f7364125050},  <unfinished ...>
1216  <... rt_sigaction resumed>{sa_handler=SIG_DFL, sa_mask=[], sa_flags=0}, 8) = 0
1214  rt_sigaction(SIGRT_7, {sa_handler=SIG_DFL, sa_mask=[], sa_flags=SA_RESTORER, sa_restorer=0x7f72f8f1d050},  <unfinished ...>
1217  <... rt_sigaction resumed>NULL, 8) = 0
1216  rt_sigaction(SIGRT_13, {sa_handler=SIG_DFL, sa_mask=[], sa_flags=SA_RESTORER, sa_restorer=0x7fd88f390050},  <unfinished ...>
1215  rt_sigaction(SIGRT_3, NULL,  <unfinished ...>
1217  rt_sigaction(SIGRT_5, NULL,  <unfinished ...>
1216  <... rt_sigaction resumed>NULL, 8) = 0
1214  <... rt_sigaction resumed>NULL, 8) = 0
1217  <... rt_sigaction resumed>{sa_handler=SIG_DFL, sa_mask=[], sa_flags=0}, 8) = 0
1216  rt_sigaction(SIGRT_14, NULL,  <unfinished ...>
1215  <... rt_sigaction resumed>{sa_handler=SIG_DFL, sa_mask=[], sa_flags=0}, 8) = 0
1217  rt_sigaction(SIGRT_5, {sa_handler=SIG_DFL, sa_mask=[], sa_flags=SA_RESTORER, sa_restorer=0x7f7364125050},  <unfinished ...>
1216  <... rt_sigaction resumed>{sa_handler=SIG_DFL, sa_mask=[], sa_flags=0}, 8) = 0
1214  rt_sigaction(SIGRT_8, NULL,  <unfinished ...>
1217  <... rt_sigaction resumed>NULL, 8) = 0
1216  rt_sigaction(SIGRT_14, {sa_handler=SIG_DFL, sa_mask=[], sa_flags=SA_RESTORER, sa_restorer=0x7fd88f390050},  <unfinished ...>
1215  rt_sigaction(SIGRT_3, {sa_handler=SIG_DFL, sa_mask=[], sa_flags=SA_RESTORER, sa_restorer=0x7fdcd203c050},  <unfinished ...>
1217  rt_sigaction(SIGRT_6, NULL,  <unfinished ...>
1216  <... rt_sigaction resumed>NULL, 8) = 0
1214  <... rt_sigaction resumed>{sa_handler=SIG_DFL, sa_mask=[], sa_flags=0}, 8) = 0
1217  <... rt_sigaction resumed>{sa_handler=SIG_DFL, sa_mask=[], sa_flags=0}, 8) = 0
1216  rt_sigaction(SIGRT_15, NULL,  <unfinished ...>
1215  <... rt_sigaction resumed>NULL, 8) = 0
1217  rt_sigaction(SIGRT_6, {sa_handler=SIG_DFL, sa_mask=[], sa_flags=SA_RESTORER, sa_restorer=0x7f7364125050},  <unfinished ...>
1216  <... rt_sigaction resumed>{sa_handler=SIG_DFL, sa_mask=[], sa_flags=0}, 8) = 0
1214  rt_sigaction(SIGRT_8, {sa_handler=SIG_DFL, sa_mask=[], sa_flags=SA_RESTORER, sa_restorer=0x7f72f8f1d050},  <unfinished ...>
1217  <... rt_sigaction resumed>NULL, 8) = 0
1216  rt_sigaction(SIGRT_15, {sa_handler=SIG_DFL, sa_mask=[], sa_flags=SA_RESTORER, sa_restorer=0x7fd88f390050},  <unfinished ...>
1215  rt_sigaction(SIGRT_4, NULL,  <unfinished ...>
1217  rt_sigaction(SIGRT_7, NULL,  <unfinished ...>
1216  <... rt_sigaction resumed>NULL, 8) = 0
1214  <... rt_sigaction resumed>NULL, 8) = 0
1217  <... rt_sigaction resumed>{sa_handler=SIG_DFL, sa_mask=[], sa_flags=0}, 8) = 0
1216  rt_sigaction(SIGRT_16, NULL,  <unfinished ...>
1215  <... rt_sigaction resumed>{sa_handler=SIG_DFL, sa_mask=[], sa_flags=0}, 8) = 0
1217  rt_sigaction(SIGRT_7, {sa_handler=SIG_DFL, sa_mask=[], sa_flags=SA_RESTORER, sa_restorer=0x7f7364125050},  <unfinished ...>
1216  <... rt_sigaction resumed>{sa_handler=SIG_DFL, sa_mask=[], sa_flags=0}, 8) = 0
1214  rt_sigaction(SIGRT_9, NULL,  <unfinished ...>
1217  <... rt_sigaction resumed>NULL, 8) = 0
1216  rt_sigaction(SIGRT_16, {sa_handler=SIG_DFL, sa_mask=[], sa_flags=SA_RESTORER, sa_restorer=0x7fd88f390050},  <unfinished ...>
1215  rt_sigaction(SIGRT_4, {sa_handler=SIG_DFL, sa_mask=[], sa_flags=SA_RESTORER, sa_restorer=0x7fdcd203c050},  <unfinished ...>
1217  rt_sigaction(SIGRT_8, NULL,  <unfinished ...>
1216  <... rt_sigaction resumed>NULL, 8) = 0
1214  <... rt_sigaction resumed>{sa_handler=SIG_DFL, sa_mask=[], sa_flags=0}, 8) = 0
1217  <... rt_sigaction resumed>{sa_handler=SIG_DFL, sa_mask=[], sa_flags=0}, 8) = 0
