2464  <... mmap resumed>)               = 0x7f84cc700000
2467  <... read resumed>"7f7158ec0000-7f7158f9d000 r-xp 0"..., 4210) = 1403
2466  rt_sigaction(SIGSEGV, {sa_handler=0x7fbbaaaa1400, sa_mask=[], sa_flags=SA_RESTORER|SA_ONSTACK|SA_NODEFER|SA_SIGINFO, sa_restorer=0x7fbbaa20d050},  <unfinished ...>
2465  <... prlimit64 resumed>NULL)      = 0
2467  read(4,  <unfinished ...>
2466  <... rt_sigaction resumed>NULL, 8) = 0
2464  munmap(0x7f84cc800000, 1048576 <unfinished ...>
2467  <... read resumed>"", 2807)       = 0
2466  rt_sigaction(SIGBUS, {sa_handler=0x7fbbaaaa1400, sa_mask=[], sa_flags=SA_RESTORER|SA_ONSTACK|SA_NODEFER|SA_SIGINFO, sa_restorer=0x7fbbaa20d050},  <unfinished ...>
2465  mmap(NULL, 4096, PROT_READ|PROT_WRITE, MAP_PRIVATE|MAP_ANONYMOUS, -1, 0 <unfinished ...>
2467  close(4 <unfinished ...>
2466  <... rt_sigaction resumed>NULL, 8) = 0
2464  <... munmap resumed>)             = 0
2467  <... close resumed>)              = 0
2466  rt_sigaction(SIGFPE, {sa_handler=0x7fbbaaaa1400, sa_mask=[], sa_flags=SA_RESTORER|SA_ONSTACK|SA_NODEFER|SA_SIGINFO, sa_restorer=0x7fbbaa20d050},  <unfinished ...>
2465  <... mmap resumed>)               = 0x7f8118982000
2467  mmap(NULL, 4096, PROT_READ|PROT_WRITE, MAP_PRIVATE|MAP_ANONYMOUS, -1, 0 <unfinished ...>
2466  <... rt_sigaction resumed>NULL, 8) = 0
2464  mmap(NULL, 4096, PROT_READ|PROT_WRITE, MAP_PRIVATE|MAP_ANONYMOUS, -1, 0 <unfinished ...>
2467  <... mmap resumed>)               = 0x7f715953c000
2466  mmap(0x600000000000, 4398046519296, PROT_NONE, MAP_PRIVATE|MAP_FIXED|MAP_ANONYMOUS|MAP_NORESERVE, -1, 0 <unfinished ...>
2465  open("/proc/self/maps", O_RDONLY <unfinished ...>
2467  open("/proc/self/maps", O_RDONLY <unfinished ...>
2466  <... mmap resumed>)               = 0x600000000000
2464  <... mmap resumed>)               = 0x7f84ce00f000
2467  <... open resumed>)               = 4
2466  mmap(0x640000000000, 8192, PROT_READ|PROT_WRITE, MAP_PRIVATE|MAP_FIXED|MAP_ANONYMOUS, -1, 0 <unfinished ...>
2465  <... open resumed>)               = 4
2467  read(4,  <unfinished ...>
2466  <... mmap resumed>)               = 0x640000000000
2464  mmap(NULL, 2097152, PROT_READ|PROT_WRITE, MAP_PRIVATE|MAP_ANONYMOUS, -1, 0 <unfinished ...>
2467  <... read resumed>"55ee2e760000-55ee2e762000 r--p 0"..., 4096) = 3982
2466  mmap(NULL, 8388608, PROT_NONE, MAP_PRIVATE|MAP_ANONYMOUS|MAP_NORESERVE, -1, 0 <unfinished ...>
2465  read(4,  <unfinished ...>
2467  read(4,  <unfinished ...>
2466  <... mmap resumed>)               = 0x7fbba8a00000
2464  <... mmap resumed>)               = 0x7f84cc500000
2467  <... read resumed>"7f7158ec0000-7f7158f9d000 r-xp 0"..., 114) = 114
2466  mmap(NULL, 57344, PROT_READ|PROT_WRITE, MAP_PRIVATE|MAP_ANONYMOUS, -1, 0 <unfinished ...>
2465  <... read resumed>"556d54c60000-556d54c62000 r--p 0"..., 4096) = 3982
2467  close(4 <unfinished ...>
2466  <... mmap resumed>)               = 0x7fbba9b0d000
2464  munmap(0x7f84cc600000, 1048576 <unfinished ...>
2467  <... close resumed>)              = 0
2466  mmap(NULL, 4096, PROT_READ|PROT_WRITE, MAP_PRIVATE|MAP_ANONYMOUS, -1, 0 <unfinished ...>
2465  read(4,  <unfinished ...>
2467  munmap(0x7f715953c000, 4096 <unfinished ...>
2466  <... mmap resumed>)               = 0x7fbbab084000
2464  <... munmap resumed>)             = 0
2467  <... munmap resumed>)             = 0
2466  mmap(NULL, 4096, PROT_READ|PROT_WRITE, MAP_PRIVATE|MAP_ANONYMOUS, -1, 0 <unfinished ...>
2465  <... read resumed>"7f8118306000-7f81183e3000 r-xp 0"..., 114) = 114
2467  mmap(NULL, 8192, PROT_READ|PROT_WRITE, MAP_PRIVATE|MAP_ANONYMOUS, -1, 0 <unfinished ...>
2466  <... mmap resumed>)               = 0x7fbba9b0c000
2464  mmap(NULL, 2097152, PROT_READ|PROT_WRITE, MAP_PRIVATE|MAP_ANONYMOUS, -1, 0 <unfinished ...>
2467  <... mmap resumed>)               = 0x7f7157fd9000
2466  getpid( <unfinished ...>
2465  close(4 <unfinished ...>
2467  open("/proc/self/maps", O_RDONLY <unfinished ...>
2466  <... getpid resumed>)             = 2466
2464  <... mmap resumed>)               = 0x7f84cc300000
2467  <... open resumed>)               = 4
2466  prlimit64(0, RLIMIT_STACK, NULL,  <unfinished ...>
2465  <... close resumed>)              = 0
2467  read(4,  <unfinished ...>
2466  <... prlimit64 resumed>{rlim_cur=8192*1024, rlim_max=RLIM64_INFINITY}) = 0
2464  munmap(0x7f84cc400000, 1048576 <unfinished ...>
2467  <... read resumed>"55ee2e760000-55ee2e762000 r--p 0"..., 8192) = 3982
2466  mmap(NULL, 4096, PROT_READ|PROT_WRITE, MAP_PRIVATE|MAP_ANONYMOUS, -1, 0 <unfinished ...>
2465  munmap(0x7f8118982000, 4096 <unfinished ...>
2467  read(4,  <unfinished ...>
2466  <... mmap resumed>)               = 0x7fbba9b0b000
2464  <... munmap resumed>)             = 0
2467  <... read resumed>"7f7158ec0000-7f7158f9d000 r-xp 0"..., 4210) = 1403
2466  open("/proc/self/maps", O_RDONLY <unfinished ...>
2465  <... munmap resumed>)             = 0
2467  read(4,  <unfinished ...>
2466  <... open resumed>)               = 4
2464  mmap(NULL, 2097152, PROT_READ|PROT_WRITE, MAP_PRIVATE|MAP_ANONYMOUS, -1, 0 <unfinished ...>
2467  <... read resumed>"", 2807)       = 0
2466  read(4,  <unfinished ...>
2465  mmap(NULL, 8192, PROT_READ|PROT_WRITE, MAP_PRIVATE|MAP_ANONYMOUS, -1, 0 <unfinished ...>
2467  close(4 <unfinished ...>
2466  <... read resumed>"7fff7000-8fff7000 rw-p 00000000 "..., 4096) = 3980
2464  <... mmap resumed>)               = 0x7f84cc100000
2467  <... close resumed>)              = 0
2466  read(4,  <unfinished ...>
2465  <... mmap resumed>)               = 0x7f8117421000
2467  munmap(0x7f7157fd9000, 8192 <unfinished ...>
2466  <... read resumed>"7fbbaa40f000-7fbbaa412000 rw-p 0"..., 116) = 116
2464  munmap(0x7f84cc200000, 1048576 <unfinished ...>
2467  <... munmap resumed>)             = 0
2466  close(4 <unfinished ...>
2465  open("/proc/self/maps", O_RDONLY <unfinished ...>
2467  mmap(0x7fff7000, 268435456, PROT_READ|PROT_WRITE, MAP_PRIVATE|MAP_FIXED|MAP_ANONYMOUS|MAP_NORESERVE, -1, 0 <unfinished ...>
2466  <... close resumed>)              = 0
2464  <... munmap resumed>)             = 0
2467  <... mmap resumed>)               = 0x7fff7000
2466  munmap(0x7fbba9b0b000, 4096 <unfinished ...>
2465  <... open resumed>)               = 4
2467  madvise(0x7fff7000, 268435456, MADV_NOHUGEPAGE <unfinished ...>
2466  <... munmap resumed>)             = 0
2464  mmap(NULL, 4096, PROT_READ|PROT_WRITE, MAP_PRIVATE|MAP_ANONYMOUS, -1, 0 <unfinished ...>
2467  <... madvise resumed>)            = 0
2466  mmap(NULL, 8192, PROT_READ|PROT_WRITE, MAP_PRIVATE|MAP_ANONYMOUS, -1, 0 <unfinished ...>
2465  read(4,  <unfinished ...>
2467  madvise(0x7fff7000, 268435456, MADV_DONTDUMP <unfinished ...>
2466  <... mmap resumed>)               = 0x7fbba9b0a000
2464  <... mmap resumed>)               = 0x7f84ce00e000
2467  <... madvise resumed>)            = 0
2466  open("/proc/self/maps", O_RDONLY <unfinished ...>
2465  <... read resumed>"556d54c60000-556d54c62000 r--p 0"..., 8192) = 3982
2467  mmap(0x2008fff7000, 15392894357504, PROT_READ|PROT_WRITE, MAP_PRIVATE|MAP_FIXED|MAP_ANONYMOUS|MAP_NORESERVE, -1, 0 <unfinished ...>
2466  <... open resumed>)               = 4
2464  prlimit64(0, RLIMIT_CORE, NULL,  <unfinished ...>
2467  <... mmap resumed>)               = 0x2008fff7000
2466  read(4,  <unfinished ...>
2465  read(4,  <unfinished ...>
2467  madvise(0x2008fff7000, 15392894357504, MADV_NOHUGEPAGE <unfinished ...>
2466  <... read resumed>"7fff7000-8fff7000 rw-p 00000000 "..., 8192) = 3980
2464  <... prlimit64 resumed>{rlim_cur=0, rlim_max=RLIM64_INFINITY}) = 0
2467  <... madvise resumed>)            = 0
2466  read(4,  <unfinished ...>
2465  <... read resumed>"7f8118306000-7f81183e3000 r-xp 0"..., 4210) = 1403
2467  madvise(0x2008fff7000, 15392894357504, MADV_DONTDUMP <unfinished ...>
2466  <... read resumed>"7fbbaa40f000-7fbbaa412000 rw-p 0"..., 4212) = 1685
2464  prlimit64(0, RLIMIT_CORE, {rlim_cur=0, rlim_max=RLIM64_INFINITY},  <unfinished ...>
2467  <... madvise resumed>)            = 0
2466  read(4,  <unfinished ...>
2465  read(4,  <unfinished ...>
2467  mmap(0x8fff7000, 2199023255552, PROT_NONE, MAP_PRIVATE|MAP_FIXED|MAP_ANONYMOUS|MAP_NORESERVE, -1, 0 <unfinished ...>
2466  <... read resumed>"", 2527)       = 0
2464  <... prlimit64 resumed>NULL)      = 0
2467  <... mmap resumed>)               = 0x8fff7000
2466  close(4 <unfinished ...>
2465  <... read resumed>"", 2807)       = 0
2467  sigaltstack(NULL,  <unfinished ...>
2466  <... close resumed>)              = 0
2464  mmap(NULL, 4096, PROT_READ|PROT_WRITE, MAP_PRIVATE|MAP_ANONYMOUS, -1, 0 <unfinished ...>
2467  <... sigaltstack resumed>{ss_sp=NULL, ss_flags=SS_DISABLE, ss_size=0}) = 0
2466  munmap(0x7fbba9b23000, 8192 <unfinished ...>
2465  close(4 <unfinished ...>
2467  mmap(NULL, 32768, PROT_READ|PROT_WRITE, MAP_PRIVATE|MAP_ANONYMOUS, -1, 0 <unfinished ...>
2466  <... munmap resumed>)             = 0
2464  <... mmap resumed>)               = 0x7f84ce00d000
2467  <... mmap resumed>)               = 0x7f7157fd3000
2466  mmap(NULL, 4096, PROT_READ|PROT_WRITE, MAP_PRIVATE|MAP_ANONYMOUS, -1, 0 <unfinished ...>
2465  <... close resumed>)              = 0
2467  sigaltstack({ss_sp=0x7f7157fd3000, ss_flags=0, ss_size=32768},  <unfinished ...>
2466  <... mmap resumed>)               = 0x7fbba9b24000
2464  open("/proc/self/maps", O_RDONLY <unfinished ...>
2467  <... sigaltstack resumed>NULL)    = 0
2466  open("/proc/self/maps", O_RDONLY <unfinished ...>
2465  mmap(NULL, 4096, PROT_READ|PROT_WRITE, MAP_PRIVATE|MAP_ANONYMOUS, -1, 0 <unfinished ...>
2467  rt_sigaction(SIGSEGV, {sa_handler=0x7f7158f59400, sa_mask=[], sa_flags=SA_RESTORER|SA_ONSTACK|SA_NODEFER|SA_SIGINFO, sa_restorer=0x7f71586c5050},  <unfinished ...>
2466  <... open resumed>)               = 4
2467  <... rt_sigaction resumed>NULL, 8) = 0
2465  <... mmap resumed>)               = 0x7f8118982000
2464  <... open resumed>)               = 4
2467  rt_sigaction(SIGBUS, {sa_handler=0x7f7158f59400, sa_mask=[], sa_flags=SA_RESTORER|SA_ONSTACK|SA_NODEFER|SA_SIGINFO, sa_restorer=0x7f71586c5050},  <unfinished ...>
2466  read(4,  <unfinished ...>
2465  open("/proc/self/maps", O_RDONLY <unfinished ...>
2467  <... rt_sigaction resumed>NULL, 8) = 0
2466  <... read resumed>"7fff7000-8fff7000 rw-p 00000000 "..., 4096) = 4029
2464  read(4,  <unfinished ...>
2467  rt_sigaction(SIGFPE, {sa_handler=0x7f7158f59400, sa_mask=[], sa_flags=SA_RESTORER|SA_ONSTACK|SA_NODEFER|SA_SIGINFO, sa_restorer=0x7f71586c5050},  <unfinished ...>
2466  read(4,  <unfinished ...>
2465  <... open resumed>)               = 4
2467  <... rt_sigaction resumed>NULL, 8) = 0
2466  <... read resumed>"7fbbaa40f000-7fbbaa412000 rw-p 0"..., 67) = 67
2464  <... read resumed>"5561ceb59000-5561ceb5b000 r--p 0"..., 4096) = 3982
2467  mmap(0x600000000000, 4398046519296, PROT_NONE, MAP_PRIVATE|MAP_FIXED|MAP_ANONYMOUS|MAP_NORESERVE, -1, 0 <unfinished ...>
2466  close(4 <unfinished ...>
2465  read(4,  <unfinished ...>
2467  <... mmap resumed>)               = 0x600000000000
2466  <... close resumed>)              = 0
2464  read(4,  <unfinished ...>
2467  mmap(0x640000000000, 8192, PROT_READ|PROT_WRITE, MAP_PRIVATE|MAP_FIXED|MAP_ANONYMOUS, -1, 0 <unfinished ...>
2466  munmap(0x7fbba9b24000, 4096 <unfinished ...>
2465  <... read resumed>"556d54c60000-556d54c62000 r--p 0"..., 4096) = 3982
2467  <... mmap resumed>)               = 0x640000000000
2466  <... munmap resumed>)             = 0
2464  <... read resumed>"7f84cd991000-7f84cda6e000 r-xp 0"..., 114) = 114
2467  mmap(NULL, 8388608, PROT_NONE, MAP_PRIVATE|MAP_ANONYMOUS|MAP_NORESERVE, -1, 0 <unfinished ...>
2466  mmap(NULL, 8192, PROT_READ|PROT_WRITE, MAP_PRIVATE|MAP_ANONYMOUS, -1, 0 <unfinished ...>
2465  read(4,  <unfinished ...>
2467  <... mmap resumed>)               = 0x7f7156e00000
2466  <... mmap resumed>)               = 0x7fbba9b23000
2464  close(4 <unfinished ...>
2467  mmap(NULL, 57344, PROT_READ|PROT_WRITE, MAP_PRIVATE|MAP_ANONYMOUS, -1, 0 <unfinished ...>
2466  open("/proc/self/maps", O_RDONLY <unfinished ...>
2465  <... read resumed>"7f8118306000-7f81183e3000 r-xp 0"..., 114) = 114
2467  <... mmap resumed>)               = 0x7f7157fc5000
2466  <... open resumed>)               = 4
2464  <... close resumed>)              = 0
2467  mmap(NULL, 4096, PROT_READ|PROT_WRITE, MAP_PRIVATE|MAP_ANONYMOUS, -1, 0 <unfinished ...>
2466  read(4,  <unfinished ...>
2465  close(4 <unfinished ...>
2467  <... mmap resumed>)               = 0x7f715953c000
2466  <... read resumed>"7fff7000-8fff7000 rw-p 00000000 "..., 8192) = 3980
2464  munmap(0x7f84ce00d000, 4096 <unfinished ...>
2467  mmap(NULL, 4096, PROT_READ|PROT_WRITE, MAP_PRIVATE|MAP_ANONYMOUS, -1, 0 <unfinished ...>
2466  read(4,  <unfinished ...>
2465  <... close resumed>)              = 0
2467  <... mmap resumed>)               = 0x7f7157fc4000
2466  <... read resumed>"7fbbaa40f000-7fbbaa412000 rw-p 0"..., 4212) = 1685
2464  <... munmap resumed>)             = 0
2467  getpid( <unfinished ...>
2466  read(4,  <unfinished ...>
2465  munmap(0x7f8118982000, 4096 <unfinished ...>
2467  <... getpid resumed>)             = 2467
2466  <... read resumed>"", 2527)       = 0
2464  mmap(NULL, 8192, PROT_READ|PROT_WRITE, MAP_PRIVATE|MAP_ANONYMOUS, -1, 0 <unfinished ...>
2467  prlimit64(0, RLIMIT_STACK, NULL,  <unfinished ...>
2466  close(4 <unfinished ...>
2465  <... munmap resumed>)             = 0
2467  <... prlimit64 resumed>{rlim_cur=8192*1024, rlim_max=RLIM64_INFINITY}) = 0
2466  <... close resumed>)              = 0
2464  <... mmap resumed>)               = 0x7f84ccaac000
2467  mmap(NULL, 4096, PROT_READ|PROT_WRITE, MAP_PRIVATE|MAP_ANONYMOUS, -1, 0 <unfinished ...>
2466  munmap(0x7fbba9b23000, 8192 <unfinished ...>
2465  mmap(NULL, 8192, PROT_READ|PROT_WRITE, MAP_PRIVATE|MAP_ANONYMOUS, -1, 0 <unfinished ...>
2467  <... mmap resumed>)               = 0x7f7157fc3000
2466  <... munmap resumed>)             = 0
2464  open("/proc/self/maps", O_RDONLY <unfinished ...>
2467  open("/proc/self/maps", O_RDONLY <unfinished ...>
2466  mmap(0x100012f2b000, 1044480, PROT_READ|PROT_WRITE, MAP_PRIVATE|MAP_FIXED|MAP_ANONYMOUS|MAP_NORESERVE, -1, 0 <unfinished ...>
2465  <... mmap resumed>)               = 0x7f811741f000
2467  <... open resumed>)               = 4
2466  <... mmap resumed>)               = 0x100012f2b000
2464  <... open resumed>)               = 4
2467  read(4,  <unfinished ...>
2466  madvise(0x100012f2b000, 1044480, MADV_NOHUGEPAGE <unfinished ...>
2465  open("/proc/self/maps", O_RDONLY <unfinished ...>
2467  <... read resumed>"7fff7000-8fff7000 rw-p 00000000 "..., 4096) = 3980
2466  <... madvise resumed>)            = 0
2464  read(4,  <unfinished ...>
2467  read(4,  <unfinished ...>
2466  madvise(0x100012f2b000, 1044480, MADV_DONTDUMP <unfinished ...>
2465  <... open resumed>)               = 4
2467  <... read resumed>"7f71588c7000-7f71588ca000 rw-p 0"..., 116) = 116
2466  <... madvise resumed>)            = 0
2464  <... read resumed>"5561ceb59000-5561ceb5b000 r--p 0"..., 8192) = 3982
2467  close(4 <unfinished ...>
2466  sigaltstack(NULL,  <unfinished ...>
2465  read(4,  <unfinished ...>
2467  <... close resumed>)              = 0
2466  <... sigaltstack resumed>{ss_sp=0x7fbba9b1b000, ss_flags=0, ss_size=32768}) = 0
2464  read(4,  <unfinished ...>
2467  munmap(0x7f7157fc3000, 4096 <unfinished ...>
2466  mmap(NULL, 1179648, PROT_READ|PROT_WRITE, MAP_PRIVATE|MAP_ANONYMOUS, -1, 0 <unfinished ...>
2465  <... read resumed>"556d54c60000-556d54c62000 r--p 0"..., 8192) = 3982
2467  <... munmap resumed>)             = 0
2466  <... mmap resumed>)               = 0x7fbba88e0000
2464  <... read resumed>"7f84cd991000-7f84cda6e000 r-xp 0"..., 4210) = 1403
2467  mmap(NULL, 8192, PROT_READ|PROT_WRITE, MAP_PRIVATE|MAP_ANONYMOUS, -1, 0 <unfinished ...>
2466  mmap(NULL, 4096, PROT_READ|PROT_WRITE, MAP_PRIVATE|MAP_ANONYMOUS, -1, 0 <unfinished ...>
2465  read(4,  <unfinished ...>
2467  <... mmap resumed>)               = 0x7f7157fc2000
2466  <... mmap resumed>)               = 0x7fbba9b24000
2464  read(4,  <unfinished ...>
2467  open("/proc/self/maps", O_RDONLY <unfinished ...>
2466  mmap(NULL, 2097152, PROT_READ|PROT_WRITE, MAP_PRIVATE|MAP_ANONYMOUS, -1, 0 <unfinished ...>
2465  <... read resumed>"7f8118306000-7f81183e3000 r-xp 0"..., 4210) = 1403
2467  <... open resumed>)               = 4
2466  <... mmap resumed>)               = 0x7fbba86e0000
2464  <... read resumed>"", 2807)       = 0
2467  read(4,  <unfinished ...>
2466  munmap(0x7fbba86e0000, 131072 <unfinished ...>
2465  read(4,  <unfinished ...>
2467  <... read resumed>"7fff7000-8fff7000 rw-p 00000000 "..., 8192) = 3980
2466  <... munmap resumed>)             = 0
2464  close(4 <unfinished ...>
2467  read(4,  <unfinished ...>
2466  munmap(0x7fbba8800000, 917504 <unfinished ...>
2465  <... read resumed>"", 2807)       = 0
2467  <... read resumed>"7f71588c7000-7f71588ca000 rw-p 0"..., 4212) = 1685
2466  <... munmap resumed>)             = 0
2464  <... close resumed>)              = 0
2467  read(4,  <unfinished ...>
2466  munmap(0x7fbba9b24000, 4096 <unfinished ...>
2465  close(4 <unfinished ...>
2467  <... read resumed>"", 2527)       = 0
2466  <... munmap resumed>)             = 0
2464  mmap(NULL, 4096, PROT_READ|PROT_WRITE, MAP_PRIVATE|MAP_ANONYMOUS, -1, 0 <unfinished ...>
2467  close(4 <unfinished ...>
2466  mmap(NULL, 4096, PROT_READ|PROT_WRITE, MAP_PRIVATE|MAP_ANONYMOUS, -1, 0 <unfinished ...>
2465  <... close resumed>)              = 0
2467  <... close resumed>)              = 0
2466  <... mmap resumed>)               = 0x7fbba9b24000
2464  <... mmap resumed>)               = 0x7f84ce00d000
2467  munmap(0x7f7157fdb000, 8192 <unfinished ...>
2466  mmap(NULL, 2097152, PROT_READ|PROT_WRITE, MAP_PRIVATE|MAP_ANONYMOUS, -1, 0 <unfinished ...>
2465  munmap(0x7f811741f000, 8192 <unfinished ...>
2467  <... munmap resumed>)             = 0
2466  <... mmap resumed>)               = 0x7fbba8500000
2464  open("/proc/self/maps", O_RDONLY <unfinished ...>
2467  mmap(NULL, 4096, PROT_READ|PROT_WRITE, MAP_PRIVATE|MAP_ANONYMOUS, -1, 0 <unfinished ...>
2466  munmap(0x7fbba8600000, 1048576 <unfinished ...>
2465  <... munmap resumed>)             = 0
2467  <... mmap resumed>)               = 0x7f7157fdc000
2466  <... munmap resumed>)             = 0
2464  <... open resumed>)               = 4
2467  open("/proc/self/maps", O_RDONLY <unfinished ...>
2466  mmap(NULL, 2097152, PROT_READ|PROT_WRITE, MAP_PRIVATE|MAP_ANONYMOUS, -1, 0 <unfinished ...>
2465  mmap(0x7fff7000, 268435456, PROT_READ|PROT_WRITE, MAP_PRIVATE|MAP_FIXED|MAP_ANONYMOUS|MAP_NORESERVE, -1, 0 <unfinished ...>
2467  <... open resumed>)               = 4
2466  <... mmap resumed>)               = 0x7fbba8300000
2464  read(4,  <unfinished ...>
2467  read(4,  <unfinished ...>
2466  munmap(0x7fbba8400000, 1048576 <unfinished ...>
2465  <... mmap resumed>)               = 0x7fff7000
2467  <... read resumed>"7fff7000-8fff7000 rw-p 00000000 "..., 4096) = 4029
2466  <... munmap resumed>)             = 0
2464  <... read resumed>"5561ceb59000-5561ceb5b000 r--p 0"..., 4096) = 3982
2467  read(4,  <unfinished ...>
2466  munmap(0x7fbba9b24000, 4096 <unfinished ...>
2465  madvise(0x7fff7000, 268435456, MADV_NOHUGEPAGE <unfinished ...>
2467  <... read resumed>"7f71588c7000-7f71588ca000 rw-p 0"..., 67) = 67
2466  <... munmap resumed>)             = 0
2464  read(4,  <unfinished ...>
2467  close(4 <unfinished ...>
2466  mmap(NULL, 4096, PROT_READ|PROT_WRITE, MAP_PRIVATE|MAP_ANONYMOUS, -1, 0 <unfinished ...>
2465  <... madvise resumed>)            = 0
2467  <... close resumed>)              = 0
2466  <... mmap resumed>)               = 0x7fbba9b24000
2464  <... read resumed>"7f84cd991000-7f84cda6e000 r-xp 0"..., 114) = 114
2467  munmap(0x7f7157fdc000, 4096 <unfinished ...>
2466  munmap(0x7fbba9b24000, 4096 <unfinished ...>
2465  madvise(0x7fff7000, 268435456, MADV_DONTDUMP <unfinished ...>
2467  <... munmap resumed>)             = 0
2466  <... munmap resumed>)             = 0
2464  close(4 <unfinished ...>
2467  mmap(NULL, 8192, PROT_READ|PROT_WRITE, MAP_PRIVATE|MAP_ANONYMOUS, -1, 0 <unfinished ...>
2466  mmap(NULL, 4096, PROT_READ|PROT_WRITE, MAP_PRIVATE|MAP_ANONYMOUS, -1, 0 <unfinished ...>
2465  <... madvise resumed>)            = 0
2467  <... mmap resumed>)               = 0x7f7157fdb000
2466  <... mmap resumed>)               = 0x7fbba9b24000
2464  <... close resumed>)              = 0
2467  open("/proc/self/maps", O_RDONLY <unfinished ...>
2466  munmap(0x7fbba9b24000, 4096 <unfinished ...>
2465  mmap(0x2008fff7000, 15392894357504, PROT_READ|PROT_WRITE, MAP_PRIVATE|MAP_FIXED|MAP_ANONYMOUS|MAP_NORESERVE, -1, 0 <unfinished ...>
2467  <... open resumed>)               = 4
2466  <... munmap resumed>)             = 0
2464  munmap(0x7f84ce00d000, 4096 <unfinished ...>
2467  read(4,  <unfinished ...>
2466  mmap(NULL, 4096, PROT_READ|PROT_WRITE, MAP_PRIVATE|MAP_ANONYMOUS, -1, 0 <unfinished ...>
2465  <... mmap resumed>)               = 0x2008fff7000
2467  <... read resumed>"7fff7000-8fff7000 rw-p 00000000 "..., 8192) = 3980
2466  <... mmap resumed>)               = 0x7fbba9b24000
2464  <... munmap resumed>)             = 0
2467  read(4,  <unfinished ...>
2466  munmap(0x7fbba9b24000, 4096 <unfinished ...>
2465  madvise(0x2008fff7000, 15392894357504, MADV_NOHUGEPAGE <unfinished ...>
2467  <... read resumed>"7f71588c7000-7f71588ca000 rw-p 0"..., 4212) = 1685
2466  <... munmap resumed>)             = 0
2464  mmap(NULL, 8192, PROT_READ|PROT_WRITE, MAP_PRIVATE|MAP_ANONYMOUS, -1, 0 <unfinished ...>
2467  read(4,  <unfinished ...>
2466  mmap(NULL, 4096, PROT_READ|PROT_WRITE, MAP_PRIVATE|MAP_ANONYMOUS, -1, 0 <unfinished ...>
2465  <... madvise resumed>)            = 0
2467  <... read resumed>"", 2527)       = 0
2466  <... mmap resumed>)               = 0x7fbba9b24000
2464  <... mmap resumed>)               = 0x7f84ccaaa000
2467  close(4 <unfinished ...>
2466  munmap(0x7fbba9b24000, 4096 <unfinished ...>
2465  madvise(0x2008fff7000, 15392894357504, MADV_DONTDUMP <unfinished ...>
2467  <... close resumed>)              = 0
2466  <... munmap resumed>)             = 0
2464  open("/proc/self/maps", O_RDONLY <unfinished ...>
2467  munmap(0x7f7157fdb000, 8192 <unfinished ...>
2466  mmap(NULL, 4096, PROT_READ|PROT_WRITE, MAP_PRIVATE|MAP_ANONYMOUS, -1, 0 <unfinished ...>
2465  <... madvise resumed>)            = 0
2467  <... munmap resumed>)             = 0
2466  <... mmap resumed>)               = 0x7fbba9b24000
2464  <... open resumed>)               = 4
2467  mmap(0x10005faee000, 1044480, PROT_READ|PROT_WRITE, MAP_PRIVATE|MAP_FIXED|MAP_ANONYMOUS|MAP_NORESERVE, -1, 0 <unfinished ...>
2466  munmap(0x7fbba9b24000, 4096 <unfinished ...>
2465  mmap(0x8fff7000, 2199023255552, PROT_NONE, MAP_PRIVATE|MAP_FIXED|MAP_ANONYMOUS|MAP_NORESERVE, -1, 0 <unfinished ...>
2467  <... mmap resumed>)               = 0x10005faee000
2466  <... munmap resumed>)             = 0
2464  read(4,  <unfinished ...>
2467  madvise(0x10005faee000, 1044480, MADV_NOHUGEPAGE <unfinished ...>
2466  mmap(NULL, 4096, PROT_READ|PROT_WRITE, MAP_PRIVATE|MAP_ANONYMOUS, -1, 0 <unfinished ...>
2465  <... mmap resumed>)               = 0x8fff7000
2467  <... madvise resumed>)            = 0
2466  <... mmap resumed>)               = 0x7fbba9b24000
2464  <... read resumed>"5561ceb59000-5561ceb5b000 r--p 0"..., 8192) = 3982
2467  madvise(0x10005faee000, 1044480, MADV_DONTDUMP <unfinished ...>
2466  munmap(0x7fbba9b24000, 4096 <unfinished ...>
2465  sigaltstack(NULL,  <unfinished ...>
2467  <... madvise resumed>)            = 0
2466  <... munmap resumed>)             = 0
2464  read(4,  <unfinished ...>
2467  sigaltstack(NULL,  <unfinished ...>
2466  mmap(NULL, 4096, PROT_READ|PROT_WRITE, MAP_PRIVATE|MAP_ANONYMOUS, -1, 0 <unfinished ...>
2465  <... sigaltstack resumed>{ss_sp=NULL, ss_flags=SS_DISABLE, ss_size=0}) = 0
2467  <... sigaltstack resumed>{ss_sp=0x7f7157fd3000, ss_flags=0, ss_size=32768}) = 0
2466  <... mmap resumed>)               = 0x7fbba9b24000
2464  <... read resumed>"7f84cd991000-7f84cda6e000 r-xp 0"..., 4210) = 1403
2467  mmap(NULL, 1179648, PROT_READ|PROT_WRITE, MAP_PRIVATE|MAP_ANONYMOUS, -1, 0 <unfinished ...>
2466  munmap(0x7fbba9b24000, 4096 <unfinished ...>
2465  mmap(NULL, 32768, PROT_READ|PROT_WRITE, MAP_PRIVATE|MAP_ANONYMOUS, -1, 0 <unfinished ...>
2467  <... mmap resumed>)               = 0x7f7156ce0000
2466  <... munmap resumed>)             = 0
2464  read(4,  <unfinished ...>
2467  mmap(NULL, 4096, PROT_READ|PROT_WRITE, MAP_PRIVATE|MAP_ANONYMOUS, -1, 0 <unfinished ...>
2466  mmap(NULL, 4096, PROT_READ|PROT_WRITE, MAP_PRIVATE|MAP_ANONYMOUS, -1, 0 <unfinished ...>
2465  <... mmap resumed>)               = 0x7f8117419000
2467  <... mmap resumed>)               = 0x7f7157fdc000
2466  <... mmap resumed>)               = 0x7fbba9b24000
2464  <... read resumed>"", 2807)       = 0
2467  mmap(NULL, 2097152, PROT_READ|PROT_WRITE, MAP_PRIVATE|MAP_ANONYMOUS, -1, 0 <unfinished ...>
2466  mmap(NULL, 4096, PROT_READ|PROT_WRITE, MAP_PRIVATE|MAP_ANONYMOUS, -1, 0 <unfinished ...>
2465  sigaltstack({ss_sp=0x7f8117419000, ss_flags=0, ss_size=32768},  <unfinished ...>
2467  <... mmap resumed>)               = 0x7f7156ae0000
2466  <... mmap resumed>)               = 0x7fbba9b23000
2464  close(4 <unfinished ...>
2467  munmap(0x7f7156ae0000, 131072 <unfinished ...>
2466  mmap(NULL, 8192, PROT_READ|PROT_WRITE, MAP_PRIVATE|MAP_ANONYMOUS, -1, 0 <unfinished ...>
2465  <... sigaltstack resumed>NULL)    = 0
2467  <... munmap resumed>)             = 0
2466  <... mmap resumed>)               = 0x7fbba9b08000
2464  <... close resumed>)              = 0
2467  munmap(0x7f7156c00000, 917504 <unfinished ...>
2466  clock_gettime(CLOCK_MONOTONIC,  <unfinished ...>
2465  rt_sigaction(SIGSEGV, {sa_handler=0x7f811839f400, sa_mask=[], sa_flags=SA_RESTORER|SA_ONSTACK|SA_NODEFER|SA_SIGINFO, sa_restorer=0x7f8117b0b050},  <unfinished ...>
2467  <... munmap resumed>)             = 0
2466  <... clock_gettime resumed>{tv_sec=30281, tv_nsec=670319599}) = 0
2464  munmap(0x7f84ccaaa000, 8192 <unfinished ...>
2467  munmap(0x7f7157fdc000, 4096 <unfinished ...>
2466  mmap(0x607000000000, 65536, PROT_READ|PROT_WRITE, MAP_PRIVATE|MAP_FIXED|MAP_ANONYMOUS, -1, 0 <unfinished ...>
2465  <... rt_sigaction resumed>NULL, 8) = 0
2467  <... munmap resumed>)             = 0
2466  <... mmap resumed>)               = 0x607000000000
2464  <... munmap resumed>)             = 0
2467  mmap(NULL, 4096, PROT_READ|PROT_WRITE, MAP_PRIVATE|MAP_ANONYMOUS, -1, 0 <unfinished ...>
2466  mmap(0x607e00000000, 65536, PROT_READ|PROT_WRITE, MAP_PRIVATE|MAP_FIXED|MAP_ANONYMOUS, -1, 0 <unfinished ...>
2465  rt_sigaction(SIGBUS, {sa_handler=0x7f811839f400, sa_mask=[], sa_flags=SA_RESTORER|SA_ONSTACK|SA_NODEFER|SA_SIGINFO, sa_restorer=0x7f8117b0b050},  <unfinished ...>
2467  <... mmap resumed>)               = 0x7f7157fdc000
2466  <... mmap resumed>)               = 0x607e00000000
2464  mmap(0x7fff7000, 268435456, PROT_READ|PROT_WRITE, MAP_PRIVATE|MAP_FIXED|MAP_ANONYMOUS|MAP_NORESERVE, -1, 0 <unfinished ...>
2467  mmap(NULL, 2097152, PROT_READ|PROT_WRITE, MAP_PRIVATE|MAP_ANONYMOUS, -1, 0 <unfinished ...>
2466  mmap(NULL, 1048576, PROT_READ|PROT_WRITE, MAP_PRIVATE|MAP_ANONYMOUS, -1, 0 <unfinished ...>
2465  <... rt_sigaction resumed>NULL, 8) = 0
2467  <... mmap resumed>)               = 0x7f7156900000
2466  <... mmap resumed>)               = 0x7fbba9900000
2464  <... mmap resumed>)               = 0x7fff7000
2467  munmap(0x7f7156a00000, 1048576 <unfinished ...>
2466  mmap(NULL, 65536, PROT_READ|PROT_WRITE, MAP_PRIVATE|MAP_ANONYMOUS, -1, 0 <unfinished ...>
2465  rt_sigaction(SIGFPE, {sa_handler=0x7f811839f400, sa_mask=[], sa_flags=SA_RESTORER|SA_ONSTACK|SA_NODEFER|SA_SIGINFO, sa_restorer=0x7f8117b0b050},  <unfinished ...>
2467  <... munmap resumed>)             = 0
2466  <... mmap resumed>)               = 0x7fbba97f0000
2464  madvise(0x7fff7000, 268435456, MADV_NOHUGEPAGE <unfinished ...>
2467  mmap(NULL, 2097152, PROT_READ|PROT_WRITE, MAP_PRIVATE|MAP_ANONYMOUS, -1, 0 <unfinished ...>
2466  mmap(NULL, 524288, PROT_READ|PROT_WRITE, MAP_PRIVATE|MAP_ANONYMOUS, -1, 0 <unfinished ...>
2465  <... rt_sigaction resumed>NULL, 8) = 0
2467  <... mmap resumed>)               = 0x7f7156700000
2466  <... mmap resumed>)               = 0x7fbba9770000
2464  <... madvise resumed>)            = 0
2467  munmap(0x7f7156800000, 1048576 <unfinished ...>
2466  clock_gettime(CLOCK_MONOTONIC,  <unfinished ...>
2465  mmap(0x600000000000, 4398046519296, PROT_NONE, MAP_PRIVATE|MAP_FIXED|MAP_ANONYMOUS|MAP_NORESERVE, -1, 0 <unfinished ...>
2467  <... munmap resumed>)             = 0
2466  <... clock_gettime resumed>{tv_sec=30281, tv_nsec=684607854}) = 0
2464  madvise(0x7fff7000, 268435456, MADV_DONTDUMP <unfinished ...>
2467  munmap(0x7f7157fdc000, 4096 <unfinished ...>
2466  mmap(0x603000000000, 65536, PROT_READ|PROT_WRITE, MAP_PRIVATE|MAP_FIXED|MAP_ANONYMOUS, -1, 0 <unfinished ...>
2465  <... mmap resumed>)               = 0x600000000000
2467  <... munmap resumed>)             = 0
2466  <... mmap resumed>)               = 0x603000000000
2464  <... madvise resumed>)            = 0
2467  mmap(NULL, 4096, PROT_READ|PROT_WRITE, MAP_PRIVATE|MAP_ANONYMOUS, -1, 0 <unfinished ...>
2466  mmap(0x603e00000000, 65536, PROT_READ|PROT_WRITE, MAP_PRIVATE|MAP_FIXED|MAP_ANONYMOUS, -1, 0 <unfinished ...>
2465  mmap(0x640000000000, 8192, PROT_READ|PROT_WRITE, MAP_PRIVATE|MAP_FIXED|MAP_ANONYMOUS, -1, 0 <unfinished ...>
2467  <... mmap resumed>)               = 0x7f7157fdc000
2466  <... mmap resumed>)               = 0x603e00000000
2464  mmap(0x2008fff7000, 15392894357504, PROT_READ|PROT_WRITE, MAP_PRIVATE|MAP_FIXED|MAP_ANONYMOUS|MAP_NORESERVE, -1, 0 <unfinished ...>
2467  munmap(0x7f7157fdc000, 4096 <unfinished ...>
2466  clock_gettime(CLOCK_MONOTONIC,  <unfinished ...>
2465  <... mmap resumed>)               = 0x640000000000
2467  <... munmap resumed>)             = 0
2466  <... clock_gettime resumed>{tv_sec=30281, tv_nsec=691000027}) = 0
2464  <... mmap resumed>)               = 0x2008fff7000
2467  mmap(NULL, 4096, PROT_READ|PROT_WRITE, MAP_PRIVATE|MAP_ANONYMOUS, -1, 0 <unfinished ...>
2466  mmap(0x60b000000000, 65536, PROT_READ|PROT_WRITE, MAP_PRIVATE|MAP_FIXED|MAP_ANONYMOUS, -1, 0 <unfinished ...>
2465  mmap(NULL, 8388608, PROT_NONE, MAP_PRIVATE|MAP_ANONYMOUS|MAP_NORESERVE, -1, 0 <unfinished ...>
2467  <... mmap resumed>)               = 0x7f7157fdc000
2466  <... mmap resumed>)               = 0x60b000000000
2464  madvise(0x2008fff7000, 15392894357504, MADV_NOHUGEPAGE <unfinished ...>
2467  munmap(0x7f7157fdc000, 4096 <unfinished ...>
2466  mmap(0x60be00000000, 65536, PROT_READ|PROT_WRITE, MAP_PRIVATE|MAP_FIXED|MAP_ANONYMOUS, -1, 0 <unfinished ...>
2465  <... mmap resumed>)               = 0x7f8116300000
2467  <... munmap resumed>)             = 0
2466  <... mmap resumed>)               = 0x60be00000000
2464  <... madvise resumed>)            = 0
2467  mmap(NULL, 4096, PROT_READ|PROT_WRITE, MAP_PRIVATE|MAP_ANONYMOUS, -1, 0 <unfinished ...>
2466  clock_gettime(CLOCK_MONOTONIC,  <unfinished ...>
2465  mmap(NULL, 57344, PROT_READ|PROT_WRITE, MAP_PRIVATE|MAP_ANONYMOUS, -1, 0 <unfinished ...>
2467  <... mmap resumed>)               = 0x7f7157fdc000
2466  <... clock_gettime resumed>{tv_sec=30281, tv_nsec=698030366}) = 0
2464  madvise(0x2008fff7000, 15392894357504, MADV_DONTDUMP <unfinished ...>
2467  munmap(0x7f7157fdc000, 4096 <unfinished ...>
2466  mmap(0x624000000000, 65536, PROT_READ|PROT_WRITE, MAP_PRIVATE|MAP_FIXED|MAP_ANONYMOUS, -1, 0 <unfinished ...>
2465  <... mmap resumed>)               = 0x7f811740b000
2467  <... munmap resumed>)             = 0
2466  <... mmap resumed>)               = 0x624000000000
2464  <... madvise resumed>)            = 0
2467  mmap(NULL, 4096, PROT_READ|PROT_WRITE, MAP_PRIVATE|MAP_ANONYMOUS, -1, 0 <unfinished ...>
2466  mmap(0x624e00000000, 65536, PROT_READ|PROT_WRITE, MAP_PRIVATE|MAP_FIXED|MAP_ANONYMOUS, -1, 0 <unfinished ...>
2465  mmap(NULL, 4096, PROT_READ|PROT_WRITE, MAP_PRIVATE|MAP_ANONYMOUS, -1, 0 <unfinished ...>
2467  <... mmap resumed>)               = 0x7f7157fdc000
2466  <... mmap resumed>)               = 0x624e00000000
2464  mmap(0x8fff7000, 2199023255552, PROT_NONE, MAP_PRIVATE|MAP_FIXED|MAP_ANONYMOUS|MAP_NORESERVE, -1, 0 <unfinished ...>
2467  munmap(0x7f7157fdc000, 4096 <unfinished ...>
2466  mmap(0x631000000000, 131072, PROT_READ|PROT_WRITE, MAP_PRIVATE|MAP_FIXED|MAP_ANONYMOUS, -1, 0 <unfinished ...>
2465  <... mmap resumed>)               = 0x7f8118982000
2467  <... munmap resumed>)             = 0
2466  <... mmap resumed>)               = 0x631000000000
2464  <... mmap resumed>)               = 0x8fff7000
2467  mmap(NULL, 4096, PROT_READ|PROT_WRITE, MAP_PRIVATE|MAP_ANONYMOUS, -1, 0 <unfinished ...>
2466  mmap(0x631e00000000, 65536, PROT_READ|PROT_WRITE, MAP_PRIVATE|MAP_FIXED|MAP_ANONYMOUS, -1, 0 <unfinished ...>
2465  mmap(NULL, 4096, PROT_READ|PROT_WRITE, MAP_PRIVATE|MAP_ANONYMOUS, -1, 0 <unfinished ...>
2467  <... mmap resumed>)               = 0x7f7157fdc000
2466  <... mmap resumed>)               = 0x631e00000000
2464  sigaltstack(NULL,  <unfinished ...>
2467  munmap(0x7f7157fdc000, 4096 <unfinished ...>
2466  mmap(NULL, 4096, PROT_READ|PROT_WRITE, MAP_PRIVATE|MAP_ANONYMOUS, -1, 0 <unfinished ...>
2465  <... mmap resumed>)               = 0x7f811740a000
2467  <... munmap resumed>)             = 0
2466  <... mmap resumed>)               = 0x7fbba9b07000
2464  <... sigaltstack resumed>{ss_sp=NULL, ss_flags=SS_DISABLE, ss_size=0}) = 0
2467  mmap(NULL, 4096, PROT_READ|PROT_WRITE, MAP_PRIVATE|MAP_ANONYMOUS, -1, 0 <unfinished ...>
2466  mmap(NULL, 4096, PROT_READ|PROT_WRITE, MAP_PRIVATE|MAP_ANONYMOUS, -1, 0 <unfinished ...>
2465  getpid( <unfinished ...>
2467  <... mmap resumed>)               = 0x7f7157fdc000
2466  <... mmap resumed>)               = 0x7fbba9b06000
2464  mmap(NULL, 32768, PROT_READ|PROT_WRITE, MAP_PRIVATE|MAP_ANONYMOUS, -1, 0 <unfinished ...>
2467  munmap(0x7f7157fdc000, 4096 <unfinished ...>
2466  read(0,  <unfinished ...>
2465  <... getpid resumed>)             = 2465
2467  <... munmap resumed>)             = 0
2466  <... read resumed>"files/amCopy\n", 4095) = 13
2464  <... mmap resumed>)               = 0x7f84ccaa4000
2467  mmap(NULL, 4096, PROT_READ|PROT_WRITE, MAP_PRIVATE|MAP_ANONYMOUS, -1, 0 <unfinished ...>
2466  mmap(0x611000000000, 65536, PROT_READ|PROT_WRITE, MAP_PRIVATE|MAP_FIXED|MAP_ANONYMOUS, -1, 0 <unfinished ...>
2465  prlimit64(0, RLIMIT_STACK, NULL,  <unfinished ...>
2467  <... mmap resumed>)               = 0x7f7157fdc000
2466  <... mmap resumed>)               = 0x611000000000
2464  sigaltstack({ss_sp=0x7f84ccaa4000, ss_flags=0, ss_size=32768},  <unfinished ...>
2467  munmap(0x7f7157fdc000, 4096 <unfinished ...>
2466  mmap(0x611e00000000, 65536, PROT_READ|PROT_WRITE, MAP_PRIVATE|MAP_FIXED|MAP_ANONYMOUS, -1, 0 <unfinished ...>
2465  <... prlimit64 resumed>{rlim_cur=8192*1024, rlim_max=RLIM64_INFINITY}) = 0
2467  <... munmap resumed>)             = 0
2466  <... mmap resumed>)               = 0x611e00000000
2464  <... sigaltstack resumed>NULL)    = 0
2467  mmap(NULL, 4096, PROT_READ|PROT_WRITE, MAP_PRIVATE|MAP_ANONYMOUS, -1, 0 <unfinished ...>
2466  pipe2( <unfinished ...>
2465  mmap(NULL, 4096, PROT_READ|PROT_WRITE, MAP_PRIVATE|MAP_ANONYMOUS, -1, 0 <unfinished ...>
2467  <... mmap resumed>)               = 0x7f7157fdc000
2466  <... pipe2 resumed>[4, 12], O_CLOEXEC) = 0
2464  rt_sigaction(SIGSEGV, {sa_handler=0x7f84cda2a400, sa_mask=[], sa_flags=SA_RESTORER|SA_ONSTACK|SA_NODEFER|SA_SIGINFO, sa_restorer=0x7f84cd196050},  <unfinished ...>
2467  mmap(NULL, 4096, PROT_READ|PROT_WRITE, MAP_PRIVATE|MAP_ANONYMOUS, -1, 0 <unfinished ...>
2466  prlimit64(0, RLIMIT_NOFILE, NULL,  <unfinished ...>
2465  <... mmap resumed>)               = 0x7f8117409000
2467  <... mmap resumed>)               = 0x7f7157fdb000
2466  <... prlimit64 resumed>{rlim_cur=1024*1024, rlim_max=1024*1024}) = 0
2464  <... rt_sigaction resumed>NULL, 8) = 0
2467  mmap(NULL, 8192, PROT_READ|PROT_WRITE, MAP_PRIVATE|MAP_ANONYMOUS, -1, 0 <unfinished ...>
2466  prlimit64(0, RLIMIT_NOFILE, NULL,  <unfinished ...>
2465  open("/proc/self/maps", O_RDONLY <unfinished ...>
2467  <... mmap resumed>)               = 0x7f7157fc0000
2466  <... prlimit64 resumed>{rlim_cur=1024*1024, rlim_max=1024*1024}) = 0
2464  rt_sigaction(SIGBUS, {sa_handler=0x7f84cda2a400, sa_mask=[], sa_flags=SA_RESTORER|SA_ONSTACK|SA_NODEFER|SA_SIGINFO, sa_restorer=0x7f84cd196050},  <unfinished ...>
2467  clock_gettime(CLOCK_MONOTONIC,  <unfinished ...>
2466  mmap(NULL, 36864, PROT_READ|PROT_WRITE, MAP_PRIVATE|MAP_ANONYMOUS|MAP_STACK, -1, 0 <unfinished ...>
2465  <... open resumed>)               = 4
2467  <... clock_gettime resumed>{tv_sec=30281, tv_nsec=728424789}) = 0
2466  <... mmap resumed>)               = 0x7fbba9767000
2464  <... rt_sigaction resumed>NULL, 8) = 0
2467  mmap(0x607000000000, 65536, PROT_READ|PROT_WRITE, MAP_PRIVATE|MAP_FIXED|MAP_ANONYMOUS, -1, 0 <unfinished ...>
2466  rt_sigprocmask(SIG_BLOCK, ~[],  <unfinished ...>
2465  read(4,  <unfinished ...>
2467  <... mmap resumed>)               = 0x607000000000
2466  <... rt_sigprocmask resumed>[], 8) = 0
2464  rt_sigaction(SIGFPE, {sa_handler=0x7f84cda2a400, sa_mask=[], sa_flags=SA_RESTORER|SA_ONSTACK|SA_NODEFER|SA_SIGINFO, sa_restorer=0x7f84cd196050},  <unfinished ...>
2467  mmap(0x607e00000000, 65536, PROT_READ|PROT_WRITE, MAP_PRIVATE|MAP_FIXED|MAP_ANONYMOUS, -1, 0 <unfinished ...>
2466  clone3({flags=CLONE_VM|CLONE_VFORK, exit_signal=SIGCHLD, stack=0x7fbba9767000, stack_size=0x9000}, 88 <unfinished ...>
2465  <... read resumed>"7fff7000-8fff7000 rw-p 00000000 "..., 4096) = 3980
2467  <... mmap resumed>)               = 0x607e00000000
2464  <... rt_sigaction resumed>NULL, 8) = 0
2468  rt_sigprocmask(SIG_BLOCK, NULL,  <unfinished ...>
2467  mmap(NULL, 1048576, PROT_READ|PROT_WRITE, MAP_PRIVATE|MAP_ANONYMOUS, -1, 0 <unfinished ...>
2465  read(4,  <unfinished ...>
2468  <... rt_sigprocmask resumed>~[KILL STOP], 8) = 0
2467  <... mmap resumed>)               = 0x7f7157d00000
2464  mmap(0x600000000000, 4398046519296, PROT_NONE, MAP_PRIVATE|MAP_FIXED|MAP_ANONYMOUS|MAP_NORESERVE, -1, 0 <unfinished ...>
2468  rt_sigaction(SIGHUP, NULL,  <unfinished ...>
2467  mmap(NULL, 65536, PROT_READ|PROT_WRITE, MAP_PRIVATE|MAP_ANONYMOUS, -1, 0 <unfinished ...>
2465  <... read resumed>"7f8117d0d000-7f8117d10000 rw-p 0"..., 116) = 116
2468  <... rt_sigaction resumed>{sa_handler=SIG_DFL, sa_mask=[], sa_flags=0}, 8) = 0
2467  <... mmap resumed>)               = 0x7f7157fb0000
2464  <... mmap resumed>)               = 0x600000000000
2468  rt_sigaction(SIGHUP, {sa_handler=SIG_DFL, sa_mask=[], sa_flags=SA_RESTORER, sa_restorer=0x7fbbaa20d050},  <unfinished ...>
2467  mmap(NULL, 524288, PROT_READ|PROT_WRITE, MAP_PRIVATE|MAP_ANONYMOUS, -1, 0 <unfinished ...>
2465  close(4 <unfinished ...>
2468  <... rt_sigaction resumed>NULL, 8) = 0
2467  <... mmap resumed>)               = 0x7f7157f30000
2464  mmap(0x640000000000, 8192, PROT_READ|PROT_WRITE, MAP_PRIVATE|MAP_FIXED|MAP_ANONYMOUS, -1, 0 <unfinished ...>
2468  rt_sigaction(SIGINT, NULL,  <unfinished ...>
2467  clock_gettime(CLOCK_MONOTONIC,  <unfinished ...>
2465  <... close resumed>)              = 0
2468  <... rt_sigaction resumed>{sa_handler=SIG_DFL, sa_mask=[], sa_flags=0}, 8) = 0
2467  <... clock_gettime resumed>{tv_sec=30281, tv_nsec=742608197}) = 0
2464  <... mmap resumed>)               = 0x640000000000
2468  rt_sigaction(SIGINT, {sa_handler=SIG_DFL, sa_mask=[], sa_flags=SA_RESTORER, sa_restorer=0x7fbbaa20d050},  <unfinished ...>
2467  mmap(0x603000000000, 65536, PROT_READ|PROT_WRITE, MAP_PRIVATE|MAP_FIXED|MAP_ANONYMOUS, -1, 0 <unfinished ...>
2465  munmap(0x7f8117409000, 4096 <unfinished ...>
2468  <... rt_sigaction resumed>NULL, 8) = 0
2467  <... mmap resumed>)               = 0x603000000000
2464  mmap(NULL, 8388608, PROT_NONE, MAP_PRIVATE|MAP_ANONYMOUS|MAP_NORESERVE, -1, 0 <unfinished ...>
2468  rt_sigaction(SIGQUIT, NULL,  <unfinished ...>
2467  mmap(0x603e00000000, 65536, PROT_READ|PROT_WRITE, MAP_PRIVATE|MAP_FIXED|MAP_ANONYMOUS, -1, 0 <unfinished ...>
2465  <... munmap resumed>)             = 0
2468  <... rt_sigaction resumed>{sa_handler=SIG_DFL, sa_mask=[], sa_flags=0}, 8) = 0
2467  <... mmap resumed>)               = 0x603e00000000
2464  <... mmap resumed>)               = 0x7f84cb900000
2468  rt_sigaction(SIGQUIT, {sa_handler=SIG_DFL, sa_mask=[], sa_flags=SA_RESTORER, sa_restorer=0x7fbbaa20d050},  <unfinished ...>
2467  clock_gettime(CLOCK_MONOTONIC,  <unfinished ...>
2465  mmap(NULL, 8192, PROT_READ|PROT_WRITE, MAP_PRIVATE|MAP_ANONYMOUS, -1, 0 <unfinished ...>
2468  <... rt_sigaction resumed>NULL, 8) = 0
2467  <... clock_gettime resumed>{tv_sec=30281, tv_nsec=749108773}) = 0
2464  mmap(NULL, 57344, PROT_READ|PROT_WRITE, MAP_PRIVATE|MAP_ANONYMOUS, -1, 0 <unfinished ...>
2468  rt_sigaction(SIGILL, NULL,  <unfinished ...>
2467  mmap(0x60b000000000, 65536, PROT_READ|PROT_WRITE, MAP_PRIVATE|MAP_FIXED|MAP_ANONYMOUS, -1, 0 <unfinished ...>
2465  <... mmap resumed>)               = 0x7f8117408000
2468  <... rt_sigaction resumed>{sa_handler=SIG_DFL, sa_mask=[], sa_flags=0}, 8) = 0
2467  <... mmap resumed>)               = 0x60b000000000
2464  <... mmap resumed>)               = 0x7f84cca96000
2468  rt_sigaction(SIGILL, {sa_handler=SIG_DFL, sa_mask=[], sa_flags=SA_RESTORER, sa_restorer=0x7fbbaa20d050},  <unfinished ...>
2467  mmap(0x60be00000000, 65536, PROT_READ|PROT_WRITE, MAP_PRIVATE|MAP_FIXED|MAP_ANONYMOUS, -1, 0 <unfinished ...>
2465  open("/proc/self/maps", O_RDONLY <unfinished ...>
2468  <... rt_sigaction resumed>NULL, 8) = 0
2467  <... mmap resumed>)               = 0x60be00000000
2464  mmap(NULL, 4096, PROT_READ|PROT_WRITE, MAP_PRIVATE|MAP_ANONYMOUS, -1, 0 <unfinished ...>
2468  rt_sigaction(SIGTRAP, NULL,  <unfinished ...>
2467  clock_gettime(CLOCK_MONOTONIC,  <unfinished ...>
2465  <... open resumed>)               = 4
2468  <... rt_sigaction resumed>{sa_handler=SIG_DFL, sa_mask=[], sa_flags=0}, 8) = 0
2467  <... clock_gettime resumed>{tv_sec=30281, tv_nsec=756531905}) = 0
2464  <... mmap resumed>)               = 0x7f84ce00d000
2468  rt_sigaction(SIGTRAP, {sa_handler=SIG_DFL, sa_mask=[], sa_flags=SA_RESTORER, sa_restorer=0x7fbbaa20d050},  <unfinished ...>
2467  mmap(0x624000000000, 65536, PROT_READ|PROT_WRITE, MAP_PRIVATE|MAP_FIXED|MAP_ANONYMOUS, -1, 0 <unfinished ...>
2465  read(4,  <unfinished ...>
2468  <... rt_sigaction resumed>NULL, 8) = 0
2467  <... mmap resumed>)               = 0x624000000000
2464  mmap(NULL, 4096, PROT_READ|PROT_WRITE, MAP_PRIVATE|MAP_ANONYMOUS, -1, 0 <unfinished ...>
2468  rt_sigaction(SIGABRT, NULL,  <unfinished ...>
2467  mmap(0x624e00000000, 65536, PROT_READ|PROT_WRITE, MAP_PRIVATE|MAP_FIXED|MAP_ANONYMOUS, -1, 0 <unfinished ...>
2465  <... read resumed>"7fff7000-8fff7000 rw-p 00000000 "..., 8192) = 3980
2468  <... rt_sigaction resumed>{sa_handler=SIG_DFL, sa_mask=[], sa_flags=0}, 8) = 0
2467  <... mmap resumed>)               = 0x624e00000000
2464  <... mmap resumed>)               = 0x7f84cca95000
2468  rt_sigaction(SIGABRT, {sa_handler=SIG_DFL, sa_mask=[], sa_flags=SA_RESTORER, sa_restorer=0x7fbbaa20d050},  <unfinished ...>
2467  mmap(0x631000000000, 131072, PROT_READ|PROT_WRITE, MAP_PRIVATE|MAP_FIXED|MAP_ANONYMOUS, -1, 0 <unfinished ...>
2465  read(4,  <unfinished ...>
2468  <... rt_sigaction resumed>NULL, 8) = 0
2467  <... mmap resumed>)               = 0x631000000000
2464  getpid( <unfinished ...>
2468  rt_sigaction(SIGBUS, NULL,  <unfinished ...>
2467  mmap(0x631e00000000, 65536, PROT_READ|PROT_WRITE, MAP_PRIVATE|MAP_FIXED|MAP_ANONYMOUS, -1, 0 <unfinished ...>
2465  <... read resumed>"7f8117d0d000-7f8117d10000 rw-p 0"..., 4212) = 1685
2468  <... rt_sigaction resumed>{sa_handler=0x7fbbaaaa1400, sa_mask=[], sa_flags=SA_RESTORER|SA_ONSTACK|SA_NODEFER|SA_SIGINFO, sa_restorer=0x7fbbaa20d050}, 8) = 0
2467  <... mmap resumed>)               = 0x631e00000000
2464  <... getpid resumed>)             = 2464
2468  rt_sigaction(SIGBUS, {sa_handler=SIG_DFL, sa_mask=[], sa_flags=SA_RESTORER|SA_ONSTACK|SA_NODEFER|SA_SIGINFO, sa_restorer=0x7fbbaa20d050},  <unfinished ...>
2467  mmap(NULL, 4096, PROT_READ|PROT_WRITE, MAP_PRIVATE|MAP_ANONYMOUS, -1, 0 <unfinished ...>
2465  read(4,  <unfinished ...>
2468  <... rt_sigaction resumed>NULL, 8) = 0
2467  <... mmap resumed>)               = 0x7f7157f2f000
2464  prlimit64(0, RLIMIT_STACK, NULL,  <unfinished ...>
2468  rt_sigaction(SIGFPE, NULL,  <unfinished ...>
2467  mmap(NULL, 4096, PROT_READ|PROT_WRITE, MAP_PRIVATE|MAP_ANONYMOUS, -1, 0 <unfinished ...>
2465  <... read resumed>"", 2527)       = 0
2468  <... rt_sigaction resumed>{sa_handler=0x7fbbaaaa1400, sa_mask=[], sa_flags=SA_RESTORER|SA_ONSTACK|SA_NODEFER|SA_SIGINFO, sa_restorer=0x7fbbaa20d050}, 8) = 0
2467  <... mmap resumed>)               = 0x7f7157f2e000
2464  <... prlimit64 resumed>{rlim_cur=8192*1024, rlim_max=RLIM64_INFINITY}) = 0
2468  rt_sigaction(SIGFPE, {sa_handler=SIG_DFL, sa_mask=[], sa_flags=SA_RESTORER|SA_ONSTACK|SA_NODEFER|SA_SIGINFO, sa_restorer=0x7fbbaa20d050},  <unfinished ...>
2467  read(0,  <unfinished ...>
2465  close(4 <unfinished ...>
2468  <... rt_sigaction resumed>NULL, 8) = 0
2467  <... read resumed>"files/amCopy3\n", 4095) = 14
2464  mmap(NULL, 4096, PROT_READ|PROT_WRITE, MAP_PRIVATE|MAP_ANONYMOUS, -1, 0 <unfinished ...>
2468  rt_sigaction(SIGUSR1, NULL,  <unfinished ...>
2467  mmap(0x611000000000, 65536, PROT_READ|PROT_WRITE, MAP_PRIVATE|MAP_FIXED|MAP_ANONYMOUS, -1, 0 <unfinished ...>
2465  <... close resumed>)              = 0
2468  <... rt_sigaction resumed>{sa_handler=SIG_DFL, sa_mask=[], sa_flags=0}, 8) = 0
2467  <... mmap resumed>)               = 0x611000000000
2464  <... mmap resumed>)               = 0x7f84cca94000
2468  rt_sigaction(SIGUSR1, {sa_handler=SIG_DFL, sa_mask=[], sa_flags=SA_RESTORER, sa_restorer=0x7fbbaa20d050},  <unfinished ...>
2467  mmap(0x611e00000000, 65536, PROT_READ|PROT_WRITE, MAP_PRIVATE|MAP_FIXED|MAP_ANONYMOUS, -1, 0 <unfinished ...>
2465  munmap(0x7f8117421000, 8192 <unfinished ...>
2468  <... rt_sigaction resumed>NULL, 8) = 0
2467  <... mmap resumed>)               = 0x611e00000000
2464  open("/proc/self/maps", O_RDONLY <unfinished ...>
2468  rt_sigaction(SIGSEGV, NULL,  <unfinished ...>
2467  pipe2( <unfinished ...>
2465  <... munmap resumed>)             = 0
2468  <... rt_sigaction resumed>{sa_handler=0x7fbbaaaa1400, sa_mask=[], sa_flags=SA_RESTORER|SA_ONSTACK|SA_NODEFER|SA_SIGINFO, sa_restorer=0x7fbbaa20d050}, 8) = 0
2467  <... pipe2 resumed>[4, 15], O_CLOEXEC) = 0
2464  <... open resumed>)               = 4
2468  rt_sigaction(SIGSEGV, {sa_handler=SIG_DFL, sa_mask=[], sa_flags=SA_RESTORER|SA_ONSTACK|SA_NODEFER|SA_SIGINFO, sa_restorer=0x7fbbaa20d050},  <unfinished ...>
2467  prlimit64(0, RLIMIT_NOFILE, NULL,  <unfinished ...>
2465  mmap(NULL, 4096, PROT_READ|PROT_WRITE, MAP_PRIVATE|MAP_ANONYMOUS, -1, 0 <unfinished ...>
2468  <... rt_sigaction resumed>NULL, 8) = 0
2467  <... prlimit64 resumed>{rlim_cur=1024*1024, rlim_max=1024*1024}) = 0
2464  read(4,  <unfinished ...>
2468  rt_sigaction(SIGUSR2, NULL,  <unfinished ...>
2467  prlimit64(0, RLIMIT_NOFILE, NULL,  <unfinished ...>
2465  <... mmap resumed>)               = 0x7f8117422000
2468  <... rt_sigaction resumed>{sa_handler=SIG_DFL, sa_mask=[], sa_flags=0}, 8) = 0
2467  <... prlimit64 resumed>{rlim_cur=1024*1024, rlim_max=1024*1024}) = 0
2464  <... read resumed>"7fff7000-8fff7000 rw-p 00000000 "..., 4096) = 3980
2468  rt_sigaction(SIGUSR2, {sa_handler=SIG_DFL, sa_mask=[], sa_flags=SA_RESTORER, sa_restorer=0x7fbbaa20d050},  <unfinished ...>
2467  mmap(NULL, 36864, PROT_READ|PROT_WRITE, MAP_PRIVATE|MAP_ANONYMOUS|MAP_STACK, -1, 0 <unfinished ...>
2465  open("/proc/self/maps", O_RDONLY <unfinished ...>
2468  <... rt_sigaction resumed>NULL, 8) = 0
2467  <... mmap resumed>)               = 0x7f7157f25000
2464  read(4,  <unfinished ...>
2468  rt_sigaction(SIGPIPE, NULL,  <unfinished ...>
2467  rt_sigprocmask(SIG_BLOCK, ~[],  <unfinished ...>
2465  <... open resumed>)               = 4
2468  <... rt_sigaction resumed>{sa_handler=SIG_IGN, sa_mask=[], sa_flags=0}, 8) = 0
2467  <... rt_sigprocmask resumed>[], 8) = 0
2464  <... read resumed>"7f84cd398000-7f84cd39b000 rw-p 0"..., 116) = 116
2468  rt_sigaction(SIGALRM, NULL,  <unfinished ...>
2467  clone3({flags=CLONE_VM|CLONE_VFORK, exit_signal=SIGCHLD, stack=0x7f7157f25000, stack_size=0x9000}, 88 <unfinished ...>
2465  read(4,  <unfinished ...>
2468  <... rt_sigaction resumed>{sa_handler=SIG_DFL, sa_mask=[], sa_flags=0}, 8) = 0
2464  close(4 <unfinished ...>
2469  rt_sigprocmask(SIG_BLOCK, NULL,  <unfinished ...>
2468  rt_sigaction(SIGALRM, {sa_handler=SIG_DFL, sa_mask=[], sa_flags=SA_RESTORER, sa_restorer=0x7fbbaa20d050},  <unfinished ...>
2465  <... read resumed>"7fff7000-8fff7000 rw-p 00000000 "..., 4096) = 4029
2469  <... rt_sigprocmask resumed>~[KILL STOP], 8) = 0
2468  <... rt_sigaction resumed>NULL, 8) = 0
2464  <... close resumed>)              = 0
2469  rt_sigaction(SIGHUP, NULL,  <unfinished ...>
2468  rt_sigaction(SIGTERM, NULL,  <unfinished ...>
2465  read(4,  <unfinished ...>
2469  <... rt_sigaction resumed>{sa_handler=SIG_DFL, sa_mask=[], sa_flags=0}, 8) = 0
2468  <... rt_sigaction resumed>{sa_handler=SIG_DFL, sa_mask=[], sa_flags=0}, 8) = 0
2464  munmap(0x7f84cca94000, 4096 <unfinished ...>
2469  rt_sigaction(SIGHUP, {sa_handler=SIG_DFL, sa_mask=[], sa_flags=SA_RESTORER, sa_restorer=0x7f71586c5050},  <unfinished ...>
2468  rt_sigaction(SIGTERM, {sa_handler=SIG_DFL, sa_mask=[], sa_flags=SA_RESTORER, sa_restorer=0x7fbbaa20d050},  <unfinished ...>
2465  <... read resumed>"7f8117d0d000-7f8117d10000 rw-p 0"..., 67) = 67
2469  <... rt_sigaction resumed>NULL, 8) = 0
2468  <... rt_sigaction resumed>NULL, 8) = 0
2464  <... munmap resumed>)             = 0
2469  rt_sigaction(SIGINT, NULL,  <unfinished ...>
2468  rt_sigaction(SIGSTKFLT, NULL,  <unfinished ...>
2465  close(4 <unfinished ...>
2469  <... rt_sigaction resumed>{sa_handler=SIG_DFL, sa_mask=[], sa_flags=0}, 8) = 0
2468  <... rt_sigaction resumed>{sa_handler=SIG_DFL, sa_mask=[], sa_flags=0}, 8) = 0
