2463  <... mmap resumed>)               = 0x2008fff7000
2462  mmap(0x7fff7000, 268435456, PROT_READ|PROT_WRITE, MAP_PRIVATE|MAP_FIXED|MAP_ANONYMOUS|MAP_NORESERVE, -1, 0 <unfinished ...>
2463  madvise(0x2008fff7000, 15392894357504, MADV_NOHUGEPAGE <unfinished ...>
2462  <... mmap resumed>)               = 0x7fff7000
2463  <... madvise resumed>)            = 0
2462  madvise(0x7fff7000, 268435456, MADV_NOHUGEPAGE <unfinished ...>
2463  madvise(0x2008fff7000, 15392894357504, MADV_DONTDUMP <unfinished ...>
2462  <... madvise resumed>)            = 0
2463  <... madvise resumed>)            = 0
2462  madvise(0x7fff7000, 268435456, MADV_DONTDUMP <unfinished ...>
2463  mmap(0x8fff7000, 2199023255552, PROT_NONE, MAP_PRIVATE|MAP_FIXED|MAP_ANONYMOUS|MAP_NORESERVE, -1, 0 <unfinished ...>
2462  <... madvise resumed>)            = 0
2463  <... mmap resumed>)               = 0x8fff7000
2462  mmap(0x2008fff7000, 15392894357504, PROT_READ|PROT_WRITE, MAP_PRIVATE|MAP_FIXED|MAP_ANONYMOUS|MAP_NORESERVE, -1, 0 <unfinished ...>
2463  sigaltstack(NULL,  <unfinished ...>
2462  <... mmap resumed>)               = 0x2008fff7000
2463  <... sigaltstack resumed>{ss_sp=NULL, ss_flags=SS_DISABLE, ss_size=0}) = 0
2462  madvise(0x2008fff7000, 15392894357504, MADV_NOHUGEPAGE <unfinished ...>
2463  mmap(NULL, 32768, PROT_READ|PROT_WRITE, MAP_PRIVATE|MAP_ANONYMOUS, -1, 0 <unfinished ...>
2462  <... madvise resumed>)            = 0
2463  <... mmap resumed>)               = 0x7fe1c1f60000
2462  madvise(0x2008fff7000, 15392894357504, MADV_DONTDUMP <unfinished ...>
2463  sigaltstack({ss_sp=0x7fe1c1f60000, ss_flags=0, ss_size=32768},  <unfinished ...>
2462  <... madvise resumed>)            = 0
2463  <... sigaltstack resumed>NULL)    = 0
2462  mmap(0x8fff7000, 2199023255552, PROT_NONE, MAP_PRIVATE|MAP_FIXED|MAP_ANONYMOUS|MAP_NORESERVE, -1, 0 <unfinished ...>
2463  rt_sigaction(SIGSEGV, {sa_handler=0x7fe1c2ee6400, sa_mask=[], sa_flags=SA_RESTORER|SA_ONSTACK|SA_NODEFER|SA_SIGINFO, sa_restorer=0x7fe1c2652050},  <unfinished ...>
2462  <... mmap resumed>)               = 0x8fff7000
2463  <... rt_sigaction resumed>NULL, 8) = 0
2462  sigaltstack(NULL,  <unfinished ...>
2463  rt_sigaction(SIGBUS, {sa_handler=0x7fe1c2ee6400, sa_mask=[], sa_flags=SA_RESTORER|SA_ONSTACK|SA_NODEFER|SA_SIGINFO, sa_restorer=0x7fe1c2652050},  <unfinished ...>
2462  <... sigaltstack resumed>{ss_sp=NULL, ss_flags=SS_DISABLE, ss_size=0}) = 0
2463  <... rt_sigaction resumed>NULL, 8) = 0
2462  mmap(NULL, 32768, PROT_READ|PROT_WRITE, MAP_PRIVATE|MAP_ANONYMOUS, -1, 0 <unfinished ...>
2463  rt_sigaction(SIGFPE, {sa_handler=0x7fe1c2ee6400, sa_mask=[], sa_flags=SA_RESTORER|SA_ONSTACK|SA_NODEFER|SA_SIGINFO, sa_restorer=0x7fe1c2652050},  <unfinished ...>
2462  <... mmap resumed>)               = 0x7f5debba0000
2463  <... rt_sigaction resumed>NULL, 8) = 0
2462  sigaltstack({ss_sp=0x7f5debba0000, ss_flags=0, ss_size=32768},  <unfinished ...>
2463  mmap(0x600000000000, 4398046519296, PROT_NONE, MAP_PRIVATE|MAP_FIXED|MAP_ANONYMOUS|MAP_NORESERVE, -1, 0 <unfinished ...>
2462  <... sigaltstack resumed>NULL)    = 0
2463  <... mmap resumed>)               = 0x600000000000
2462  rt_sigaction(SIGSEGV, {sa_handler=0x7f5decb26400, sa_mask=[], sa_flags=SA_RESTORER|SA_ONSTACK|SA_NODEFER|SA_SIGINFO, sa_restorer=0x7f5dec292050},  <unfinished ...>
2463  mmap(0x640000000000, 8192, PROT_READ|PROT_WRITE, MAP_PRIVATE|MAP_FIXED|MAP_ANONYMOUS, -1, 0 <unfinished ...>
2462  <... rt_sigaction resumed>NULL, 8) = 0
2463  <... mmap resumed>)               = 0x640000000000
2462  rt_sigaction(SIGBUS, {sa_handler=0x7f5decb26400, sa_mask=[], sa_flags=SA_RESTORER|SA_ONSTACK|SA_NODEFER|SA_SIGINFO, sa_restorer=0x7f5dec292050},  <unfinished ...>
2463  mmap(NULL, 8388608, PROT_NONE, MAP_PRIVATE|MAP_ANONYMOUS|MAP_NORESERVE, -1, 0 <unfinished ...>
2462  <... rt_sigaction resumed>NULL, 8) = 0
2463  <... mmap resumed>)               = 0x7fe1c0e00000
2462  rt_sigaction(SIGFPE, {sa_handler=0x7f5decb26400, sa_mask=[], sa_flags=SA_RESTORER|SA_ONSTACK|SA_NODEFER|SA_SIGINFO, sa_restorer=0x7f5dec292050},  <unfinished ...>
2463  mmap(NULL, 57344, PROT_READ|PROT_WRITE, MAP_PRIVATE|MAP_ANONYMOUS, -1, 0 <unfinished ...>
2462  <... rt_sigaction resumed>NULL, 8) = 0
2463  <... mmap resumed>)               = 0x7fe1c1f52000
2462  mmap(0x600000000000, 4398046519296, PROT_NONE, MAP_PRIVATE|MAP_FIXED|MAP_ANONYMOUS|MAP_NORESERVE, -1, 0 <unfinished ...>
2463  mmap(NULL, 4096, PROT_READ|PROT_WRITE, MAP_PRIVATE|MAP_ANONYMOUS, -1, 0 <unfinished ...>
2462  <... mmap resumed>)               = 0x600000000000
2463  <... mmap resumed>)               = 0x7fe1c34c9000
2462  mmap(0x640000000000, 8192, PROT_READ|PROT_WRITE, MAP_PRIVATE|MAP_FIXED|MAP_ANONYMOUS, -1, 0 <unfinished ...>
2463  mmap(NULL, 4096, PROT_READ|PROT_WRITE, MAP_PRIVATE|MAP_ANONYMOUS, -1, 0 <unfinished ...>
2462  <... mmap resumed>)               = 0x640000000000
2463  <... mmap resumed>)               = 0x7fe1c1f51000
2462  mmap(NULL, 8388608, PROT_NONE, MAP_PRIVATE|MAP_ANONYMOUS|MAP_NORESERVE, -1, 0 <unfinished ...>
2463  getpid( <unfinished ...>
2462  <... mmap resumed>)               = 0x7f5deaa00000
2463  <... getpid resumed>)             = 2463
2462  mmap(NULL, 57344, PROT_READ|PROT_WRITE, MAP_PRIVATE|MAP_ANONYMOUS, -1, 0 <unfinished ...>
2463  prlimit64(0, RLIMIT_STACK, NULL,  <unfinished ...>
2462  <... mmap resumed>)               = 0x7f5debb92000
2463  <... prlimit64 resumed>{rlim_cur=8192*1024, rlim_max=RLIM64_INFINITY}) = 0
2462  mmap(NULL, 4096, PROT_READ|PROT_WRITE, MAP_PRIVATE|MAP_ANONYMOUS, -1, 0 <unfinished ...>
2463  mmap(NULL, 4096, PROT_READ|PROT_WRITE, MAP_PRIVATE|MAP_ANONYMOUS, -1, 0 <unfinished ...>
2462  <... mmap resumed>)               = 0x7f5ded109000
2463  <... mmap resumed>)               = 0x7fe1c1f50000
2462  mmap(NULL, 4096, PROT_READ|PROT_WRITE, MAP_PRIVATE|MAP_ANONYMOUS, -1, 0 <unfinished ...>
2463  open("/proc/self/maps", O_RDONLY <unfinished ...>
2462  <... mmap resumed>)               = 0x7f5debb91000
2463  <... open resumed>)               = 3
2462  getpid( <unfinished ...>
2463  read(3,  <unfinished ...>
2462  <... getpid resumed>)             = 2462
2463  <... read resumed>"7fff7000-8fff7000 rw-p 00000000 "..., 4096) = 4092
2462  prlimit64(0, RLIMIT_STACK, NULL,  <unfinished ...>
2463  read(3,  <unfinished ...>
2462  <... prlimit64 resumed>{rlim_cur=8192*1024, rlim_max=RLIM64_INFINITY}) = 0
2463  <... read resumed>"7fe1", 4)      = 4
2462  mmap(NULL, 4096, PROT_READ|PROT_WRITE, MAP_PRIVATE|MAP_ANONYMOUS, -1, 0 <unfinished ...>
2463  close(3 <unfinished ...>
2462  <... mmap resumed>)               = 0x7f5debb90000
2463  <... close resumed>)              = 0
2462  open("/proc/self/maps", O_RDONLY <unfinished ...>
2463  munmap(0x7fe1c1f50000, 4096 <unfinished ...>
2462  <... open resumed>)               = 3
2463  <... munmap resumed>)             = 0
2462  read(3,  <unfinished ...>
2463  mmap(NULL, 8192, PROT_READ|PROT_WRITE, MAP_PRIVATE|MAP_ANONYMOUS, -1, 0 <unfinished ...>
2462  <... read resumed>"7fff7000-8fff7000 rw-p 00000000 "..., 4096) = 4087
2463  <... mmap resumed>)               = 0x7fe1c1f4f000
2462  read(3,  <unfinished ...>
2463  open("/proc/self/maps", O_RDONLY <unfinished ...>
2462  <... read resumed>"7f5dec497", 9) = 9
2463  <... open resumed>)               = 3
2462  close(3 <unfinished ...>
2463  read(3,  <unfinished ...>
2462  <... close resumed>)              = 0
2463  <... read resumed>"7fff7000-8fff7000 rw-p 00000000 "..., 8192) = 4092
2462  munmap(0x7f5debb90000, 4096 <unfinished ...>
2463  read(3,  <unfinished ...>
2462  <... munmap resumed>)             = 0
2463  <... read resumed>"7fe1c2857000-7fe1c2e29000 rw-p 0"..., 4100) = 1568
2462  mmap(NULL, 8192, PROT_READ|PROT_WRITE, MAP_PRIVATE|MAP_ANONYMOUS, -1, 0 <unfinished ...>
2463  read(3,  <unfinished ...>
2462  <... mmap resumed>)               = 0x7f5debb8f000
2463  <... read resumed>"", 2532)       = 0
2462  open("/proc/self/maps", O_RDONLY <unfinished ...>
2463  close(3 <unfinished ...>
2462  <... open resumed>)               = 3
2463  <... close resumed>)              = 0
2462  read(3,  <unfinished ...>
2463  munmap(0x7fe1c1f68000, 8192 <unfinished ...>
2462  <... read resumed>"7fff7000-8fff7000 rw-p 00000000 "..., 8192) = 4087
2463  <... munmap resumed>)             = 0
2462  read(3,  <unfinished ...>
2463  mmap(NULL, 4096, PROT_READ|PROT_WRITE, MAP_PRIVATE|MAP_ANONYMOUS, -1, 0 <unfinished ...>
2462  <... read resumed>"7f5dec497000-7f5deca69000 rw-p 0"..., 4105) = 1568
2463  <... mmap resumed>)               = 0x7fe1c1f69000
2462  read(3,  <unfinished ...>
2463  open("/proc/self/maps", O_RDONLY <unfinished ...>
2462  <... read resumed>"", 2537)       = 0
2463  <... open resumed>)               = 3
2462  close(3 <unfinished ...>
2463  read(3,  <unfinished ...>
2462  <... close resumed>)              = 0
2463  <... read resumed>"7fff7000-8fff7000 rw-p 00000000 "..., 4096) = 4024
2462  munmap(0x7f5debba8000, 8192 <unfinished ...>
2463  read(3,  <unfinished ...>
2462  <... munmap resumed>)             = 0
2463  <... read resumed>"7fe1c2854000-7fe1c2857000 rw-p 0"..., 72) = 72
2462  mmap(NULL, 4096, PROT_READ|PROT_WRITE, MAP_PRIVATE|MAP_ANONYMOUS, -1, 0 <unfinished ...>
2463  close(3 <unfinished ...>
2462  <... mmap resumed>)               = 0x7f5debba9000
2463  <... close resumed>)              = 0
2462  open("/proc/self/maps", O_RDONLY <unfinished ...>
2463  munmap(0x7fe1c1f69000, 4096 <unfinished ...>
2462  <... open resumed>)               = 3
2463  <... munmap resumed>)             = 0
2462  read(3,  <unfinished ...>
2463  mmap(NULL, 8192, PROT_READ|PROT_WRITE, MAP_PRIVATE|MAP_ANONYMOUS, -1, 0 <unfinished ...>
2462  <... read resumed>"7fff7000-8fff7000 rw-p 00000000 "..., 4096) = 4019
2463  <... mmap resumed>)               = 0x7fe1c1f68000
2462  read(3,  <unfinished ...>
2463  open("/proc/self/maps", O_RDONLY <unfinished ...>
2462  <... read resumed>"7f5dec494000-7f5dec497000 rw-p 0"..., 77) = 77
2463  <... open resumed>)               = 3
2462  close(3 <unfinished ...>
2463  read(3,  <unfinished ...>
2462  <... close resumed>)              = 0
2463  <... read resumed>"7fff7000-8fff7000 rw-p 00000000 "..., 8192) = 4092
2462  munmap(0x7f5debba9000, 4096 <unfinished ...>
2463  read(3,  <unfinished ...>
2462  <... munmap resumed>)             = 0
2463  <... read resumed>"7fe1c2857000-7fe1c2e29000 rw-p 0"..., 4100) = 1568
2462  mmap(NULL, 8192, PROT_READ|PROT_WRITE, MAP_PRIVATE|MAP_ANONYMOUS, -1, 0 <unfinished ...>
2463  read(3,  <unfinished ...>
2462  <... mmap resumed>)               = 0x7f5debba8000
2463  <... read resumed>"", 2532)       = 0
2462  open("/proc/self/maps", O_RDONLY <unfinished ...>
2463  close(3 <unfinished ...>
2462  <... open resumed>)               = 3
2463  <... close resumed>)              = 0
2462  read(3,  <unfinished ...>
2463  munmap(0x7fe1c1f68000, 8192 <unfinished ...>
2462  <... read resumed>"7fff7000-8fff7000 rw-p 00000000 "..., 8192) = 4087
2463  <... munmap resumed>)             = 0
2462  read(3,  <unfinished ...>
2463  mmap(0x10005ea9f000, 1044480, PROT_READ|PROT_WRITE, MAP_PRIVATE|MAP_FIXED|MAP_ANONYMOUS|MAP_NORESERVE, -1, 0 <unfinished ...>
2462  <... read resumed>"7f5dec497000-7f5deca69000 rw-p 0"..., 4105) = 1568
2463  <... mmap resumed>)               = 0x10005ea9f000
2462  read(3,  <unfinished ...>
2463  madvise(0x10005ea9f000, 1044480, MADV_NOHUGEPAGE <unfinished ...>
2462  <... read resumed>"", 2537)       = 0
2463  <... madvise resumed>)            = 0
2462  close(3 <unfinished ...>
2463  madvise(0x10005ea9f000, 1044480, MADV_DONTDUMP <unfinished ...>
2462  <... close resumed>)              = 0
2463  <... madvise resumed>)            = 0
2462  munmap(0x7f5debba8000, 8192 <unfinished ...>
2463  sigaltstack(NULL,  <unfinished ...>
2462  <... munmap resumed>)             = 0
2463  <... sigaltstack resumed>{ss_sp=0x7fe1c1f60000, ss_flags=0, ss_size=32768}) = 0
2462  mmap(0x10000c46b000, 1044480, PROT_READ|PROT_WRITE, MAP_PRIVATE|MAP_FIXED|MAP_ANONYMOUS|MAP_NORESERVE, -1, 0 <unfinished ...>
2463  mmap(NULL, 1179648, PROT_READ|PROT_WRITE, MAP_PRIVATE|MAP_ANONYMOUS, -1, 0 <unfinished ...>
2462  <... mmap resumed>)               = 0x10000c46b000
2463  <... mmap resumed>)               = 0x7fe1c0ce0000
2462  madvise(0x10000c46b000, 1044480, MADV_NOHUGEPAGE <unfinished ...>
2463  mmap(NULL, 4096, PROT_READ|PROT_WRITE, MAP_PRIVATE|MAP_ANONYMOUS, -1, 0 <unfinished ...>
2462  <... madvise resumed>)            = 0
2463  <... mmap resumed>)               = 0x7fe1c1f69000
2462  madvise(0x10000c46b000, 1044480, MADV_DONTDUMP <unfinished ...>
2463  mmap(NULL, 2097152, PROT_READ|PROT_WRITE, MAP_PRIVATE|MAP_ANONYMOUS, -1, 0 <unfinished ...>
2462  <... madvise resumed>)            = 0
2463  <... mmap resumed>)               = 0x7fe1c0ae0000
2462  sigaltstack(NULL,  <unfinished ...>
2463  munmap(0x7fe1c0ae0000, 131072 <unfinished ...>
2462  <... sigaltstack resumed>{ss_sp=0x7f5debba0000, ss_flags=0, ss_size=32768}) = 0
2463  <... munmap resumed>)             = 0
2462  mmap(NULL, 1179648, PROT_READ|PROT_WRITE, MAP_PRIVATE|MAP_ANONYMOUS, -1, 0 <unfinished ...>
2463  munmap(0x7fe1c0c00000, 917504 <unfinished ...>
2462  <... mmap resumed>)               = 0x7f5dea8e0000
2463  <... munmap resumed>)             = 0
2462  mmap(NULL, 4096, PROT_READ|PROT_WRITE, MAP_PRIVATE|MAP_ANONYMOUS, -1, 0 <unfinished ...>
2463  munmap(0x7fe1c1f69000, 4096 <unfinished ...>
2462  <... mmap resumed>)               = 0x7f5debba9000
2463  <... munmap resumed>)             = 0
2462  mmap(NULL, 2097152, PROT_READ|PROT_WRITE, MAP_PRIVATE|MAP_ANONYMOUS, -1, 0 <unfinished ...>
2463  mmap(NULL, 4096, PROT_READ|PROT_WRITE, MAP_PRIVATE|MAP_ANONYMOUS, -1, 0 <unfinished ...>
2462  <... mmap resumed>)               = 0x7f5dea6e0000
2463  <... mmap resumed>)               = 0x7fe1c1f69000
2462  munmap(0x7f5dea6e0000, 131072 <unfinished ...>
2463  mmap(NULL, 2097152, PROT_READ|PROT_WRITE, MAP_PRIVATE|MAP_ANONYMOUS, -1, 0 <unfinished ...>
2462  <... munmap resumed>)             = 0
2463  <... mmap resumed>)               = 0x7fe1c0900000
2462  munmap(0x7f5dea800000, 917504 <unfinished ...>
2463  munmap(0x7fe1c0a00000, 1048576 <unfinished ...>
2462  <... munmap resumed>)             = 0
2463  <... munmap resumed>)             = 0
2462  munmap(0x7f5debba9000, 4096 <unfinished ...>
2463  mmap(NULL, 2097152, PROT_READ|PROT_WRITE, MAP_PRIVATE|MAP_ANONYMOUS, -1, 0) = 0x7fe1c0700000
2462  <... munmap resumed>)             = 0
2463  munmap(0x7fe1c0800000, 1048576 <unfinished ...>
2462  mmap(NULL, 4096, PROT_READ|PROT_WRITE, MAP_PRIVATE|MAP_ANONYMOUS, -1, 0 <unfinished ...>
2463  <... munmap resumed>)             = 0
2462  <... mmap resumed>)               = 0x7f5debba9000
2463  munmap(0x7fe1c1f69000, 4096 <unfinished ...>
2462  mmap(NULL, 2097152, PROT_READ|PROT_WRITE, MAP_PRIVATE|MAP_ANONYMOUS, -1, 0 <unfinished ...>
2463  <... munmap resumed>)             = 0
2462  <... mmap resumed>)               = 0x7f5dea500000
2463  mmap(NULL, 4096, PROT_READ|PROT_WRITE, MAP_PRIVATE|MAP_ANONYMOUS, -1, 0 <unfinished ...>
2462  munmap(0x7f5dea600000, 1048576 <unfinished ...>
2463  <... mmap resumed>)               = 0x7fe1c1f69000
2462  <... munmap resumed>)             = 0
2463  munmap(0x7fe1c1f69000, 4096 <unfinished ...>
2462  mmap(NULL, 2097152, PROT_READ|PROT_WRITE, MAP_PRIVATE|MAP_ANONYMOUS, -1, 0 <unfinished ...>
2463  <... munmap resumed>)             = 0
2462  <... mmap resumed>)               = 0x7f5dea300000
2463  mmap(NULL, 4096, PROT_READ|PROT_WRITE, MAP_PRIVATE|MAP_ANONYMOUS, -1, 0 <unfinished ...>
2462  munmap(0x7f5dea400000, 1048576 <unfinished ...>
2463  <... mmap resumed>)               = 0x7fe1c1f69000
2462  <... munmap resumed>)             = 0
2463  munmap(0x7fe1c1f69000, 4096 <unfinished ...>
2462  munmap(0x7f5debba9000, 4096 <unfinished ...>
2463  <... munmap resumed>)             = 0
2462  <... munmap resumed>)             = 0
2463  mmap(NULL, 4096, PROT_READ|PROT_WRITE, MAP_PRIVATE|MAP_ANONYMOUS, -1, 0 <unfinished ...>
2462  mmap(NULL, 4096, PROT_READ|PROT_WRITE, MAP_PRIVATE|MAP_ANONYMOUS, -1, 0 <unfinished ...>
2463  <... mmap resumed>)               = 0x7fe1c1f69000
2462  <... mmap resumed>)               = 0x7f5debba9000
2463  munmap(0x7fe1c1f69000, 4096 <unfinished ...>
2462  munmap(0x7f5debba9000, 4096 <unfinished ...>
2463  <... munmap resumed>)             = 0
2462  <... munmap resumed>)             = 0
2463  mmap(NULL, 4096, PROT_READ|PROT_WRITE, MAP_PRIVATE|MAP_ANONYMOUS, -1, 0 <unfinished ...>
2462  mmap(NULL, 4096, PROT_READ|PROT_WRITE, MAP_PRIVATE|MAP_ANONYMOUS, -1, 0 <unfinished ...>
2463  <... mmap resumed>)               = 0x7fe1c1f69000
2462  <... mmap resumed>)               = 0x7f5debba9000
2463  munmap(0x7fe1c1f69000, 4096 <unfinished ...>
2462  munmap(0x7f5debba9000, 4096 <unfinished ...>
2463  <... munmap resumed>)             = 0
2462  <... munmap resumed>)             = 0
2463  mmap(NULL, 4096, PROT_READ|PROT_WRITE, MAP_PRIVATE|MAP_ANONYMOUS, -1, 0 <unfinished ...>
2462  mmap(NULL, 4096, PROT_READ|PROT_WRITE, MAP_PRIVATE|MAP_ANONYMOUS, -1, 0 <unfinished ...>
2463  <... mmap resumed>)               = 0x7fe1c1f69000
2462  <... mmap resumed>)               = 0x7f5debba9000
2463  munmap(0x7fe1c1f69000, 4096 <unfinished ...>
2462  munmap(0x7f5debba9000, 4096 <unfinished ...>
2463  <... munmap resumed>)             = 0
2462  <... munmap resumed>)             = 0
2463  mmap(NULL, 4096, PROT_READ|PROT_WRITE, MAP_PRIVATE|MAP_ANONYMOUS, -1, 0 <unfinished ...>
2462  mmap(NULL, 4096, PROT_READ|PROT_WRITE, MAP_PRIVATE|MAP_ANONYMOUS, -1, 0 <unfinished ...>
2463  <... mmap resumed>)               = 0x7fe1c1f69000
2462  <... mmap resumed>)               = 0x7f5debba9000
2463  munmap(0x7fe1c1f69000, 4096 <unfinished ...>
2462  munmap(0x7f5debba9000, 4096 <unfinished ...>
2463  <... munmap resumed>)             = 0
2462  <... munmap resumed>)             = 0
2463  mmap(NULL, 4096, PROT_READ|PROT_WRITE, MAP_PRIVATE|MAP_ANONYMOUS, -1, 0 <unfinished ...>
2462  mmap(NULL, 4096, PROT_READ|PROT_WRITE, MAP_PRIVATE|MAP_ANONYMOUS, -1, 0 <unfinished ...>
2463  <... mmap resumed>)               = 0x7fe1c1f69000
2462  <... mmap resumed>)               = 0x7f5debba9000
2463  munmap(0x7fe1c1f69000, 4096 <unfinished ...>
2462  munmap(0x7f5debba9000, 4096 <unfinished ...>
2463  <... munmap resumed>)             = 0
2462  <... munmap resumed>)             = 0
2463  mmap(NULL, 4096, PROT_READ|PROT_WRITE, MAP_PRIVATE|MAP_ANONYMOUS, -1, 0 <unfinished ...>
2462  mmap(NULL, 4096, PROT_READ|PROT_WRITE, MAP_PRIVATE|MAP_ANONYMOUS, -1, 0 <unfinished ...>
2463  <... mmap resumed>)               = 0x7fe1c1f69000
2462  <... mmap resumed>)               = 0x7f5debba9000
2463  mmap(NULL, 4096, PROT_READ|PROT_WRITE, MAP_PRIVATE|MAP_ANONYMOUS, -1, 0 <unfinished ...>
2462  munmap(0x7f5debba9000, 4096 <unfinished ...>
2463  <... mmap resumed>)               = 0x7fe1c1f68000
2462  <... munmap resumed>)             = 0
2463  mmap(NULL, 8192, PROT_READ|PROT_WRITE, MAP_PRIVATE|MAP_ANONYMOUS, -1, 0 <unfinished ...>
2462  mmap(NULL, 4096, PROT_READ|PROT_WRITE, MAP_PRIVATE|MAP_ANONYMOUS, -1, 0 <unfinished ...>
2463  <... mmap resumed>)               = 0x7fe1c1f4d000
2462  <... mmap resumed>)               = 0x7f5debba9000
2463  clock_gettime(CLOCK_MONOTONIC,  <unfinished ...>
2462  munmap(0x7f5debba9000, 4096 <unfinished ...>
2463  <... clock_gettime resumed>{tv_sec=30278, tv_nsec=787379655}) = 0
2462  <... munmap resumed>)             = 0
2463  mmap(0x607000000000, 65536, PROT_READ|PROT_WRITE, MAP_PRIVATE|MAP_FIXED|MAP_ANONYMOUS, -1, 0 <unfinished ...>
2462  mmap(NULL, 4096, PROT_READ|PROT_WRITE, MAP_PRIVATE|MAP_ANONYMOUS, -1, 0 <unfinished ...>
2463  <... mmap resumed>)               = 0x607000000000
2462  <... mmap resumed>)               = 0x7f5debba9000
2463  mmap(0x607e00000000, 65536, PROT_READ|PROT_WRITE, MAP_PRIVATE|MAP_FIXED|MAP_ANONYMOUS, -1, 0 <unfinished ...>
2462  mmap(NULL, 4096, PROT_READ|PROT_WRITE, MAP_PRIVATE|MAP_ANONYMOUS, -1, 0 <unfinished ...>
2463  <... mmap resumed>)               = 0x607e00000000
2462  <... mmap resumed>)               = 0x7f5debba8000
2463  mmap(NULL, 1048576, PROT_READ|PROT_WRITE, MAP_PRIVATE|MAP_ANONYMOUS, -1, 0 <unfinished ...>
2462  mmap(NULL, 8192, PROT_READ|PROT_WRITE, MAP_PRIVATE|MAP_ANONYMOUS, -1, 0 <unfinished ...>
2463  <... mmap resumed>)               = 0x7fe1c1d00000
2462  <... mmap resumed>)               = 0x7f5debb8d000
2463  mmap(NULL, 65536, PROT_READ|PROT_WRITE, MAP_PRIVATE|MAP_ANONYMOUS, -1, 0 <unfinished ...>
2462  clock_gettime(CLOCK_MONOTONIC,  <unfinished ...>
2463  <... mmap resumed>)               = 0x7fe1c1f3d000
2462  <... clock_gettime resumed>{tv_sec=30278, tv_nsec=793551866}) = 0
2463  mmap(NULL, 524288, PROT_READ|PROT_WRITE, MAP_PRIVATE|MAP_ANONYMOUS, -1, 0 <unfinished ...>
2462  mmap(0x607000000000, 65536, PROT_READ|PROT_WRITE, MAP_PRIVATE|MAP_FIXED|MAP_ANONYMOUS, -1, 0 <unfinished ...>
2463  <... mmap resumed>)               = 0x7fe1c1b80000
2462  <... mmap resumed>)               = 0x607000000000
2463  clock_gettime(CLOCK_MONOTONIC,  <unfinished ...>
2462  mmap(0x607e00000000, 65536, PROT_READ|PROT_WRITE, MAP_PRIVATE|MAP_FIXED|MAP_ANONYMOUS, -1, 0 <unfinished ...>
2463  <... clock_gettime resumed>{tv_sec=30278, tv_nsec=797505753}) = 0
2462  <... mmap resumed>)               = 0x607e00000000
2463  mmap(0x603000000000, 65536, PROT_READ|PROT_WRITE, MAP_PRIVATE|MAP_FIXED|MAP_ANONYMOUS, -1, 0 <unfinished ...>
2462  mmap(NULL, 1048576, PROT_READ|PROT_WRITE, MAP_PRIVATE|MAP_ANONYMOUS, -1, 0 <unfinished ...>
2463  <... mmap resumed>)               = 0x603000000000
2462  <... mmap resumed>)               = 0x7f5deb900000
2463  mmap(0x603e00000000, 65536, PROT_READ|PROT_WRITE, MAP_PRIVATE|MAP_FIXED|MAP_ANONYMOUS, -1, 0 <unfinished ...>
2462  mmap(NULL, 65536, PROT_READ|PROT_WRITE, MAP_PRIVATE|MAP_ANONYMOUS, -1, 0 <unfinished ...>
2463  <... mmap resumed>)               = 0x603e00000000
2462  <... mmap resumed>)               = 0x7f5debb7d000
2463  clock_gettime(CLOCK_MONOTONIC,  <unfinished ...>
2462  mmap(NULL, 524288, PROT_READ|PROT_WRITE, MAP_PRIVATE|MAP_ANONYMOUS, -1, 0 <unfinished ...>
2463  <... clock_gettime resumed>{tv_sec=30278, tv_nsec=803990880}) = 0
2462  <... mmap resumed>)               = 0x7f5deb780000
2463  mmap(0x60b000000000, 65536, PROT_READ|PROT_WRITE, MAP_PRIVATE|MAP_FIXED|MAP_ANONYMOUS, -1, 0 <unfinished ...>
2462  clock_gettime(CLOCK_MONOTONIC,  <unfinished ...>
2463  <... mmap resumed>)               = 0x60b000000000
2462  <... clock_gettime resumed>{tv_sec=30278, tv_nsec=806317075}) = 0
2463  mmap(0x60be00000000, 65536, PROT_READ|PROT_WRITE, MAP_PRIVATE|MAP_FIXED|MAP_ANONYMOUS, -1, 0 <unfinished ...>
2462  mmap(0x603000000000, 65536, PROT_READ|PROT_WRITE, MAP_PRIVATE|MAP_FIXED|MAP_ANONYMOUS, -1, 0 <unfinished ...>
2463  <... mmap resumed>)               = 0x60be00000000
2462  <... mmap resumed>)               = 0x603000000000
2463  clock_gettime(CLOCK_MONOTONIC,  <unfinished ...>
2462  mmap(0x603e00000000, 65536, PROT_READ|PROT_WRITE, MAP_PRIVATE|MAP_FIXED|MAP_ANONYMOUS, -1, 0 <unfinished ...>
2463  <... clock_gettime resumed>{tv_sec=30278, tv_nsec=809541066}) = 0
2462  <... mmap resumed>)               = 0x603e00000000
2463  mmap(0x624000000000, 65536, PROT_READ|PROT_WRITE, MAP_PRIVATE|MAP_FIXED|MAP_ANONYMOUS, -1, 0 <unfinished ...>
2462  clock_gettime(CLOCK_MONOTONIC,  <unfinished ...>
2463  <... mmap resumed>)               = 0x624000000000
2462  <... clock_gettime resumed>{tv_sec=30278, tv_nsec=812164677}) = 0
2463  mmap(0x624e00000000, 65536, PROT_READ|PROT_WRITE, MAP_PRIVATE|MAP_FIXED|MAP_ANONYMOUS, -1, 0 <unfinished ...>
2462  mmap(0x60b000000000, 65536, PROT_READ|PROT_WRITE, MAP_PRIVATE|MAP_FIXED|MAP_ANONYMOUS, -1, 0 <unfinished ...>
2463  <... mmap resumed>)               = 0x624e00000000
2462  <... mmap resumed>)               = 0x60b000000000
2463  mmap(0x631000000000, 131072, PROT_READ|PROT_WRITE, MAP_PRIVATE|MAP_FIXED|MAP_ANONYMOUS, -1, 0 <unfinished ...>
2462  mmap(0x60be00000000, 65536, PROT_READ|PROT_WRITE, MAP_PRIVATE|MAP_FIXED|MAP_ANONYMOUS, -1, 0 <unfinished ...>
2463  <... mmap resumed>)               = 0x631000000000
2462  <... mmap resumed>)               = 0x60be00000000
2463  mmap(0x631e00000000, 65536, PROT_READ|PROT_WRITE, MAP_PRIVATE|MAP_FIXED|MAP_ANONYMOUS, -1, 0 <unfinished ...>
2462  clock_gettime(CLOCK_MONOTONIC,  <unfinished ...>
2463  <... mmap resumed>)               = 0x631e00000000
2462  <... clock_gettime resumed>{tv_sec=30278, tv_nsec=821822255}) = 0
2463  mmap(NULL, 4096, PROT_READ|PROT_WRITE, MAP_PRIVATE|MAP_ANONYMOUS, -1, 0 <unfinished ...>
2462  mmap(0x624000000000, 65536, PROT_READ|PROT_WRITE, MAP_PRIVATE|MAP_FIXED|MAP_ANONYMOUS, -1, 0 <unfinished ...>
2463  <... mmap resumed>)               = 0x7fe1c1f3c000
2462  <... mmap resumed>)               = 0x624000000000
2463  mmap(NULL, 4096, PROT_READ|PROT_WRITE, MAP_PRIVATE|MAP_ANONYMOUS, -1, 0 <unfinished ...>
2462  mmap(0x624e00000000, 65536, PROT_READ|PROT_WRITE, MAP_PRIVATE|MAP_FIXED|MAP_ANONYMOUS, -1, 0 <unfinished ...>
2463  <... mmap resumed>)               = 0x7fe1c1f3b000
2462  <... mmap resumed>)               = 0x624e00000000
2463  write(2, "1\n", 2 <unfinished ...>
2462  mmap(0x631000000000, 131072, PROT_READ|PROT_WRITE, MAP_PRIVATE|MAP_FIXED|MAP_ANONYMOUS, -1, 0 <unfinished ...>
2463  <... write resumed>)              = 2
2462  <... mmap resumed>)               = 0x631000000000
2463  write(2, "In view...\n", 11 <unfinished ...>
2462  mmap(0x631e00000000, 65536, PROT_READ|PROT_WRITE, MAP_PRIVATE|MAP_FIXED|MAP_ANONYMOUS, -1, 0 <unfinished ...>
2463  <... write resumed>)              = 11
2462  <... mmap resumed>)               = 0x631e00000000
2463  write(2, "view 0>> ./bin/view\n", 20 <unfinished ...>
2462  mmap(NULL, 4096, PROT_READ|PROT_WRITE, MAP_PRIVATE|MAP_ANONYMOUS, -1, 0 <unfinished ...>
2463  <... write resumed>)              = 20
2462  <... mmap resumed>)               = 0x7f5debb7c000
2463  newfstatat(0, "",  <unfinished ...>
2462  mmap(NULL, 4096, PROT_READ|PROT_WRITE, MAP_PRIVATE|MAP_ANONYMOUS, -1, 0 <unfinished ...>
2463  <... newfstatat resumed>{st_mode=S_IFIFO|0600, st_size=0, ...}, AT_EMPTY_PATH) = 0
2462  <... mmap resumed>)               = 0x7f5debb7b000
2463  mmap(0x621000000000, 65536, PROT_READ|PROT_WRITE, MAP_PRIVATE|MAP_FIXED|MAP_ANONYMOUS, -1, 0 <unfinished ...>
2462  rt_sigaction(SIGPIPE, {sa_handler=SIG_IGN, sa_mask=[PIPE], sa_flags=SA_RESTORER|SA_RESTART, sa_restorer=0x7f5dec292050},  <unfinished ...>
2463  <... mmap resumed>)               = 0x621000000000
2462  <... rt_sigaction resumed>{sa_handler=SIG_DFL, sa_mask=[], sa_flags=0}, 8) = 0
2463  mmap(0x621e00000000, 65536, PROT_READ|PROT_WRITE, MAP_PRIVATE|MAP_FIXED|MAP_ANONYMOUS, -1, 0 <unfinished ...>
2462  mmap(0x615000000000, 65536, PROT_READ|PROT_WRITE, MAP_PRIVATE|MAP_FIXED|MAP_ANONYMOUS, -1, 0 <unfinished ...>
2463  <... mmap resumed>)               = 0x621e00000000
2462  <... mmap resumed>)               = 0x615000000000
2463  read(0,  <unfinished ...>
2462  mmap(0x615e00000000, 65536, PROT_READ|PROT_WRITE, MAP_PRIVATE|MAP_FIXED|MAP_ANONYMOUS, -1, 0) = 0x615e00000000
2462  openat(AT_FDCWD, "output.txt", O_WRONLY|O_CREAT|O_TRUNC, 0666) = 3
2462  newfstatat(3, "", {st_mode=S_IFREG|0644, st_size=0, ...}, AT_EMPTY_PATH) = 0
2462  mmap(0x621000000000, 65536, PROT_READ|PROT_WRITE, MAP_PRIVATE|MAP_FIXED|MAP_ANONYMOUS, -1, 0) = 0x621000000000
2462  mmap(0x621e00000000, 65536, PROT_READ|PROT_WRITE, MAP_PRIVATE|MAP_FIXED|MAP_ANONYMOUS, -1, 0) = 0x621e00000000
2462  unlink("/dev/shm/shmApp")         = 0
2462  openat(AT_FDCWD, "/dev/shm/shmApp", O_RDWR|O_CREAT|O_EXCL|O_NOFOLLOW|O_CLOEXEC, 0600) = 4
2462  ftruncate(4, 2052)                = 0
2462  mmap(NULL, 2052, PROT_READ|PROT_WRITE, MAP_SHARED, 4, 0) = 0x7f5debb7a000
2462  unlink("/dev/shm/sem.semApp")     = 0
2462  getrandom("\xd4\x43\xe8\x74\x6c\xbe\xb5\xb3", 8, GRND_NONBLOCK) = 8
2462  newfstatat(AT_FDCWD, "/dev/shm/sem.Owkc2d", 0x7ffc62b8f0e0, AT_SYMLINK_NOFOLLOW) = -1 ENOENT (No such file or directory)
2462  openat(AT_FDCWD, "/dev/shm/sem.Owkc2d", O_RDWR|O_CREAT|O_EXCL, 0660) = 5
2462  write(5, "\1\0\0\0\0\0\0\0\200\0\0\0\0\0\0\0\0\0\0\0\0\0\0\0\0\0\0\0\0\0\0\0", 32) = 32
2462  mmap(NULL, 32, PROT_READ|PROT_WRITE, MAP_SHARED, 5, 0) = 0x7f5debb79000
2462  link("/dev/shm/sem.Owkc2d", "/dev/shm/sem.semApp") = 0
2462  newfstatat(5, "", {st_mode=S_IFREG|0640, st_size=32, ...}, AT_EMPTY_PATH) = 0
2462  mmap(0x604000000000, 65536, PROT_READ|PROT_WRITE, MAP_PRIVATE|MAP_FIXED|MAP_ANONYMOUS, -1, 0) = 0x604000000000
2462  mmap(0x604e00000000, 65536, PROT_READ|PROT_WRITE, MAP_PRIVATE|MAP_FIXED|MAP_ANONYMOUS, -1, 0) = 0x604e00000000
2462  unlink("/dev/shm/sem.Owkc2d")     = 0
2462  close(5)                          = 0
2462  clock_nanosleep(CLOCK_REALTIME, 0, {tv_sec=2, tv_nsec=0}, 0x7ffc62b8fd10) = 0
2462  write(1, "shmApp", 6 <unfinished ...>
2463  <... read resumed>"shmApp", 4096) = 6
2462  <... write resumed>)              = 6
2463  read(0,  <unfinished ...>
2462  write(1, "\n", 1 <unfinished ...>
2463  <... read resumed>"\n", 4096)     = 1
2462  <... write resumed>)              = 1
2463  write(2, "View know shm is: shmApp\n", 25 <unfinished ...>
2462  write(1, "semApp", 6 <unfinished ...>
2463  <... write resumed>)              = 25
2462  <... write resumed>)              = 6
2463  read(0,  <unfinished ...>
2462  write(1, "\n", 1 <unfinished ...>
2463  <... read resumed>"semApp", 4096) = 6
2462  <... write resumed>)              = 1
2463  read(0,  <unfinished ...>
2462  pipe2( <unfinished ...>
2463  <... read resumed>"\n", 4096)     = 1
2462  <... pipe2 resumed>[5, 6], 0)     = 0
2463  write(2, "View knows sem is: semApp\n", 26 <unfinished ...>
2462  pipe2( <unfinished ...>
2463  <... write resumed>)              = 26
2462  <... pipe2 resumed>[7, 8], 0)     = 0
2463  openat(AT_FDCWD, "/dev/shm/sem.semApp", O_RDWR|O_NOFOLLOW <unfinished ...>
2462  write(2, "APP to SLAVE pipe: readEnd: 5, w"..., 43 <unfinished ...>
2463  <... openat resumed>)             = 3
2462  <... write resumed>)              = 43
2463  newfstatat(3, "",  <unfinished ...>
2462  write(2, "SLAVE to APP pipe: readEnd: 7, w"..., 43 <unfinished ...>
2463  <... newfstatat resumed>{st_mode=S_IFREG|0640, st_size=32, ...}, AT_EMPTY_PATH) = 0
2462  <... write resumed>)              = 43
2463  mmap(0x604000000000, 65536, PROT_READ|PROT_WRITE, MAP_PRIVATE|MAP_FIXED|MAP_ANONYMOUS, -1, 0 <unfinished ...>
2462  fcntl(6, F_GETFL <unfinished ...>
2463  <... mmap resumed>)               = 0x604000000000
2462  <... fcntl resumed>)              = 0x1 (flags O_WRONLY)
2463  mmap(0x604e00000000, 65536, PROT_READ|PROT_WRITE, MAP_PRIVATE|MAP_FIXED|MAP_ANONYMOUS, -1, 0 <unfinished ...>
2462  fcntl(7, F_GETFL <unfinished ...>
2463  <... mmap resumed>)               = 0x604e00000000
2462  <... fcntl resumed>)              = 0 (flags O_RDONLY)
2463  mmap(NULL, 32, PROT_READ|PROT_WRITE, MAP_SHARED, 3, 0 <unfinished ...>
2462  clone(child_stack=NULL, flags=CLONE_CHILD_CLEARTID|CLONE_CHILD_SETTID|SIGCHLD <unfinished ...>
2463  <... mmap resumed>)               = 0x7fe1c1f3a000
2464  set_robust_list(0x7f5debf38aa0, 24 <unfinished ...>
2462  <... clone resumed>, child_tidptr=0x7f5debf38a90) = 2464
2464  <... set_robust_list resumed>)    = 0
2463  close(3 <unfinished ...>
2464  close(6 <unfinished ...>
2462  close(1 <unfinished ...>
2464  <... close resumed>)              = 0
2463  <... close resumed>)              = 0
2464  close(7 <unfinished ...>
2462  <... close resumed>)              = 0
2464  <... close resumed>)              = 0
2463  write(2, "Attempting to open shared memory"..., 41 <unfinished ...>
2464  write(2, "I closed fd: 6 and 7 in child\n", 30 <unfinished ...>
2462  write(2, "I closed fd: 5 and 8 in parent\n", 31 <unfinished ...>
2464  <... write resumed>)              = 30
2463  <... write resumed>)              = 41
2464  dup2(5, 0 <unfinished ...>
2462  <... write resumed>)              = 31
2464  <... dup2 resumed>)               = 0
2463  openat(AT_FDCWD, "/dev/shm/shmApp", O_RDONLY|O_NOFOLLOW|O_CLOEXEC <unfinished ...>
2464  dup2(8, 1 <unfinished ...>
2462  write(6, "files/hi", 8 <unfinished ...>
2464  <... dup2 resumed>)               = 1
2463  <... openat resumed>)             = 3
2464  execve("./bin/slave", ["./slave"], 0x7ffc62b90568 /* 8 vars */ <unfinished ...>
2462  <... write resumed>)              = 8
2463  newfstatat(3, "",  <unfinished ...>
2462  write(6, "\n", 1 <unfinished ...>
2463  <... newfstatat resumed>{st_mode=S_IFREG|0600, st_size=2052, ...}, AT_EMPTY_PATH) = 0
2462  <... write resumed>)              = 1
2463  mmap(NULL, 2052, PROT_READ, MAP_SHARED, 3, 0 <unfinished ...>
2462  pipe2( <unfinished ...>
2463  <... mmap resumed>)               = 0x7fe1c1f39000
2462  <... pipe2 resumed>[1, 9], 0)     = 0
2463  write(2, "Shared memory mapped at address:"..., 48 <unfinished ...>
2462  pipe2( <unfinished ...>
2463  <... write resumed>)              = 48
2462  <... pipe2 resumed>[10, 11], 0)   = 0
2463  newfstatat(1, "",  <unfinished ...>
2462  write(2, "APP to SLAVE pipe: readEnd: 1, w"..., 43 <unfinished ...>
2463  <... newfstatat resumed>{st_mode=S_IFCHR|0620, st_rdev=makedev(0x88, 0), ...}, AT_EMPTY_PATH) = 0
2462  <... write resumed>)              = 43
2463  mmap(0x619000000000, 65536, PROT_READ|PROT_WRITE, MAP_PRIVATE|MAP_FIXED|MAP_ANONYMOUS, -1, 0 <unfinished ...>
2462  write(2, "SLAVE to APP pipe: readEnd: 10, "..., 45 <unfinished ...>
2463  <... mmap resumed>)               = 0x619000000000
2464  <... execve resumed>)             = 0
2462  <... write resumed>)              = 45
2464  brk(NULL <unfinished ...>
2463  mmap(0x619e00000000, 65536, PROT_READ|PROT_WRITE, MAP_PRIVATE|MAP_FIXED|MAP_ANONYMOUS, -1, 0 <unfinished ...>
2464  <... brk resumed>)                = 0x5561d0824000
2462  fcntl(9, F_GETFL <unfinished ...>
2464  mmap(NULL, 8192, PROT_READ|PROT_WRITE, MAP_PRIVATE|MAP_ANONYMOUS, -1, 0 <unfinished ...>
2463  <... mmap resumed>)               = 0x619e00000000
2464  <... mmap resumed>)               = 0x7f84ce016000
2462  <... fcntl resumed>)              = 0x1 (flags O_WRONLY)
2464  access("/etc/ld.so.preload", R_OK <unfinished ...>
2463  write(1, "PID\t\t\tFILE\t\t\t\tHASH\n", 19 <unfinished ...>
2464  <... access resumed>)             = -1 ENOENT (No such file or directory)
2462  fcntl(10, F_GETFL <unfinished ...>
2464  openat(AT_FDCWD, "/etc/ld.so.cache", O_RDONLY|O_CLOEXEC <unfinished ...>
2463  <... write resumed>)              = 19
2462  <... fcntl resumed>)              = 0 (flags O_RDONLY)
2464  <... openat resumed>)             = 4
2463  write(2, "im here\n", 8 <unfinished ...>
2464  newfstatat(4, "",  <unfinished ...>
2462  clone(child_stack=NULL, flags=CLONE_CHILD_CLEARTID|CLONE_CHILD_SETTID|SIGCHLD <unfinished ...>
2464  <... newfstatat resumed>{st_mode=S_IFREG|0644, st_size=35914, ...}, AT_EMPTY_PATH) = 0
2463  <... write resumed>)              = 8
2464  mmap(NULL, 35914, PROT_READ, MAP_PRIVATE, 4, 0 <unfinished ...>
2465  set_robust_list(0x7f5debf38aa0, 24 <unfinished ...>
2463  futex(0x7fe1c1f3a000, FUTEX_WAIT_BITSET|FUTEX_CLOCK_REALTIME, 0, NULL, FUTEX_BITSET_MATCH_ANY <unfinished ...>
2465  <... set_robust_list resumed>)    = 0
2464  <... mmap resumed>)               = 0x7f84ce00d000
2462  <... clone resumed>, child_tidptr=0x7f5debf38a90) = 2465
2465  close(9 <unfinished ...>
2464  close(4 <unfinished ...>
2465  <... close resumed>)              = 0
2462  close(1 <unfinished ...>
2465  close(10 <unfinished ...>
2464  <... close resumed>)              = 0
2465  <... close resumed>)              = 0
2462  <... close resumed>)              = 0
2465  write(2, "I closed fd: 9 and 10 in child\n", 31 <unfinished ...>
2464  openat(AT_FDCWD, "/lib/x86_64-linux-gnu/libasan.so.8", O_RDONLY|O_CLOEXEC <unfinished ...>
2465  <... write resumed>)              = 31
2462  write(2, "I closed fd: 1 and 11 in parent\n", 32 <unfinished ...>
2465  dup2(1, 0 <unfinished ...>
2464  <... openat resumed>)             = 4
2465  <... dup2 resumed>)               = 0
2462  <... write resumed>)              = 32
2465  dup2(11, 1 <unfinished ...>
2464  read(4,  <unfinished ...>
2465  <... dup2 resumed>)               = 1
2462  write(9, "files/am", 8 <unfinished ...>
2465  execve("./bin/slave", ["./slave"], 0x7ffc62b90568 /* 8 vars */ <unfinished ...>
2464  <... read resumed>"\177ELF\2\1\1\0\0\0\0\0\0\0\0\0\3\0>\0\1\0\0\0\0\0\0\0\0\0\0\0"..., 832) = 832
2462  <... write resumed>)              = 8
2464  newfstatat(4, "",  <unfinished ...>
2462  write(9, "\n", 1 <unfinished ...>
2464  <... newfstatat resumed>{st_mode=S_IFREG|0644, st_size=8198712, ...}, AT_EMPTY_PATH) = 0
2462  <... write resumed>)              = 1
2464  mmap(NULL, 6944776, PROT_READ, MAP_PRIVATE|MAP_DENYWRITE, 4, 0 <unfinished ...>
2462  pipe2( <unfinished ...>
2464  <... mmap resumed>)               = 0x7f84cd96d000
2465  <... execve resumed>)             = 0
2462  <... pipe2 resumed>[1, 12], 0)    = 0
2465  brk(NULL <unfinished ...>
2464  mmap(0x7f84cd991000, 905216, PROT_READ|PROT_EXEC, MAP_PRIVATE|MAP_FIXED|MAP_DENYWRITE, 4, 0x24000 <unfinished ...>
2465  <... brk resumed>)                = 0x556d55183000
2462  pipe2( <unfinished ...>
2465  mmap(NULL, 8192, PROT_READ|PROT_WRITE, MAP_PRIVATE|MAP_ANONYMOUS, -1, 0 <unfinished ...>
2464  <... mmap resumed>)               = 0x7f84cd991000
2465  <... mmap resumed>)               = 0x7f811898b000
2462  <... pipe2 resumed>[13, 14], 0)   = 0
2465  access("/etc/ld.so.preload", R_OK <unfinished ...>
2464  mmap(0x7f84cda6e000, 212992, PROT_READ, MAP_PRIVATE|MAP_FIXED|MAP_DENYWRITE, 4, 0x101000 <unfinished ...>
2465  <... access resumed>)             = -1 ENOENT (No such file or directory)
2462  write(2, "APP to SLAVE pipe: readEnd: 1, w"..., 44 <unfinished ...>
2465  openat(AT_FDCWD, "/etc/ld.so.cache", O_RDONLY|O_CLOEXEC <unfinished ...>
2464  <... mmap resumed>)               = 0x7f84cda6e000
2465  <... openat resumed>)             = 4
2462  <... write resumed>)              = 44
2465  newfstatat(4, "",  <unfinished ...>
2464  mmap(0x7f84cdaa2000, 28672, PROT_READ|PROT_WRITE, MAP_PRIVATE|MAP_FIXED|MAP_DENYWRITE, 4, 0x134000 <unfinished ...>
2465  <... newfstatat resumed>{st_mode=S_IFREG|0644, st_size=35914, ...}, AT_EMPTY_PATH) = 0
2462  write(2, "SLAVE to APP pipe: readEnd: 13, "..., 45 <unfinished ...>
2465  mmap(NULL, 35914, PROT_READ, MAP_PRIVATE, 4, 0 <unfinished ...>
2464  <... mmap resumed>)               = 0x7f84cdaa2000
2465  <... mmap resumed>)               = 0x7f8118982000
2462  <... write resumed>)              = 45
2465  close(4 <unfinished ...>
2464  mmap(0x7f84cdaa9000, 5650440, PROT_READ|PROT_WRITE, MAP_PRIVATE|MAP_FIXED|MAP_ANONYMOUS, -1, 0 <unfinished ...>
2465  <... close resumed>)              = 0
2462  fcntl(12, F_GETFL <unfinished ...>
2465  openat(AT_FDCWD, "/lib/x86_64-linux-gnu/libasan.so.8", O_RDONLY|O_CLOEXEC <unfinished ...>
2464  <... mmap resumed>)               = 0x7f84cdaa9000
2465  <... openat resumed>)             = 4
2462  <... fcntl resumed>)              = 0x1 (flags O_WRONLY)
2465  read(4,  <unfinished ...>
2464  close(4 <unfinished ...>
2465  <... read resumed>"\177ELF\2\1\1\0\0\0\0\0\0\0\0\0\3\0>\0\1\0\0\0\0\0\0\0\0\0\0\0"..., 832) = 832
2462  fcntl(13, F_GETFL <unfinished ...>
2465  newfstatat(4, "",  <unfinished ...>
2464  <... close resumed>)              = 0
2465  <... newfstatat resumed>{st_mode=S_IFREG|0644, st_size=8198712, ...}, AT_EMPTY_PATH) = 0
2462  <... fcntl resumed>)              = 0 (flags O_RDONLY)
2465  mmap(NULL, 6944776, PROT_READ, MAP_PRIVATE|MAP_DENYWRITE, 4, 0 <unfinished ...>
2464  openat(AT_FDCWD, "/lib/x86_64-linux-gnu/libubsan.so.1", O_RDONLY|O_CLOEXEC <unfinished ...>
2465  <... mmap resumed>)               = 0x7f81182e2000
2462  clone(child_stack=NULL, flags=CLONE_CHILD_CLEARTID|CLONE_CHILD_SETTID|SIGCHLD <unfinished ...>
2465  mmap(0x7f8118306000, 905216, PROT_READ|PROT_EXEC, MAP_PRIVATE|MAP_FIXED|MAP_DENYWRITE, 4, 0x24000 <unfinished ...>
2464  <... openat resumed>)             = 4
2465  <... mmap resumed>)               = 0x7f8118306000
2466  set_robust_list(0x7f5debf38aa0, 24 <unfinished ...>
2465  mmap(0x7f81183e3000, 212992, PROT_READ, MAP_PRIVATE|MAP_FIXED|MAP_DENYWRITE, 4, 0x101000 <unfinished ...>
2464  read(4,  <unfinished ...>
2466  <... set_robust_list resumed>)    = 0
2465  <... mmap resumed>)               = 0x7f81183e3000
2462  <... clone resumed>, child_tidptr=0x7f5debf38a90) = 2466
2466  close(12 <unfinished ...>
2465  mmap(0x7f8118417000, 28672, PROT_READ|PROT_WRITE, MAP_PRIVATE|MAP_FIXED|MAP_DENYWRITE, 4, 0x134000 <unfinished ...>
2464  <... read resumed>"\177ELF\2\1\1\0\0\0\0\0\0\0\0\0\3\0>\0\1\0\0\0\0\0\0\0\0\0\0\0"..., 832) = 832
2466  <... close resumed>)              = 0
2465  <... mmap resumed>)               = 0x7f8118417000
2462  close(1 <unfinished ...>
2466  close(13 <unfinished ...>
2465  mmap(0x7f811841e000, 5650440, PROT_READ|PROT_WRITE, MAP_PRIVATE|MAP_FIXED|MAP_ANONYMOUS, -1, 0 <unfinished ...>
2464  newfstatat(4, "",  <unfinished ...>
2466  <... close resumed>)              = 0
2465  <... mmap resumed>)               = 0x7f811841e000
2462  <... close resumed>)              = 0
2466  write(2, "I closed fd: 12 and 13 in child\n", 32 <unfinished ...>
2465  close(4 <unfinished ...>
2464  <... newfstatat resumed>{st_mode=S_IFREG|0644, st_size=2698304, ...}, AT_EMPTY_PATH) = 0
2466  <... write resumed>)              = 32
2465  <... close resumed>)              = 0
2462  write(2, "I closed fd: 1 and 14 in parent\n", 32 <unfinished ...>
2466  dup2(1, 0 <unfinished ...>
2465  openat(AT_FDCWD, "/lib/x86_64-linux-gnu/libubsan.so.1", O_RDONLY|O_CLOEXEC <unfinished ...>
2464  mmap(NULL, 6492520, PROT_READ, MAP_PRIVATE|MAP_DENYWRITE, 4, 0 <unfinished ...>
2466  <... dup2 resumed>)               = 0
2465  <... openat resumed>)             = 4
2462  <... write resumed>)              = 32
2466  dup2(14, 1 <unfinished ...>
2465  read(4,  <unfinished ...>
2464  <... mmap resumed>)               = 0x7f84cd33b000
2462  write(12, "files/amCopy", 12 <unfinished ...>
2466  <... dup2 resumed>)               = 1
2465  <... read resumed>"\177ELF\2\1\1\0\0\0\0\0\0\0\0\0\3\0>\0\1\0\0\0\0\0\0\0\0\0\0\0"..., 832) = 832
2464  mmap(0x7f84cd342000, 249856, PROT_READ|PROT_EXEC, MAP_PRIVATE|MAP_FIXED|MAP_DENYWRITE, 4, 0x7000 <unfinished ...>
2466  execve("./bin/slave", ["./slave"], 0x7ffc62b90568 /* 8 vars */ <unfinished ...>
2465  newfstatat(4, "",  <unfinished ...>
2462  <... write resumed>)              = 12
2465  <... newfstatat resumed>{st_mode=S_IFREG|0644, st_size=2698304, ...}, AT_EMPTY_PATH) = 0
2464  <... mmap resumed>)               = 0x7f84cd342000
2465  mmap(NULL, 6492520, PROT_READ, MAP_PRIVATE|MAP_DENYWRITE, 4, 0 <unfinished ...>
2462  write(12, "\n", 1 <unfinished ...>
2465  <... mmap resumed>)               = 0x7f8117cb0000
2464  mmap(0x7f84cd37f000, 94208, PROT_READ, MAP_PRIVATE|MAP_FIXED|MAP_DENYWRITE, 4, 0x44000 <unfinished ...>
2465  mmap(0x7f8117cb7000, 249856, PROT_READ|PROT_EXEC, MAP_PRIVATE|MAP_FIXED|MAP_DENYWRITE, 4, 0x7000 <unfinished ...>
2462  <... write resumed>)              = 1
2465  <... mmap resumed>)               = 0x7f8117cb7000
2464  <... mmap resumed>)               = 0x7f84cd37f000
2465  mmap(0x7f8117cf4000, 94208, PROT_READ, MAP_PRIVATE|MAP_FIXED|MAP_DENYWRITE, 4, 0x44000 <unfinished ...>
2462  pipe2( <unfinished ...>
2466  <... execve resumed>)             = 0
2465  <... mmap resumed>)               = 0x7f8117cf4000
2464  mmap(0x7f84cd396000, 20480, PROT_READ|PROT_WRITE, MAP_PRIVATE|MAP_FIXED|MAP_DENYWRITE, 4, 0x5a000 <unfinished ...>
2466  brk(NULL <unfinished ...>
2465  mmap(0x7f8117d0b000, 20480, PROT_READ|PROT_WRITE, MAP_PRIVATE|MAP_FIXED|MAP_DENYWRITE, 4, 0x5a000 <unfinished ...>
2462  <... pipe2 resumed>[1, 15], 0)    = 0
2466  <... brk resumed>)                = 0x558bb7ccc000
2465  <... mmap resumed>)               = 0x7f8117d0b000
2464  <... mmap resumed>)               = 0x7f84cd396000
2466  mmap(NULL, 8192, PROT_READ|PROT_WRITE, MAP_PRIVATE|MAP_ANONYMOUS, -1, 0 <unfinished ...>
2465  mmap(0x7f8117d10000, 6099304, PROT_READ|PROT_WRITE, MAP_PRIVATE|MAP_FIXED|MAP_ANONYMOUS, -1, 0 <unfinished ...>
2462  pipe2( <unfinished ...>
2466  <... mmap resumed>)               = 0x7fbbab08d000
2465  <... mmap resumed>)               = 0x7f8117d10000
2464  mmap(0x7f84cd39b000, 6099304, PROT_READ|PROT_WRITE, MAP_PRIVATE|MAP_FIXED|MAP_ANONYMOUS, -1, 0 <unfinished ...>
2466  access("/etc/ld.so.preload", R_OK <unfinished ...>
2465  close(4 <unfinished ...>
2462  <... pipe2 resumed>[16, 17], 0)   = 0
2466  <... access resumed>)             = -1 ENOENT (No such file or directory)
2465  <... close resumed>)              = 0
2464  <... mmap resumed>)               = 0x7f84cd39b000
2462  write(2, "APP to SLAVE pipe: readEnd: 1, w"..., 44 <unfinished ...>
2466  openat(AT_FDCWD, "/etc/ld.so.cache", O_RDONLY|O_CLOEXEC <unfinished ...>
2465  openat(AT_FDCWD, "/lib/x86_64-linux-gnu/libc.so.6", O_RDONLY|O_CLOEXEC <unfinished ...>
2464  close(4 <unfinished ...>
2466  <... openat resumed>)             = 4
2465  <... openat resumed>)             = 4
2462  <... write resumed>)              = 44
2466  newfstatat(4, "",  <unfinished ...>
2465  read(4,  <unfinished ...>
2464  <... close resumed>)              = 0
2466  <... newfstatat resumed>{st_mode=S_IFREG|0644, st_size=35914, ...}, AT_EMPTY_PATH) = 0
2465  <... read resumed>"\177ELF\2\1\1\3\0\0\0\0\0\0\0\0\3\0>\0\1\0\0\0\20t\2\0\0\0\0\0"..., 832) = 832
2462  write(2, "SLAVE to APP pipe: readEnd: 16, "..., 45 <unfinished ...>
2466  mmap(NULL, 35914, PROT_READ, MAP_PRIVATE, 4, 0 <unfinished ...>
2465  pread64(4,  <unfinished ...>
2464  openat(AT_FDCWD, "/lib/x86_64-linux-gnu/libc.so.6", O_RDONLY|O_CLOEXEC <unfinished ...>
2466  <... mmap resumed>)               = 0x7fbbab084000
2465  <... pread64 resumed>"\6\0\0\0\4\0\0\0@\0\0\0\0\0\0\0@\0\0\0\0\0\0\0@\0\0\0\0\0\0\0"..., 784, 64) = 784
2462  <... write resumed>)              = 45
2466  close(4 <unfinished ...>
2465  newfstatat(4, "",  <unfinished ...>
2464  <... openat resumed>)             = 4
2466  <... close resumed>)              = 0
2465  <... newfstatat resumed>{st_mode=S_IFREG|0755, st_size=1922136, ...}, AT_EMPTY_PATH) = 0
2462  fcntl(15, F_GETFL <unfinished ...>
2466  openat(AT_FDCWD, "/lib/x86_64-linux-gnu/libasan.so.8", O_RDONLY|O_CLOEXEC <unfinished ...>
2465  pread64(4,  <unfinished ...>
2464  read(4,  <unfinished ...>
2466  <... openat resumed>)             = 4
2465  <... pread64 resumed>"\6\0\0\0\4\0\0\0@\0\0\0\0\0\0\0@\0\0\0\0\0\0\0@\0\0\0\0\0\0\0"..., 784, 64) = 784
2462  <... fcntl resumed>)              = 0x1 (flags O_WRONLY)
2466  read(4,  <unfinished ...>
2465  mmap(NULL, 1970000, PROT_READ, MAP_PRIVATE|MAP_DENYWRITE, 4, 0 <unfinished ...>
2464  <... read resumed>"\177ELF\2\1\1\3\0\0\0\0\0\0\0\0\3\0>\0\1\0\0\0\20t\2\0\0\0\0\0"..., 832) = 832
2466  <... read resumed>"\177ELF\2\1\1\0\0\0\0\0\0\0\0\0\3\0>\0\1\0\0\0\0\0\0\0\0\0\0\0"..., 832) = 832
2465  <... mmap resumed>)               = 0x7f8117acf000
2462  fcntl(16, F_GETFL <unfinished ...>
2466  newfstatat(4, "",  <unfinished ...>
2465  mmap(0x7f8117af5000, 1396736, PROT_READ|PROT_EXEC, MAP_PRIVATE|MAP_FIXED|MAP_DENYWRITE, 4, 0x26000 <unfinished ...>
2464  pread64(4,  <unfinished ...>
2466  <... newfstatat resumed>{st_mode=S_IFREG|0644, st_size=8198712, ...}, AT_EMPTY_PATH) = 0
2465  <... mmap resumed>)               = 0x7f8117af5000
2462  <... fcntl resumed>)              = 0 (flags O_RDONLY)
2466  mmap(NULL, 6944776, PROT_READ, MAP_PRIVATE|MAP_DENYWRITE, 4, 0 <unfinished ...>
2465  mmap(0x7f8117c4a000, 339968, PROT_READ, MAP_PRIVATE|MAP_FIXED|MAP_DENYWRITE, 4, 0x17b000 <unfinished ...>
2464  <... pread64 resumed>"\6\0\0\0\4\0\0\0@\0\0\0\0\0\0\0@\0\0\0\0\0\0\0@\0\0\0\0\0\0\0"..., 784, 64) = 784
2466  <... mmap resumed>)               = 0x7fbbaa9e4000
2465  <... mmap resumed>)               = 0x7f8117c4a000
2462  clone(child_stack=NULL, flags=CLONE_CHILD_CLEARTID|CLONE_CHILD_SETTID|SIGCHLD <unfinished ...>
2466  mmap(0x7fbbaaa08000, 905216, PROT_READ|PROT_EXEC, MAP_PRIVATE|MAP_FIXED|MAP_DENYWRITE, 4, 0x24000 <unfinished ...>
2465  mmap(0x7f8117c9d000, 24576, PROT_READ|PROT_WRITE, MAP_PRIVATE|MAP_FIXED|MAP_DENYWRITE, 4, 0x1ce000 <unfinished ...>
2464  newfstatat(4, "",  <unfinished ...>
2466  <... mmap resumed>)               = 0x7fbbaaa08000
2465  <... mmap resumed>)               = 0x7f8117c9d000
2467  set_robust_list(0x7f5debf38aa0, 24 <unfinished ...>
2466  mmap(0x7fbbaaae5000, 212992, PROT_READ, MAP_PRIVATE|MAP_FIXED|MAP_DENYWRITE, 4, 0x101000 <unfinished ...>
2465  mmap(0x7f8117ca3000, 53072, PROT_READ|PROT_WRITE, MAP_PRIVATE|MAP_FIXED|MAP_ANONYMOUS, -1, 0 <unfinished ...>
2464  <... newfstatat resumed>{st_mode=S_IFREG|0755, st_size=1922136, ...}, AT_EMPTY_PATH) = 0
2467  <... set_robust_list resumed>)    = 0
2466  <... mmap resumed>)               = 0x7fbbaaae5000
2465  <... mmap resumed>)               = 0x7f8117ca3000
2462  <... clone resumed>, child_tidptr=0x7f5debf38a90) = 2467
2467  close(15 <unfinished ...>
2466  mmap(0x7fbbaab19000, 28672, PROT_READ|PROT_WRITE, MAP_PRIVATE|MAP_FIXED|MAP_DENYWRITE, 4, 0x134000 <unfinished ...>
2465  close(4 <unfinished ...>
2464  pread64(4,  <unfinished ...>
2467  <... close resumed>)              = 0
2466  <... mmap resumed>)               = 0x7fbbaab19000
2465  <... close resumed>)              = 0
2462  close(1 <unfinished ...>
2467  close(16 <unfinished ...>
2466  mmap(0x7fbbaab20000, 5650440, PROT_READ|PROT_WRITE, MAP_PRIVATE|MAP_FIXED|MAP_ANONYMOUS, -1, 0 <unfinished ...>
2465  openat(AT_FDCWD, "/lib/x86_64-linux-gnu/libm.so.6", O_RDONLY|O_CLOEXEC <unfinished ...>
2464  <... pread64 resumed>"\6\0\0\0\4\0\0\0@\0\0\0\0\0\0\0@\0\0\0\0\0\0\0@\0\0\0\0\0\0\0"..., 784, 64) = 784
2467  <... close resumed>)              = 0
2466  <... mmap resumed>)               = 0x7fbbaab20000
2465  <... openat resumed>)             = 4
2462  <... close resumed>)              = 0
2467  write(2, "I closed fd: 15 and 16 in child\n", 32 <unfinished ...>
2466  close(4 <unfinished ...>
2465  read(4,  <unfinished ...>
