2464  <... mmap resumed>)               = 0x7f84cca81000
2469  rt_sigaction(SIGRT_31, {sa_handler=SIG_DFL, sa_mask=[], sa_flags=SA_RESTORER, sa_restorer=0x7f71586c5050},  <unfinished ...>
2468  read(4,  <unfinished ...>
2465  mmap(NULL, 4096, PROT_READ|PROT_WRITE, MAP_PRIVATE|MAP_ANONYMOUS, -1, 0 <unfinished ...>
2469  <... rt_sigaction resumed>NULL, 8) = 0
2468  <... read resumed>"\177ELF\2\1\1\3\0\0\0\0\0\0\0\0\3\0>\0\1\0\0\0\20t\2\0\0\0\0\0"..., 832) = 832
2464  mmap(NULL, 524288, PROT_READ|PROT_WRITE, MAP_PRIVATE|MAP_ANONYMOUS, -1, 0 <unfinished ...>
2469  rt_sigaction(SIGRT_32, NULL,  <unfinished ...>
2468  pread64(4,  <unfinished ...>
2465  <... mmap resumed>)               = 0x7f8117405000
2469  <... rt_sigaction resumed>{sa_handler=SIG_DFL, sa_mask=[], sa_flags=0}, 8) = 0
2468  <... pread64 resumed>"\6\0\0\0\4\0\0\0@\0\0\0\0\0\0\0@\0\0\0\0\0\0\0@\0\0\0\0\0\0\0"..., 784, 64) = 784
2464  <... mmap resumed>)               = 0x7f84cca01000
2469  rt_sigaction(SIGRT_32, {sa_handler=SIG_DFL, sa_mask=[], sa_flags=SA_RESTORER, sa_restorer=0x7f71586c5050},  <unfinished ...>
2468  newfstatat(4, "",  <unfinished ...>
2465  mmap(NULL, 4096, PROT_READ|PROT_WRITE, MAP_PRIVATE|MAP_ANONYMOUS, -1, 0 <unfinished ...>
2469  <... rt_sigaction resumed>NULL, 8) = 0
2468  <... newfstatat resumed>{st_mode=S_IFREG|0755, st_size=1922136, ...}, AT_EMPTY_PATH) = 0
2464  clock_gettime(CLOCK_MONOTONIC,  <unfinished ...>
2469  dup2(15, 1 <unfinished ...>
2468  pread64(4,  <unfinished ...>
2465  <... mmap resumed>)               = 0x7f8117404000
2469  <... dup2 resumed>)               = 1
2468  <... pread64 resumed>"\6\0\0\0\4\0\0\0@\0\0\0\0\0\0\0@\0\0\0\0\0\0\0@\0\0\0\0\0\0\0"..., 784, 64) = 784
2464  <... clock_gettime resumed>{tv_sec=30282, tv_nsec=107348876}) = 0
2469  rt_sigprocmask(SIG_SETMASK, [],  <unfinished ...>
2468  mmap(NULL, 1970000, PROT_READ, MAP_PRIVATE|MAP_DENYWRITE, 4, 0 <unfinished ...>
2465  read(0,  <unfinished ...>
2469  <... rt_sigprocmask resumed>NULL, 8) = 0
2468  <... mmap resumed>)               = 0x7fb48a7aa000
2464  mmap(0x603000000000, 65536, PROT_READ|PROT_WRITE, MAP_PRIVATE|MAP_FIXED|MAP_ANONYMOUS, -1, 0 <unfinished ...>
2469  execve("/bin/sh", ["sh", "-c", "md5sum \"files/amCopy3\" "], 0x7ffefdfaa468 /* 8 vars */ <unfinished ...>
2468  mmap(0x7fb48a7d0000, 1396736, PROT_READ|PROT_EXEC, MAP_PRIVATE|MAP_FIXED|MAP_DENYWRITE, 4, 0x26000 <unfinished ...>
2465  <... read resumed>"files/am\n", 4095) = 9
2468  <... mmap resumed>)               = 0x7fb48a7d0000
2464  <... mmap resumed>)               = 0x603000000000
2468  mmap(0x7fb48a925000, 339968, PROT_READ, MAP_PRIVATE|MAP_FIXED|MAP_DENYWRITE, 4, 0x17b000 <unfinished ...>
2467  <... clone3 resumed>)             = 2469
2465  mmap(0x611000000000, 65536, PROT_READ|PROT_WRITE, MAP_PRIVATE|MAP_FIXED|MAP_ANONYMOUS, -1, 0 <unfinished ...>
2469  <... execve resumed>)             = 0
2468  <... mmap resumed>)               = 0x7fb48a925000
2467  munmap(0x7f7157f25000, 36864 <unfinished ...>
2464  mmap(0x603e00000000, 65536, PROT_READ|PROT_WRITE, MAP_PRIVATE|MAP_FIXED|MAP_ANONYMOUS, -1, 0 <unfinished ...>
2469  brk(NULL <unfinished ...>
2468  mmap(0x7fb48a978000, 24576, PROT_READ|PROT_WRITE, MAP_PRIVATE|MAP_FIXED|MAP_DENYWRITE, 4, 0x1ce000 <unfinished ...>
2467  <... munmap resumed>)             = 0
2465  <... mmap resumed>)               = 0x611000000000
2469  <... brk resumed>)                = 0x55fdad41b000
2468  <... mmap resumed>)               = 0x7fb48a978000
2467  rt_sigprocmask(SIG_SETMASK, [],  <unfinished ...>
2464  <... mmap resumed>)               = 0x603e00000000
2469  mmap(NULL, 8192, PROT_READ|PROT_WRITE, MAP_PRIVATE|MAP_ANONYMOUS, -1, 0 <unfinished ...>
2468  mmap(0x7fb48a97e000, 53072, PROT_READ|PROT_WRITE, MAP_PRIVATE|MAP_FIXED|MAP_ANONYMOUS, -1, 0 <unfinished ...>
2467  <... rt_sigprocmask resumed>NULL, 8) = 0
2465  mmap(0x611e00000000, 65536, PROT_READ|PROT_WRITE, MAP_PRIVATE|MAP_FIXED|MAP_ANONYMOUS, -1, 0 <unfinished ...>
2469  <... mmap resumed>)               = 0x7f519806a000
2468  <... mmap resumed>)               = 0x7fb48a97e000
2467  close(15 <unfinished ...>
2464  clock_gettime(CLOCK_MONOTONIC,  <unfinished ...>
2469  access("/etc/ld.so.preload", R_OK <unfinished ...>
2468  close(4 <unfinished ...>
2467  <... close resumed>)              = 0
2465  <... mmap resumed>)               = 0x611e00000000
2469  <... access resumed>)             = -1 ENOENT (No such file or directory)
2468  <... close resumed>)              = 0
2467  fcntl(4, F_SETFD, 0 <unfinished ...>
2464  <... clock_gettime resumed>{tv_sec=30282, tv_nsec=124214510}) = 0
2469  openat(AT_FDCWD, "/etc/ld.so.cache", O_RDONLY|O_CLOEXEC <unfinished ...>
2468  mmap(NULL, 12288, PROT_READ|PROT_WRITE, MAP_PRIVATE|MAP_ANONYMOUS, -1, 0 <unfinished ...>
2467  <... fcntl resumed>)              = 0
2465  pipe2( <unfinished ...>
2469  <... openat resumed>)             = 4
2468  <... mmap resumed>)               = 0x7fb48a7a7000
2467  newfstatat(4, "",  <unfinished ...>
2464  mmap(0x60b000000000, 65536, PROT_READ|PROT_WRITE, MAP_PRIVATE|MAP_FIXED|MAP_ANONYMOUS, -1, 0 <unfinished ...>
2469  newfstatat(4, "",  <unfinished ...>
2468  arch_prctl(ARCH_SET_FS, 0x7fb48a7a7740 <unfinished ...>
2467  <... newfstatat resumed>{st_mode=S_IFIFO|0600, st_size=0, ...}, AT_EMPTY_PATH) = 0
2465  <... pipe2 resumed>[4, 9], O_CLOEXEC) = 0
2469  <... newfstatat resumed>{st_mode=S_IFREG|0644, st_size=35914, ...}, AT_EMPTY_PATH) = 0
2468  <... arch_prctl resumed>)         = 0
2467  mmap(0x621000000000, 65536, PROT_READ|PROT_WRITE, MAP_PRIVATE|MAP_FIXED|MAP_ANONYMOUS, -1, 0 <unfinished ...>
2464  <... mmap resumed>)               = 0x60b000000000
2469  mmap(NULL, 35914, PROT_READ, MAP_PRIVATE, 4, 0 <unfinished ...>
2468  set_tid_address(0x7fb48a7a7a10 <unfinished ...>
2467  <... mmap resumed>)               = 0x621000000000
2465  prlimit64(0, RLIMIT_NOFILE, NULL,  <unfinished ...>
2469  <... mmap resumed>)               = 0x7f5198061000
2468  <... set_tid_address resumed>)    = 2468
2467  mmap(0x621e00000000, 65536, PROT_READ|PROT_WRITE, MAP_PRIVATE|MAP_FIXED|MAP_ANONYMOUS, -1, 0 <unfinished ...>
2464  mmap(0x60be00000000, 65536, PROT_READ|PROT_WRITE, MAP_PRIVATE|MAP_FIXED|MAP_ANONYMOUS, -1, 0 <unfinished ...>
2469  close(4 <unfinished ...>
2468  set_robust_list(0x7fb48a7a7a20, 24 <unfinished ...>
2467  <... mmap resumed>)               = 0x621e00000000
2465  <... prlimit64 resumed>{rlim_cur=1024*1024, rlim_max=1024*1024}) = 0
2469  <... close resumed>)              = 0
2468  <... set_robust_list resumed>)    = 0
2467  read(4,  <unfinished ...>
2464  <... mmap resumed>)               = 0x60be00000000
2469  openat(AT_FDCWD, "/lib/x86_64-linux-gnu/libc.so.6", O_RDONLY|O_CLOEXEC <unfinished ...>
2468  rseq(0x7fb48a7a8060, 0x20, 0, 0x53053053 <unfinished ...>
2465  prlimit64(0, RLIMIT_NOFILE, NULL,  <unfinished ...>
2469  <... openat resumed>)             = 4
2468  <... rseq resumed>)               = 0
2464  clock_gettime(CLOCK_MONOTONIC,  <unfinished ...>
2469  read(4,  <unfinished ...>
2468  mprotect(0x7fb48a978000, 16384, PROT_READ <unfinished ...>
2465  <... prlimit64 resumed>{rlim_cur=1024*1024, rlim_max=1024*1024}) = 0
2469  <... read resumed>"\177ELF\2\1\1\3\0\0\0\0\0\0\0\0\3\0>\0\1\0\0\0\20t\2\0\0\0\0\0"..., 832) = 832
2468  <... mprotect resumed>)           = 0
2464  <... clock_gettime resumed>{tv_sec=30282, tv_nsec=144802176}) = 0
2469  pread64(4,  <unfinished ...>
2468  mprotect(0x55a68d27d000, 8192, PROT_READ <unfinished ...>
2465  mmap(NULL, 36864, PROT_READ|PROT_WRITE, MAP_PRIVATE|MAP_ANONYMOUS|MAP_STACK, -1, 0 <unfinished ...>
2469  <... pread64 resumed>"\6\0\0\0\4\0\0\0@\0\0\0\0\0\0\0@\0\0\0\0\0\0\0@\0\0\0\0\0\0\0"..., 784, 64) = 784
2468  <... mprotect resumed>)           = 0
2464  mmap(0x624000000000, 65536, PROT_READ|PROT_WRITE, MAP_PRIVATE|MAP_FIXED|MAP_ANONYMOUS, -1, 0 <unfinished ...>
2469  newfstatat(4, "",  <unfinished ...>
2468  mprotect(0x7fb48a9c6000, 8192, PROT_READ <unfinished ...>
2465  <... mmap resumed>)               = 0x7f8117067000
2469  <... newfstatat resumed>{st_mode=S_IFREG|0755, st_size=1922136, ...}, AT_EMPTY_PATH) = 0
2468  <... mprotect resumed>)           = 0
2464  <... mmap resumed>)               = 0x624000000000
2469  pread64(4,  <unfinished ...>
2468  prlimit64(0, RLIMIT_STACK, NULL,  <unfinished ...>
2465  rt_sigprocmask(SIG_BLOCK, ~[],  <unfinished ...>
2469  <... pread64 resumed>"\6\0\0\0\4\0\0\0@\0\0\0\0\0\0\0@\0\0\0\0\0\0\0@\0\0\0\0\0\0\0"..., 784, 64) = 784
2468  <... prlimit64 resumed>{rlim_cur=8192*1024, rlim_max=RLIM64_INFINITY}) = 0
2464  mmap(0x624e00000000, 65536, PROT_READ|PROT_WRITE, MAP_PRIVATE|MAP_FIXED|MAP_ANONYMOUS, -1, 0 <unfinished ...>
2469  mmap(NULL, 1970000, PROT_READ, MAP_PRIVATE|MAP_DENYWRITE, 4, 0 <unfinished ...>
2468  munmap(0x7fb48a98b000, 35914 <unfinished ...>
2465  <... rt_sigprocmask resumed>[], 8) = 0
2469  <... mmap resumed>)               = 0x7f5197e80000
2468  <... munmap resumed>)             = 0
2464  <... mmap resumed>)               = 0x624e00000000
2469  mmap(0x7f5197ea6000, 1396736, PROT_READ|PROT_EXEC, MAP_PRIVATE|MAP_FIXED|MAP_DENYWRITE, 4, 0x26000 <unfinished ...>
2468  getuid( <unfinished ...>
2465  clone3({flags=CLONE_VM|CLONE_VFORK, exit_signal=SIGCHLD, stack=0x7f8117067000, stack_size=0x9000}, 88 <unfinished ...>
2469  <... mmap resumed>)               = 0x7f5197ea6000
2468  <... getuid resumed>)             = 0
2464  mmap(0x631000000000, 131072, PROT_READ|PROT_WRITE, MAP_PRIVATE|MAP_FIXED|MAP_ANONYMOUS, -1, 0 <unfinished ...>
2469  mmap(0x7f5197ffb000, 339968, PROT_READ, MAP_PRIVATE|MAP_FIXED|MAP_DENYWRITE, 4, 0x17b000 <unfinished ...>
2468  getgid( <unfinished ...>
2470  rt_sigprocmask(SIG_BLOCK, NULL,  <unfinished ...>
2469  <... mmap resumed>)               = 0x7f5197ffb000
2464  <... mmap resumed>)               = 0x631000000000
2470  <... rt_sigprocmask resumed>~[KILL STOP], 8) = 0
2469  mmap(0x7f519804e000, 24576, PROT_READ|PROT_WRITE, MAP_PRIVATE|MAP_FIXED|MAP_DENYWRITE, 4, 0x1ce000 <unfinished ...>
2468  <... getgid resumed>)             = 0
2470  rt_sigaction(SIGHUP, NULL,  <unfinished ...>
2469  <... mmap resumed>)               = 0x7f519804e000
2464  mmap(0x631e00000000, 65536, PROT_READ|PROT_WRITE, MAP_PRIVATE|MAP_FIXED|MAP_ANONYMOUS, -1, 0 <unfinished ...>
2470  <... rt_sigaction resumed>{sa_handler=SIG_DFL, sa_mask=[], sa_flags=0}, 8) = 0
2469  mmap(0x7f5198054000, 53072, PROT_READ|PROT_WRITE, MAP_PRIVATE|MAP_FIXED|MAP_ANONYMOUS, -1, 0 <unfinished ...>
2468  getpid( <unfinished ...>
2470  rt_sigaction(SIGHUP, {sa_handler=SIG_DFL, sa_mask=[], sa_flags=SA_RESTORER, sa_restorer=0x7f8117b0b050},  <unfinished ...>
2469  <... mmap resumed>)               = 0x7f5198054000
2464  <... mmap resumed>)               = 0x631e00000000
2470  <... rt_sigaction resumed>NULL, 8) = 0
2469  close(4 <unfinished ...>
2468  <... getpid resumed>)             = 2468
2470  rt_sigaction(SIGINT, NULL,  <unfinished ...>
2469  <... close resumed>)              = 0
2470  <... rt_sigaction resumed>{sa_handler=SIG_DFL, sa_mask=[], sa_flags=0}, 8) = 0
2468  rt_sigaction(SIGCHLD, {sa_handler=0x55a68d272dc0, sa_mask=~[RTMIN RT_1], sa_flags=SA_RESTORER, sa_restorer=0x7fb48a7e6050},  <unfinished ...>
2464  mmap(NULL, 4096, PROT_READ|PROT_WRITE, MAP_PRIVATE|MAP_ANONYMOUS, -1, 0 <unfinished ...>
2470  rt_sigaction(SIGINT, {sa_handler=SIG_DFL, sa_mask=[], sa_flags=SA_RESTORER, sa_restorer=0x7f8117b0b050},  <unfinished ...>
2469  mmap(NULL, 12288, PROT_READ|PROT_WRITE, MAP_PRIVATE|MAP_ANONYMOUS, -1, 0 <unfinished ...>
2468  <... rt_sigaction resumed>NULL, 8) = 0
2470  <... rt_sigaction resumed>NULL, 8) = 0
2469  <... mmap resumed>)               = 0x7f5197e7d000
2464  <... mmap resumed>)               = 0x7f84cca00000
2470  rt_sigaction(SIGQUIT, NULL,  <unfinished ...>
2469  arch_prctl(ARCH_SET_FS, 0x7f5197e7d740 <unfinished ...>
2468  geteuid( <unfinished ...>
2470  <... rt_sigaction resumed>{sa_handler=SIG_DFL, sa_mask=[], sa_flags=0}, 8) = 0
2469  <... arch_prctl resumed>)         = 0
2464  mmap(NULL, 4096, PROT_READ|PROT_WRITE, MAP_PRIVATE|MAP_ANONYMOUS, -1, 0 <unfinished ...>
2470  rt_sigaction(SIGQUIT, {sa_handler=SIG_DFL, sa_mask=[], sa_flags=SA_RESTORER, sa_restorer=0x7f8117b0b050},  <unfinished ...>
2469  set_tid_address(0x7f5197e7da10 <unfinished ...>
2468  <... geteuid resumed>)            = 0
2470  <... rt_sigaction resumed>NULL, 8) = 0
2469  <... set_tid_address resumed>)    = 2469
2464  <... mmap resumed>)               = 0x7f84cc6ff000
2470  rt_sigaction(SIGILL, NULL,  <unfinished ...>
2469  set_robust_list(0x7f5197e7da20, 24 <unfinished ...>
2468  getrandom( <unfinished ...>
2470  <... rt_sigaction resumed>{sa_handler=SIG_DFL, sa_mask=[], sa_flags=0}, 8) = 0
2469  <... set_robust_list resumed>)    = 0
2464  read(0,  <unfinished ...>
2470  rt_sigaction(SIGILL, {sa_handler=SIG_DFL, sa_mask=[], sa_flags=SA_RESTORER, sa_restorer=0x7f8117b0b050},  <unfinished ...>
2469  rseq(0x7f5197e7e060, 0x20, 0, 0x53053053 <unfinished ...>
2468  <... getrandom resumed>"\x27\x36\x11\x81\xee\xd8\xeb\xc0", 8, GRND_NONBLOCK) = 8
2470  <... rt_sigaction resumed>NULL, 8) = 0
2469  <... rseq resumed>)               = 0
2464  <... read resumed>"files/hi\n", 4095) = 9
2470  rt_sigaction(SIGTRAP, NULL,  <unfinished ...>
2469  mprotect(0x7f519804e000, 16384, PROT_READ <unfinished ...>
2468  brk(NULL <unfinished ...>
2470  <... rt_sigaction resumed>{sa_handler=SIG_DFL, sa_mask=[], sa_flags=0}, 8) = 0
2469  <... mprotect resumed>)           = 0
2464  mmap(0x611000000000, 65536, PROT_READ|PROT_WRITE, MAP_PRIVATE|MAP_FIXED|MAP_ANONYMOUS, -1, 0 <unfinished ...>
2470  rt_sigaction(SIGTRAP, {sa_handler=SIG_DFL, sa_mask=[], sa_flags=SA_RESTORER, sa_restorer=0x7f8117b0b050},  <unfinished ...>
2469  mprotect(0x55fdac498000, 8192, PROT_READ <unfinished ...>
2468  <... brk resumed>)                = 0x55a68eda4000
2470  <... rt_sigaction resumed>NULL, 8) = 0
2469  <... mprotect resumed>)           = 0
2464  <... mmap resumed>)               = 0x611000000000
2470  rt_sigaction(SIGABRT, NULL,  <unfinished ...>
2469  mprotect(0x7f519809c000, 8192, PROT_READ <unfinished ...>
2468  brk(0x55a68edc5000 <unfinished ...>
2470  <... rt_sigaction resumed>{sa_handler=SIG_DFL, sa_mask=[], sa_flags=0}, 8) = 0
2469  <... mprotect resumed>)           = 0
2464  mmap(0x611e00000000, 65536, PROT_READ|PROT_WRITE, MAP_PRIVATE|MAP_FIXED|MAP_ANONYMOUS, -1, 0 <unfinished ...>
2470  rt_sigaction(SIGABRT, {sa_handler=SIG_DFL, sa_mask=[], sa_flags=SA_RESTORER, sa_restorer=0x7f8117b0b050},  <unfinished ...>
2469  prlimit64(0, RLIMIT_STACK, NULL,  <unfinished ...>
2468  <... brk resumed>)                = 0x55a68edc5000
2470  <... rt_sigaction resumed>NULL, 8) = 0
2469  <... prlimit64 resumed>{rlim_cur=8192*1024, rlim_max=RLIM64_INFINITY}) = 0
2464  <... mmap resumed>)               = 0x611e00000000
2470  rt_sigaction(SIGBUS, NULL,  <unfinished ...>
2469  munmap(0x7f5198061000, 35914 <unfinished ...>
2468  getppid( <unfinished ...>
2470  <... rt_sigaction resumed>{sa_handler=0x7f811839f400, sa_mask=[], sa_flags=SA_RESTORER|SA_ONSTACK|SA_NODEFER|SA_SIGINFO, sa_restorer=0x7f8117b0b050}, 8) = 0
2469  <... munmap resumed>)             = 0
2464  pipe2( <unfinished ...>
2470  rt_sigaction(SIGBUS, {sa_handler=SIG_DFL, sa_mask=[], sa_flags=SA_RESTORER|SA_ONSTACK|SA_NODEFER|SA_SIGINFO, sa_restorer=0x7f8117b0b050},  <unfinished ...>
2469  getuid( <unfinished ...>
2468  <... getppid resumed>)            = 2466
2470  <... rt_sigaction resumed>NULL, 8) = 0
2469  <... getuid resumed>)             = 0
2464  <... pipe2 resumed>[4, 6], O_CLOEXEC) = 0
2470  rt_sigaction(SIGFPE, NULL,  <unfinished ...>
2469  getgid( <unfinished ...>
2468  newfstatat(AT_FDCWD, "/root/TP1-SistemasOperativos-72.11",  <unfinished ...>
2470  <... rt_sigaction resumed>{sa_handler=0x7f811839f400, sa_mask=[], sa_flags=SA_RESTORER|SA_ONSTACK|SA_NODEFER|SA_SIGINFO, sa_restorer=0x7f8117b0b050}, 8) = 0
2469  <... getgid resumed>)             = 0
2464  prlimit64(0, RLIMIT_NOFILE, NULL,  <unfinished ...>
2470  rt_sigaction(SIGFPE, {sa_handler=SIG_DFL, sa_mask=[], sa_flags=SA_RESTORER|SA_ONSTACK|SA_NODEFER|SA_SIGINFO, sa_restorer=0x7f8117b0b050},  <unfinished ...>
2469  getpid( <unfinished ...>
2468  <... newfstatat resumed>{st_mode=S_IFDIR|0777, st_size=4096, ...}, 0) = 0
2470  <... rt_sigaction resumed>NULL, 8) = 0
2469  <... getpid resumed>)             = 2469
2464  <... prlimit64 resumed>{rlim_cur=1024*1024, rlim_max=1024*1024}) = 0
2470  rt_sigaction(SIGUSR1, NULL,  <unfinished ...>
2469  rt_sigaction(SIGCHLD, {sa_handler=0x55fdac48ddc0, sa_mask=~[RTMIN RT_1], sa_flags=SA_RESTORER, sa_restorer=0x7f5197ebc050},  <unfinished ...>
2468  newfstatat(AT_FDCWD, ".",  <unfinished ...>
2470  <... rt_sigaction resumed>{sa_handler=SIG_DFL, sa_mask=[], sa_flags=0}, 8) = 0
2469  <... rt_sigaction resumed>NULL, 8) = 0
2464  prlimit64(0, RLIMIT_NOFILE, NULL,  <unfinished ...>
2470  rt_sigaction(SIGUSR1, {sa_handler=SIG_DFL, sa_mask=[], sa_flags=SA_RESTORER, sa_restorer=0x7f8117b0b050},  <unfinished ...>
2469  geteuid( <unfinished ...>
2468  <... newfstatat resumed>{st_mode=S_IFDIR|0777, st_size=4096, ...}, 0) = 0
2470  <... rt_sigaction resumed>NULL, 8) = 0
2469  <... geteuid resumed>)            = 0
2464  <... prlimit64 resumed>{rlim_cur=1024*1024, rlim_max=1024*1024}) = 0
2470  rt_sigaction(SIGSEGV, NULL,  <unfinished ...>
2469  getrandom( <unfinished ...>
2468  geteuid( <unfinished ...>
2470  <... rt_sigaction resumed>{sa_handler=0x7f811839f400, sa_mask=[], sa_flags=SA_RESTORER|SA_ONSTACK|SA_NODEFER|SA_SIGINFO, sa_restorer=0x7f8117b0b050}, 8) = 0
2469  <... getrandom resumed>"\x6a\x79\xec\x01\xc0\x19\x4d\xa3", 8, GRND_NONBLOCK) = 8
2464  mmap(NULL, 36864, PROT_READ|PROT_WRITE, MAP_PRIVATE|MAP_ANONYMOUS|MAP_STACK, -1, 0 <unfinished ...>
2470  rt_sigaction(SIGSEGV, {sa_handler=SIG_DFL, sa_mask=[], sa_flags=SA_RESTORER|SA_ONSTACK|SA_NODEFER|SA_SIGINFO, sa_restorer=0x7f8117b0b050},  <unfinished ...>
2469  brk(NULL <unfinished ...>
2468  <... geteuid resumed>)            = 0
2470  <... rt_sigaction resumed>NULL, 8) = 0
2469  <... brk resumed>)                = 0x55fdad41b000
2464  <... mmap resumed>)               = 0x7f84cc6f6000
2470  rt_sigaction(SIGUSR2, NULL,  <unfinished ...>
2469  brk(0x55fdad43c000 <unfinished ...>
2468  getegid( <unfinished ...>
2470  <... rt_sigaction resumed>{sa_handler=SIG_DFL, sa_mask=[], sa_flags=0}, 8) = 0
2469  <... brk resumed>)                = 0x55fdad43c000
2464  rt_sigprocmask(SIG_BLOCK, ~[],  <unfinished ...>
2470  rt_sigaction(SIGUSR2, {sa_handler=SIG_DFL, sa_mask=[], sa_flags=SA_RESTORER, sa_restorer=0x7f8117b0b050},  <unfinished ...>
2469  getppid( <unfinished ...>
2468  <... getegid resumed>)            = 0
2470  <... rt_sigaction resumed>NULL, 8) = 0
2469  <... getppid resumed>)            = 2467
2464  <... rt_sigprocmask resumed>[], 8) = 0
2470  rt_sigaction(SIGPIPE, NULL,  <unfinished ...>
2469  newfstatat(AT_FDCWD, "/root/TP1-SistemasOperativos-72.11",  <unfinished ...>
2468  rt_sigaction(SIGINT, NULL,  <unfinished ...>
2470  <... rt_sigaction resumed>{sa_handler=SIG_IGN, sa_mask=[], sa_flags=0}, 8) = 0
2464  clone3({flags=CLONE_VM|CLONE_VFORK, exit_signal=SIGCHLD, stack=0x7f84cc6f6000, stack_size=0x9000}, 88 <unfinished ...>
2470  rt_sigaction(SIGALRM, NULL,  <unfinished ...>
2469  <... newfstatat resumed>{st_mode=S_IFDIR|0777, st_size=4096, ...}, 0) = 0
2468  <... rt_sigaction resumed>{sa_handler=SIG_DFL, sa_mask=[], sa_flags=0}, 8) = 0
2470  <... rt_sigaction resumed>{sa_handler=SIG_DFL, sa_mask=[], sa_flags=0}, 8) = 0
2469  newfstatat(AT_FDCWD, ".",  <unfinished ...>
2471  rt_sigprocmask(SIG_BLOCK, NULL,  <unfinished ...>
2470  rt_sigaction(SIGALRM, {sa_handler=SIG_DFL, sa_mask=[], sa_flags=SA_RESTORER, sa_restorer=0x7f8117b0b050},  <unfinished ...>
2468  rt_sigaction(SIGINT, {sa_handler=0x55a68d272dc0, sa_mask=~[RTMIN RT_1], sa_flags=SA_RESTORER, sa_restorer=0x7fb48a7e6050},  <unfinished ...>
2471  <... rt_sigprocmask resumed>~[KILL STOP], 8) = 0
2470  <... rt_sigaction resumed>NULL, 8) = 0
2469  <... newfstatat resumed>{st_mode=S_IFDIR|0777, st_size=4096, ...}, 0) = 0
2471  rt_sigaction(SIGHUP, NULL,  <unfinished ...>
2470  rt_sigaction(SIGTERM, NULL,  <unfinished ...>
2468  <... rt_sigaction resumed>NULL, 8) = 0
2471  <... rt_sigaction resumed>{sa_handler=SIG_DFL, sa_mask=[], sa_flags=0}, 8) = 0
2470  <... rt_sigaction resumed>{sa_handler=SIG_DFL, sa_mask=[], sa_flags=0}, 8) = 0
2469  geteuid( <unfinished ...>
2471  rt_sigaction(SIGHUP, {sa_handler=SIG_DFL, sa_mask=[], sa_flags=SA_RESTORER, sa_restorer=0x7f84cd196050},  <unfinished ...>
2470  rt_sigaction(SIGTERM, {sa_handler=SIG_DFL, sa_mask=[], sa_flags=SA_RESTORER, sa_restorer=0x7f8117b0b050},  <unfinished ...>
2468  rt_sigaction(SIGQUIT, NULL,  <unfinished ...>
2471  <... rt_sigaction resumed>NULL, 8) = 0
2470  <... rt_sigaction resumed>NULL, 8) = 0
2469  <... geteuid resumed>)            = 0
2471  rt_sigaction(SIGINT, NULL,  <unfinished ...>
2470  rt_sigaction(SIGSTKFLT, NULL,  <unfinished ...>
2468  <... rt_sigaction resumed>{sa_handler=SIG_DFL, sa_mask=[], sa_flags=0}, 8) = 0
2471  <... rt_sigaction resumed>{sa_handler=SIG_DFL, sa_mask=[], sa_flags=0}, 8) = 0
2470  <... rt_sigaction resumed>{sa_handler=SIG_DFL, sa_mask=[], sa_flags=0}, 8) = 0
2469  getegid( <unfinished ...>
2471  rt_sigaction(SIGINT, {sa_handler=SIG_DFL, sa_mask=[], sa_flags=SA_RESTORER, sa_restorer=0x7f84cd196050},  <unfinished ...>
2470  rt_sigaction(SIGSTKFLT, {sa_handler=SIG_DFL, sa_mask=[], sa_flags=SA_RESTORER, sa_restorer=0x7f8117b0b050},  <unfinished ...>
2468  rt_sigaction(SIGQUIT, {sa_handler=SIG_DFL, sa_mask=~[RTMIN RT_1], sa_flags=SA_RESTORER, sa_restorer=0x7fb48a7e6050},  <unfinished ...>
2471  <... rt_sigaction resumed>NULL, 8) = 0
2470  <... rt_sigaction resumed>NULL, 8) = 0
2469  <... getegid resumed>)            = 0
2471  rt_sigaction(SIGQUIT, NULL,  <unfinished ...>
2470  rt_sigaction(SIGCHLD, NULL,  <unfinished ...>
2468  <... rt_sigaction resumed>NULL, 8) = 0
2471  <... rt_sigaction resumed>{sa_handler=SIG_DFL, sa_mask=[], sa_flags=0}, 8) = 0
2470  <... rt_sigaction resumed>{sa_handler=SIG_DFL, sa_mask=[], sa_flags=0}, 8) = 0
2469  rt_sigaction(SIGINT, NULL,  <unfinished ...>
2471  rt_sigaction(SIGQUIT, {sa_handler=SIG_DFL, sa_mask=[], sa_flags=SA_RESTORER, sa_restorer=0x7f84cd196050},  <unfinished ...>
2470  rt_sigaction(SIGCHLD, {sa_handler=SIG_DFL, sa_mask=[], sa_flags=SA_RESTORER, sa_restorer=0x7f8117b0b050},  <unfinished ...>
2468  rt_sigaction(SIGTERM, NULL,  <unfinished ...>
2471  <... rt_sigaction resumed>NULL, 8) = 0
2470  <... rt_sigaction resumed>NULL, 8) = 0
2469  <... rt_sigaction resumed>{sa_handler=SIG_DFL, sa_mask=[], sa_flags=0}, 8) = 0
2471  rt_sigaction(SIGILL, NULL,  <unfinished ...>
2470  rt_sigaction(SIGCONT, NULL,  <unfinished ...>
2468  <... rt_sigaction resumed>{sa_handler=SIG_DFL, sa_mask=[], sa_flags=0}, 8) = 0
2471  <... rt_sigaction resumed>{sa_handler=SIG_DFL, sa_mask=[], sa_flags=0}, 8) = 0
2470  <... rt_sigaction resumed>{sa_handler=SIG_DFL, sa_mask=[], sa_flags=0}, 8) = 0
2469  rt_sigaction(SIGINT, {sa_handler=0x55fdac48ddc0, sa_mask=~[RTMIN RT_1], sa_flags=SA_RESTORER, sa_restorer=0x7f5197ebc050},  <unfinished ...>
2471  rt_sigaction(SIGILL, {sa_handler=SIG_DFL, sa_mask=[], sa_flags=SA_RESTORER, sa_restorer=0x7f84cd196050},  <unfinished ...>
2470  rt_sigaction(SIGCONT, {sa_handler=SIG_DFL, sa_mask=[], sa_flags=SA_RESTORER, sa_restorer=0x7f8117b0b050},  <unfinished ...>
2468  rt_sigaction(SIGTERM, {sa_handler=SIG_DFL, sa_mask=~[RTMIN RT_1], sa_flags=SA_RESTORER, sa_restorer=0x7fb48a7e6050},  <unfinished ...>
2471  <... rt_sigaction resumed>NULL, 8) = 0
2470  <... rt_sigaction resumed>NULL, 8) = 0
2469  <... rt_sigaction resumed>NULL, 8) = 0
2471  rt_sigaction(SIGTRAP, NULL,  <unfinished ...>
2470  rt_sigaction(SIGTSTP, NULL,  <unfinished ...>
2468  <... rt_sigaction resumed>NULL, 8) = 0
2471  <... rt_sigaction resumed>{sa_handler=SIG_DFL, sa_mask=[], sa_flags=0}, 8) = 0
2470  <... rt_sigaction resumed>{sa_handler=SIG_DFL, sa_mask=[], sa_flags=0}, 8) = 0
2469  rt_sigaction(SIGQUIT, NULL,  <unfinished ...>
2471  rt_sigaction(SIGTRAP, {sa_handler=SIG_DFL, sa_mask=[], sa_flags=SA_RESTORER, sa_restorer=0x7f84cd196050},  <unfinished ...>
2470  rt_sigaction(SIGTSTP, {sa_handler=SIG_DFL, sa_mask=[], sa_flags=SA_RESTORER, sa_restorer=0x7f8117b0b050},  <unfinished ...>
2468  newfstatat(AT_FDCWD, "/usr/local/sbin/md5sum",  <unfinished ...>
2471  <... rt_sigaction resumed>NULL, 8) = 0
2470  <... rt_sigaction resumed>NULL, 8) = 0
2469  <... rt_sigaction resumed>{sa_handler=SIG_DFL, sa_mask=[], sa_flags=0}, 8) = 0
2471  rt_sigaction(SIGABRT, NULL,  <unfinished ...>
2470  rt_sigaction(SIGTTIN, NULL,  <unfinished ...>
2468  <... newfstatat resumed>0x7fff849ced60, 0) = -1 ENOENT (No such file or directory)
2471  <... rt_sigaction resumed>{sa_handler=SIG_DFL, sa_mask=[], sa_flags=0}, 8) = 0
2470  <... rt_sigaction resumed>{sa_handler=SIG_DFL, sa_mask=[], sa_flags=0}, 8) = 0
2469  rt_sigaction(SIGQUIT, {sa_handler=SIG_DFL, sa_mask=~[RTMIN RT_1], sa_flags=SA_RESTORER, sa_restorer=0x7f5197ebc050},  <unfinished ...>
2471  rt_sigaction(SIGABRT, {sa_handler=SIG_DFL, sa_mask=[], sa_flags=SA_RESTORER, sa_restorer=0x7f84cd196050},  <unfinished ...>
2470  rt_sigaction(SIGTTIN, {sa_handler=SIG_DFL, sa_mask=[], sa_flags=SA_RESTORER, sa_restorer=0x7f8117b0b050},  <unfinished ...>
2468  newfstatat(AT_FDCWD, "/usr/local/bin/md5sum",  <unfinished ...>
2471  <... rt_sigaction resumed>NULL, 8) = 0
2470  <... rt_sigaction resumed>NULL, 8) = 0
2469  <... rt_sigaction resumed>NULL, 8) = 0
2471  rt_sigaction(SIGBUS, NULL,  <unfinished ...>
2470  rt_sigaction(SIGTTOU, NULL,  <unfinished ...>
2468  <... newfstatat resumed>0x7fff849ced60, 0) = -1 ENOENT (No such file or directory)
2471  <... rt_sigaction resumed>{sa_handler=0x7f84cda2a400, sa_mask=[], sa_flags=SA_RESTORER|SA_ONSTACK|SA_NODEFER|SA_SIGINFO, sa_restorer=0x7f84cd196050}, 8) = 0
2470  <... rt_sigaction resumed>{sa_handler=SIG_DFL, sa_mask=[], sa_flags=0}, 8) = 0
2469  rt_sigaction(SIGTERM, NULL,  <unfinished ...>
2471  rt_sigaction(SIGBUS, {sa_handler=SIG_DFL, sa_mask=[], sa_flags=SA_RESTORER|SA_ONSTACK|SA_NODEFER|SA_SIGINFO, sa_restorer=0x7f84cd196050},  <unfinished ...>
2470  rt_sigaction(SIGTTOU, {sa_handler=SIG_DFL, sa_mask=[], sa_flags=SA_RESTORER, sa_restorer=0x7f8117b0b050},  <unfinished ...>
2468  newfstatat(AT_FDCWD, "/usr/sbin/md5sum",  <unfinished ...>
2471  <... rt_sigaction resumed>NULL, 8) = 0
2470  <... rt_sigaction resumed>NULL, 8) = 0
2469  <... rt_sigaction resumed>{sa_handler=SIG_DFL, sa_mask=[], sa_flags=0}, 8) = 0
2471  rt_sigaction(SIGFPE, NULL,  <unfinished ...>
2470  rt_sigaction(SIGURG, NULL,  <unfinished ...>
2468  <... newfstatat resumed>0x7fff849ced60, 0) = -1 ENOENT (No such file or directory)
2471  <... rt_sigaction resumed>{sa_handler=0x7f84cda2a400, sa_mask=[], sa_flags=SA_RESTORER|SA_ONSTACK|SA_NODEFER|SA_SIGINFO, sa_restorer=0x7f84cd196050}, 8) = 0
2470  <... rt_sigaction resumed>{sa_handler=SIG_DFL, sa_mask=[], sa_flags=0}, 8) = 0
2469  rt_sigaction(SIGTERM, {sa_handler=SIG_DFL, sa_mask=~[RTMIN RT_1], sa_flags=SA_RESTORER, sa_restorer=0x7f5197ebc050},  <unfinished ...>
2471  rt_sigaction(SIGFPE, {sa_handler=SIG_DFL, sa_mask=[], sa_flags=SA_RESTORER|SA_ONSTACK|SA_NODEFER|SA_SIGINFO, sa_restorer=0x7f84cd196050},  <unfinished ...>
2470  rt_sigaction(SIGURG, {sa_handler=SIG_DFL, sa_mask=[], sa_flags=SA_RESTORER, sa_restorer=0x7f8117b0b050},  <unfinished ...>
2468  newfstatat(AT_FDCWD, "/usr/bin/md5sum",  <unfinished ...>
2471  <... rt_sigaction resumed>NULL, 8) = 0
2470  <... rt_sigaction resumed>NULL, 8) = 0
2469  <... rt_sigaction resumed>NULL, 8) = 0
2471  rt_sigaction(SIGUSR1, NULL,  <unfinished ...>
2470  rt_sigaction(SIGXCPU, NULL,  <unfinished ...>
2468  <... newfstatat resumed>{st_mode=S_IFREG|0755, st_size=52176, ...}, 0) = 0
2471  <... rt_sigaction resumed>{sa_handler=SIG_DFL, sa_mask=[], sa_flags=0}, 8) = 0
2470  <... rt_sigaction resumed>{sa_handler=SIG_DFL, sa_mask=[], sa_flags=0}, 8) = 0
2469  newfstatat(AT_FDCWD, "/usr/local/sbin/md5sum",  <unfinished ...>
2471  rt_sigaction(SIGUSR1, {sa_handler=SIG_DFL, sa_mask=[], sa_flags=SA_RESTORER, sa_restorer=0x7f84cd196050},  <unfinished ...>
2470  rt_sigaction(SIGXCPU, {sa_handler=SIG_DFL, sa_mask=[], sa_flags=SA_RESTORER, sa_restorer=0x7f8117b0b050},  <unfinished ...>
2468  rt_sigprocmask(SIG_SETMASK, ~[RTMIN RT_1],  <unfinished ...>
2471  <... rt_sigaction resumed>NULL, 8) = 0
2470  <... rt_sigaction resumed>NULL, 8) = 0
2469  <... newfstatat resumed>0x7ffe9a5eef70, 0) = -1 ENOENT (No such file or directory)
2471  rt_sigaction(SIGSEGV, NULL,  <unfinished ...>
2470  rt_sigaction(SIGXFSZ, NULL,  <unfinished ...>
2468  <... rt_sigprocmask resumed>NULL, 8) = 0
2471  <... rt_sigaction resumed>{sa_handler=0x7f84cda2a400, sa_mask=[], sa_flags=SA_RESTORER|SA_ONSTACK|SA_NODEFER|SA_SIGINFO, sa_restorer=0x7f84cd196050}, 8) = 0
2470  <... rt_sigaction resumed>{sa_handler=SIG_DFL, sa_mask=[], sa_flags=0}, 8) = 0
2469  newfstatat(AT_FDCWD, "/usr/local/bin/md5sum",  <unfinished ...>
2471  rt_sigaction(SIGSEGV, {sa_handler=SIG_DFL, sa_mask=[], sa_flags=SA_RESTORER|SA_ONSTACK|SA_NODEFER|SA_SIGINFO, sa_restorer=0x7f84cd196050},  <unfinished ...>
2470  rt_sigaction(SIGXFSZ, {sa_handler=SIG_DFL, sa_mask=[], sa_flags=SA_RESTORER, sa_restorer=0x7f8117b0b050},  <unfinished ...>
2468  vfork( <unfinished ...>
2471  <... rt_sigaction resumed>NULL, 8) = 0
2470  <... rt_sigaction resumed>NULL, 8) = 0
2469  <... newfstatat resumed>0x7ffe9a5eef70, 0) = -1 ENOENT (No such file or directory)
2471  rt_sigaction(SIGUSR2, NULL,  <unfinished ...>
2470  rt_sigaction(SIGVTALRM, NULL,  <unfinished ...>
2472  rt_sigprocmask(SIG_SETMASK, [],  <unfinished ...>
2471  <... rt_sigaction resumed>{sa_handler=SIG_DFL, sa_mask=[], sa_flags=0}, 8) = 0
2469  newfstatat(AT_FDCWD, "/usr/sbin/md5sum",  <unfinished ...>
2472  <... rt_sigprocmask resumed>~[KILL STOP RTMIN RT_1], 8) = 0
2471  rt_sigaction(SIGUSR2, {sa_handler=SIG_DFL, sa_mask=[], sa_flags=SA_RESTORER, sa_restorer=0x7f84cd196050},  <unfinished ...>
2470  <... rt_sigaction resumed>{sa_handler=SIG_DFL, sa_mask=[], sa_flags=0}, 8) = 0
2472  execve("/usr/bin/md5sum", ["md5sum", "files/amCopy"], 0x55a68d2818d0 /* 8 vars */ <unfinished ...>
2471  <... rt_sigaction resumed>NULL, 8) = 0
2469  <... newfstatat resumed>0x7ffe9a5eef70, 0) = -1 ENOENT (No such file or directory)
2471  rt_sigaction(SIGPIPE, NULL,  <unfinished ...>
2470  rt_sigaction(SIGVTALRM, {sa_handler=SIG_DFL, sa_mask=[], sa_flags=SA_RESTORER, sa_restorer=0x7f8117b0b050},  <unfinished ...>
2471  <... rt_sigaction resumed>{sa_handler=SIG_IGN, sa_mask=[], sa_flags=0}, 8) = 0
2469  newfstatat(AT_FDCWD, "/usr/bin/md5sum",  <unfinished ...>
2471  rt_sigaction(SIGALRM, NULL,  <unfinished ...>
2470  <... rt_sigaction resumed>NULL, 8) = 0
2468  <... vfork resumed>)              = 2472
2471  <... rt_sigaction resumed>{sa_handler=SIG_DFL, sa_mask=[], sa_flags=0}, 8) = 0
2470  rt_sigaction(SIGPROF, NULL,  <unfinished ...>
2469  <... newfstatat resumed>{st_mode=S_IFREG|0755, st_size=52176, ...}, 0) = 0
2468  rt_sigprocmask(SIG_SETMASK, [],  <unfinished ...>
2472  <... execve resumed>)             = 0
2471  rt_sigaction(SIGALRM, {sa_handler=SIG_DFL, sa_mask=[], sa_flags=SA_RESTORER, sa_restorer=0x7f84cd196050},  <unfinished ...>
2470  <... rt_sigaction resumed>{sa_handler=SIG_DFL, sa_mask=[], sa_flags=0}, 8) = 0
2469  rt_sigprocmask(SIG_SETMASK, ~[RTMIN RT_1],  <unfinished ...>
2472  brk(NULL <unfinished ...>
2471  <... rt_sigaction resumed>NULL, 8) = 0
2470  rt_sigaction(SIGPROF, {sa_handler=SIG_DFL, sa_mask=[], sa_flags=SA_RESTORER, sa_restorer=0x7f8117b0b050},  <unfinished ...>
2468  <... rt_sigprocmask resumed>~[KILL STOP RTMIN RT_1], 8) = 0
2472  <... brk resumed>)                = 0x561407f2c000
2471  rt_sigaction(SIGTERM, NULL,  <unfinished ...>
2470  <... rt_sigaction resumed>NULL, 8) = 0
2469  <... rt_sigprocmask resumed>NULL, 8) = 0
2472  mmap(NULL, 8192, PROT_READ|PROT_WRITE, MAP_PRIVATE|MAP_ANONYMOUS, -1, 0 <unfinished ...>
2471  <... rt_sigaction resumed>{sa_handler=SIG_DFL, sa_mask=[], sa_flags=0}, 8) = 0
2470  rt_sigaction(SIGWINCH, NULL,  <unfinished ...>
2468  wait4(-1,  <unfinished ...>
2472  <... mmap resumed>)               = 0x7f02f6a03000
2471  rt_sigaction(SIGTERM, {sa_handler=SIG_DFL, sa_mask=[], sa_flags=SA_RESTORER, sa_restorer=0x7f84cd196050},  <unfinished ...>
2470  <... rt_sigaction resumed>{sa_handler=SIG_DFL, sa_mask=[], sa_flags=0}, 8) = 0
2469  vfork( <unfinished ...>
2472  access("/etc/ld.so.preload", R_OK <unfinished ...>
2471  <... rt_sigaction resumed>NULL, 8) = 0
2470  rt_sigaction(SIGWINCH, {sa_handler=SIG_DFL, sa_mask=[], sa_flags=SA_RESTORER, sa_restorer=0x7f8117b0b050},  <unfinished ...>
2472  <... access resumed>)             = -1 ENOENT (No such file or directory)
2471  rt_sigaction(SIGSTKFLT, NULL,  <unfinished ...>
2473  rt_sigprocmask(SIG_SETMASK, [],  <unfinished ...>
2472  openat(AT_FDCWD, "/etc/ld.so.cache", O_RDONLY|O_CLOEXEC <unfinished ...>
2470  <... rt_sigaction resumed>NULL, 8) = 0
2473  <... rt_sigprocmask resumed>~[KILL STOP RTMIN RT_1], 8) = 0
2472  <... openat resumed>)             = 4
2471  <... rt_sigaction resumed>{sa_handler=SIG_DFL, sa_mask=[], sa_flags=0}, 8) = 0
2473  execve("/usr/bin/md5sum", ["md5sum", "files/amCopy3"], 0x55fdac49c8e0 /* 8 vars */ <unfinished ...>
2472  newfstatat(4, "",  <unfinished ...>
2470  rt_sigaction(SIGIO, NULL,  <unfinished ...>
2472  <... newfstatat resumed>{st_mode=S_IFREG|0644, st_size=35914, ...}, AT_EMPTY_PATH) = 0
2471  rt_sigaction(SIGSTKFLT, {sa_handler=SIG_DFL, sa_mask=[], sa_flags=SA_RESTORER, sa_restorer=0x7f84cd196050},  <unfinished ...>
2469  <... vfork resumed>)              = 2473
2473  <... execve resumed>)             = 0
2472  mmap(NULL, 35914, PROT_READ, MAP_PRIVATE, 4, 0 <unfinished ...>
2471  <... rt_sigaction resumed>NULL, 8) = 0
2470  <... rt_sigaction resumed>{sa_handler=SIG_DFL, sa_mask=[], sa_flags=0}, 8) = 0
2473  brk(NULL <unfinished ...>
2472  <... mmap resumed>)               = 0x7f02f69fa000
2471  rt_sigaction(SIGCHLD, NULL,  <unfinished ...>
2469  rt_sigprocmask(SIG_SETMASK, [],  <unfinished ...>
2473  <... brk resumed>)                = 0x55855b9ea000
2472  close(4 <unfinished ...>
2471  <... rt_sigaction resumed>{sa_handler=SIG_DFL, sa_mask=[], sa_flags=0}, 8) = 0
2470  rt_sigaction(SIGIO, {sa_handler=SIG_DFL, sa_mask=[], sa_flags=SA_RESTORER, sa_restorer=0x7f8117b0b050},  <unfinished ...>
2473  mmap(NULL, 8192, PROT_READ|PROT_WRITE, MAP_PRIVATE|MAP_ANONYMOUS, -1, 0 <unfinished ...>
2472  <... close resumed>)              = 0
2471  rt_sigaction(SIGCHLD, {sa_handler=SIG_DFL, sa_mask=[], sa_flags=SA_RESTORER, sa_restorer=0x7f84cd196050},  <unfinished ...>
2469  <... rt_sigprocmask resumed>~[KILL STOP RTMIN RT_1], 8) = 0
2473  <... mmap resumed>)               = 0x7f0c2e061000
2472  openat(AT_FDCWD, "/lib/x86_64-linux-gnu/libc.so.6", O_RDONLY|O_CLOEXEC <unfinished ...>
2471  <... rt_sigaction resumed>NULL, 8) = 0
2470  <... rt_sigaction resumed>NULL, 8) = 0
2473  access("/etc/ld.so.preload", R_OK <unfinished ...>
2472  <... openat resumed>)             = 4
2471  rt_sigaction(SIGCONT, NULL,  <unfinished ...>
2469  wait4(-1,  <unfinished ...>
2473  <... access resumed>)             = -1 ENOENT (No such file or directory)
2472  read(4,  <unfinished ...>
2471  <... rt_sigaction resumed>{sa_handler=SIG_DFL, sa_mask=[], sa_flags=0}, 8) = 0
2470  rt_sigaction(SIGPWR, NULL,  <unfinished ...>
2473  openat(AT_FDCWD, "/etc/ld.so.cache", O_RDONLY|O_CLOEXEC <unfinished ...>
2472  <... read resumed>"\177ELF\2\1\1\3\0\0\0\0\0\0\0\0\3\0>\0\1\0\0\0\20t\2\0\0\0\0\0"..., 832) = 832
2471  rt_sigaction(SIGCONT, {sa_handler=SIG_DFL, sa_mask=[], sa_flags=SA_RESTORER, sa_restorer=0x7f84cd196050},  <unfinished ...>
2473  <... openat resumed>)             = 4
2472  pread64(4,  <unfinished ...>
2470  <... rt_sigaction resumed>{sa_handler=SIG_DFL, sa_mask=[], sa_flags=0}, 8) = 0
2473  newfstatat(4, "",  <unfinished ...>
2472  <... pread64 resumed>"\6\0\0\0\4\0\0\0@\0\0\0\0\0\0\0@\0\0\0\0\0\0\0@\0\0\0\0\0\0\0"..., 784, 64) = 784
2471  <... rt_sigaction resumed>NULL, 8) = 0
2473  <... newfstatat resumed>{st_mode=S_IFREG|0644, st_size=35914, ...}, AT_EMPTY_PATH) = 0
2472  newfstatat(4, "",  <unfinished ...>
2470  rt_sigaction(SIGPWR, {sa_handler=SIG_DFL, sa_mask=[], sa_flags=SA_RESTORER, sa_restorer=0x7f8117b0b050},  <unfinished ...>
2473  mmap(NULL, 35914, PROT_READ, MAP_PRIVATE, 4, 0 <unfinished ...>
2472  <... newfstatat resumed>{st_mode=S_IFREG|0755, st_size=1922136, ...}, AT_EMPTY_PATH) = 0
2471  rt_sigaction(SIGTSTP, NULL,  <unfinished ...>
2473  <... mmap resumed>)               = 0x7f0c2e058000
2472  pread64(4,  <unfinished ...>
2470  <... rt_sigaction resumed>NULL, 8) = 0
2473  close(4 <unfinished ...>
2472  <... pread64 resumed>"\6\0\0\0\4\0\0\0@\0\0\0\0\0\0\0@\0\0\0\0\0\0\0@\0\0\0\0\0\0\0"..., 784, 64) = 784
2471  <... rt_sigaction resumed>{sa_handler=SIG_DFL, sa_mask=[], sa_flags=0}, 8) = 0
2473  <... close resumed>)              = 0
2472  mmap(NULL, 1970000, PROT_READ, MAP_PRIVATE|MAP_DENYWRITE, 4, 0 <unfinished ...>
2470  rt_sigaction(SIGSYS, NULL,  <unfinished ...>
2473  openat(AT_FDCWD, "/lib/x86_64-linux-gnu/libc.so.6", O_RDONLY|O_CLOEXEC <unfinished ...>
2472  <... mmap resumed>)               = 0x7f02f6819000
2471  rt_sigaction(SIGTSTP, {sa_handler=SIG_DFL, sa_mask=[], sa_flags=SA_RESTORER, sa_restorer=0x7f84cd196050},  <unfinished ...>
2473  <... openat resumed>)             = 4
2472  mmap(0x7f02f683f000, 1396736, PROT_READ|PROT_EXEC, MAP_PRIVATE|MAP_FIXED|MAP_DENYWRITE, 4, 0x26000 <unfinished ...>
2470  <... rt_sigaction resumed>{sa_handler=SIG_DFL, sa_mask=[], sa_flags=0}, 8) = 0
2473  read(4,  <unfinished ...>
2472  <... mmap resumed>)               = 0x7f02f683f000
2471  <... rt_sigaction resumed>NULL, 8) = 0
2473  <... read resumed>"\177ELF\2\1\1\3\0\0\0\0\0\0\0\0\3\0>\0\1\0\0\0\20t\2\0\0\0\0\0"..., 832) = 832
2472  mmap(0x7f02f6994000, 339968, PROT_READ, MAP_PRIVATE|MAP_FIXED|MAP_DENYWRITE, 4, 0x17b000 <unfinished ...>
2470  rt_sigaction(SIGSYS, {sa_handler=SIG_DFL, sa_mask=[], sa_flags=SA_RESTORER, sa_restorer=0x7f8117b0b050},  <unfinished ...>
2473  pread64(4,  <unfinished ...>
2472  <... mmap resumed>)               = 0x7f02f6994000
2471  rt_sigaction(SIGTTIN, NULL,  <unfinished ...>
2473  <... pread64 resumed>"\6\0\0\0\4\0\0\0@\0\0\0\0\0\0\0@\0\0\0\0\0\0\0@\0\0\0\0\0\0\0"..., 784, 64) = 784
2472  mmap(0x7f02f69e7000, 24576, PROT_READ|PROT_WRITE, MAP_PRIVATE|MAP_FIXED|MAP_DENYWRITE, 4, 0x1ce000 <unfinished ...>
2470  <... rt_sigaction resumed>NULL, 8) = 0
2473  newfstatat(4, "",  <unfinished ...>
2472  <... mmap resumed>)               = 0x7f02f69e7000
2471  <... rt_sigaction resumed>{sa_handler=SIG_DFL, sa_mask=[], sa_flags=0}, 8) = 0
2473  <... newfstatat resumed>{st_mode=S_IFREG|0755, st_size=1922136, ...}, AT_EMPTY_PATH) = 0
2472  mmap(0x7f02f69ed000, 53072, PROT_READ|PROT_WRITE, MAP_PRIVATE|MAP_FIXED|MAP_ANONYMOUS, -1, 0 <unfinished ...>
2470  rt_sigaction(SIGRTMIN, {sa_handler=SIG_IGN, sa_mask=[], sa_flags=SA_RESTORER, sa_restorer=0x7f8117b0b050},  <unfinished ...>
2473  pread64(4,  <unfinished ...>
2472  <... mmap resumed>)               = 0x7f02f69ed000
2471  rt_sigaction(SIGTTIN, {sa_handler=SIG_DFL, sa_mask=[], sa_flags=SA_RESTORER, sa_restorer=0x7f84cd196050},  <unfinished ...>
2473  <... pread64 resumed>"\6\0\0\0\4\0\0\0@\0\0\0\0\0\0\0@\0\0\0\0\0\0\0@\0\0\0\0\0\0\0"..., 784, 64) = 784
2472  close(4 <unfinished ...>
2470  <... rt_sigaction resumed>NULL, 8) = 0
2473  mmap(NULL, 1970000, PROT_READ, MAP_PRIVATE|MAP_DENYWRITE, 4, 0 <unfinished ...>
2472  <... close resumed>)              = 0
2471  <... rt_sigaction resumed>NULL, 8) = 0
2473  <... mmap resumed>)               = 0x7f0c2de77000
2472  mmap(NULL, 12288, PROT_READ|PROT_WRITE, MAP_PRIVATE|MAP_ANONYMOUS, -1, 0 <unfinished ...>
2470  rt_sigaction(SIGRT_1, {sa_handler=SIG_IGN, sa_mask=[], sa_flags=SA_RESTORER, sa_restorer=0x7f8117b0b050},  <unfinished ...>
2473  mmap(0x7f0c2de9d000, 1396736, PROT_READ|PROT_EXEC, MAP_PRIVATE|MAP_FIXED|MAP_DENYWRITE, 4, 0x26000 <unfinished ...>
2472  <... mmap resumed>)               = 0x7f02f6816000
2471  rt_sigaction(SIGTTOU, NULL,  <unfinished ...>
2473  <... mmap resumed>)               = 0x7f0c2de9d000
2472  arch_prctl(ARCH_SET_FS, 0x7f02f6816740 <unfinished ...>
2470  <... rt_sigaction resumed>NULL, 8) = 0
2473  mmap(0x7f0c2dff2000, 339968, PROT_READ, MAP_PRIVATE|MAP_FIXED|MAP_DENYWRITE, 4, 0x17b000 <unfinished ...>
2472  <... arch_prctl resumed>)         = 0
2471  <... rt_sigaction resumed>{sa_handler=SIG_DFL, sa_mask=[], sa_flags=0}, 8) = 0
2473  <... mmap resumed>)               = 0x7f0c2dff2000
2472  set_tid_address(0x7f02f6816a10 <unfinished ...>
2470  rt_sigaction(SIGRT_2, NULL,  <unfinished ...>
2473  mmap(0x7f0c2e045000, 24576, PROT_READ|PROT_WRITE, MAP_PRIVATE|MAP_FIXED|MAP_DENYWRITE, 4, 0x1ce000 <unfinished ...>
2472  <... set_tid_address resumed>)    = 2472
2471  rt_sigaction(SIGTTOU, {sa_handler=SIG_DFL, sa_mask=[], sa_flags=SA_RESTORER, sa_restorer=0x7f84cd196050},  <unfinished ...>
2473  <... mmap resumed>)               = 0x7f0c2e045000
2472  set_robust_list(0x7f02f6816a20, 24 <unfinished ...>
2470  <... rt_sigaction resumed>{sa_handler=SIG_DFL, sa_mask=[], sa_flags=0}, 8) = 0
2473  mmap(0x7f0c2e04b000, 53072, PROT_READ|PROT_WRITE, MAP_PRIVATE|MAP_FIXED|MAP_ANONYMOUS, -1, 0 <unfinished ...>
2472  <... set_robust_list resumed>)    = 0
2471  <... rt_sigaction resumed>NULL, 8) = 0
2473  <... mmap resumed>)               = 0x7f0c2e04b000
2472  rseq(0x7f02f6817060, 0x20, 0, 0x53053053 <unfinished ...>
2470  rt_sigaction(SIGRT_2, {sa_handler=SIG_DFL, sa_mask=[], sa_flags=SA_RESTORER, sa_restorer=0x7f8117b0b050},  <unfinished ...>
2473  close(4 <unfinished ...>
2472  <... rseq resumed>)               = 0
2471  rt_sigaction(SIGURG, NULL,  <unfinished ...>
2473  <... close resumed>)              = 0
2472  mprotect(0x7f02f69e7000, 16384, PROT_READ <unfinished ...>
2470  <... rt_sigaction resumed>NULL, 8) = 0
2473  mmap(NULL, 12288, PROT_READ|PROT_WRITE, MAP_PRIVATE|MAP_ANONYMOUS, -1, 0 <unfinished ...>
2472  <... mprotect resumed>)           = 0
2471  <... rt_sigaction resumed>{sa_handler=SIG_DFL, sa_mask=[], sa_flags=0}, 8) = 0
2473  <... mmap resumed>)               = 0x7f0c2de74000
2472  mprotect(0x56140692e000, 4096, PROT_READ <unfinished ...>
2470  rt_sigaction(SIGRT_3, NULL,  <unfinished ...>
2473  arch_prctl(ARCH_SET_FS, 0x7f0c2de74740 <unfinished ...>
2472  <... mprotect resumed>)           = 0
2471  rt_sigaction(SIGURG, {sa_handler=SIG_DFL, sa_mask=[], sa_flags=SA_RESTORER, sa_restorer=0x7f84cd196050},  <unfinished ...>
2473  <... arch_prctl resumed>)         = 0
2472  mprotect(0x7f02f6a35000, 8192, PROT_READ <unfinished ...>
2470  <... rt_sigaction resumed>{sa_handler=SIG_DFL, sa_mask=[], sa_flags=0}, 8) = 0
2473  set_tid_address(0x7f0c2de74a10 <unfinished ...>
2472  <... mprotect resumed>)           = 0
2471  <... rt_sigaction resumed>NULL, 8) = 0
2473  <... set_tid_address resumed>)    = 2473
2472  prlimit64(0, RLIMIT_STACK, NULL,  <unfinished ...>
2470  rt_sigaction(SIGRT_3, {sa_handler=SIG_DFL, sa_mask=[], sa_flags=SA_RESTORER, sa_restorer=0x7f8117b0b050},  <unfinished ...>
2473  set_robust_list(0x7f0c2de74a20, 24 <unfinished ...>
2472  <... prlimit64 resumed>{rlim_cur=8192*1024, rlim_max=RLIM64_INFINITY}) = 0
2471  rt_sigaction(SIGXCPU, NULL,  <unfinished ...>
2473  <... set_robust_list resumed>)    = 0
2472  munmap(0x7f02f69fa000, 35914 <unfinished ...>
2470  <... rt_sigaction resumed>NULL, 8) = 0
2473  rseq(0x7f0c2de75060, 0x20, 0, 0x53053053 <unfinished ...>
2472  <... munmap resumed>)             = 0
2471  <... rt_sigaction resumed>{sa_handler=SIG_DFL, sa_mask=[], sa_flags=0}, 8) = 0
2473  <... rseq resumed>)               = 0
2472  getrandom( <unfinished ...>
2470  rt_sigaction(SIGRT_4, NULL,  <unfinished ...>
2473  mprotect(0x7f0c2e045000, 16384, PROT_READ <unfinished ...>
2472  <... getrandom resumed>"\xaf\xf6\x09\x0e\xf3\xa4\xec\x19", 8, GRND_NONBLOCK) = 8
2471  rt_sigaction(SIGXCPU, {sa_handler=SIG_DFL, sa_mask=[], sa_flags=SA_RESTORER, sa_restorer=0x7f84cd196050},  <unfinished ...>
2473  <... mprotect resumed>)           = 0
2472  brk(NULL <unfinished ...>
2470  <... rt_sigaction resumed>{sa_handler=SIG_DFL, sa_mask=[], sa_flags=0}, 8) = 0
2473  mprotect(0x558559fd9000, 4096, PROT_READ <unfinished ...>
2472  <... brk resumed>)                = 0x561407f2c000
2471  <... rt_sigaction resumed>NULL, 8) = 0
2473  <... mprotect resumed>)           = 0
2472  brk(0x561407f4d000 <unfinished ...>
2470  rt_sigaction(SIGRT_4, {sa_handler=SIG_DFL, sa_mask=[], sa_flags=SA_RESTORER, sa_restorer=0x7f8117b0b050},  <unfinished ...>
2473  mprotect(0x7f0c2e093000, 8192, PROT_READ <unfinished ...>
2472  <... brk resumed>)                = 0x561407f4d000
2471  rt_sigaction(SIGXFSZ, NULL,  <unfinished ...>
2473  <... mprotect resumed>)           = 0
2472  openat(AT_FDCWD, "files/amCopy", O_RDONLY <unfinished ...>
2470  <... rt_sigaction resumed>NULL, 8) = 0
2473  prlimit64(0, RLIMIT_STACK, NULL,  <unfinished ...>
2471  <... rt_sigaction resumed>{sa_handler=SIG_DFL, sa_mask=[], sa_flags=0}, 8) = 0
2473  <... prlimit64 resumed>{rlim_cur=8192*1024, rlim_max=RLIM64_INFINITY}) = 0
2470  rt_sigaction(SIGRT_5, NULL,  <unfinished ...>
2473  munmap(0x7f0c2e058000, 35914 <unfinished ...>
2471  rt_sigaction(SIGXFSZ, {sa_handler=SIG_DFL, sa_mask=[], sa_flags=SA_RESTORER, sa_restorer=0x7f84cd196050},  <unfinished ...>
2473  <... munmap resumed>)             = 0
2472  <... openat resumed>)             = 4
2470  <... rt_sigaction resumed>{sa_handler=SIG_DFL, sa_mask=[], sa_flags=0}, 8) = 0
2473  getrandom( <unfinished ...>
2472  fadvise64(4, 0, 0, POSIX_FADV_SEQUENTIAL <unfinished ...>
2471  <... rt_sigaction resumed>NULL, 8) = 0
2473  <... getrandom resumed>"\x62\x2b\x9b\x98\xe5\xd3\x3e\x72", 8, GRND_NONBLOCK) = 8
2472  <... fadvise64 resumed>)          = 0
2470  rt_sigaction(SIGRT_5, {sa_handler=SIG_DFL, sa_mask=[], sa_flags=SA_RESTORER, sa_restorer=0x7f8117b0b050},  <unfinished ...>
2473  brk(NULL <unfinished ...>
2472  newfstatat(4, "",  <unfinished ...>
2471  rt_sigaction(SIGVTALRM, NULL,  <unfinished ...>
2473  <... brk resumed>)                = 0x55855b9ea000
2470  <... rt_sigaction resumed>NULL, 8) = 0
2473  brk(0x55855ba0b000 <unfinished ...>
2472  <... newfstatat resumed>{st_mode=S_IFREG|0777, st_size=431, ...}, AT_EMPTY_PATH) = 0
2471  <... rt_sigaction resumed>{sa_handler=SIG_DFL, sa_mask=[], sa_flags=0}, 8) = 0
2473  <... brk resumed>)                = 0x55855ba0b000
2472  read(4,  <unfinished ...>
2470  rt_sigaction(SIGRT_6, NULL,  <unfinished ...>
2473  openat(AT_FDCWD, "files/amCopy3", O_RDONLY <unfinished ...>
2471  rt_sigaction(SIGVTALRM, {sa_handler=SIG_DFL, sa_mask=[], sa_flags=SA_RESTORER, sa_restorer=0x7f84cd196050},  <unfinished ...>
2472  <... read resumed>"\342\200\234HATE. LET ME TELL YOU HOW MUC"..., 32768) = 431
2470  <... rt_sigaction resumed>{sa_handler=SIG_DFL, sa_mask=[], sa_flags=0}, 8) = 0
2472  read(4,  <unfinished ...>
2471  <... rt_sigaction resumed>NULL, 8) = 0
2473  <... openat resumed>)             = 4
2472  <... read resumed>"", 28672)      = 0
2470  rt_sigaction(SIGRT_6, {sa_handler=SIG_DFL, sa_mask=[], sa_flags=SA_RESTORER, sa_restorer=0x7f8117b0b050},  <unfinished ...>
2473  fadvise64(4, 0, 0, POSIX_FADV_SEQUENTIAL <unfinished ...>
2472  lseek(4, 0, SEEK_CUR <unfinished ...>
2471  rt_sigaction(SIGPROF, NULL,  <unfinished ...>
2473  <... fadvise64 resumed>)          = 0
2472  <... lseek resumed>)              = 431
2470  <... rt_sigaction resumed>NULL, 8) = 0
2473  newfstatat(4, "",  <unfinished ...>
2472  close(4 <unfinished ...>
2471  <... rt_sigaction resumed>{sa_handler=SIG_DFL, sa_mask=[], sa_flags=0}, 8) = 0
2473  <... newfstatat resumed>{st_mode=S_IFREG|0777, st_size=431, ...}, AT_EMPTY_PATH) = 0
2470  rt_sigaction(SIGRT_7, NULL,  <unfinished ...>
2473  read(4,  <unfinished ...>
2472  <... close resumed>)              = 0
2471  rt_sigaction(SIGPROF, {sa_handler=SIG_DFL, sa_mask=[], sa_flags=SA_RESTORER, sa_restorer=0x7f84cd196050},  <unfinished ...>
2473  <... read resumed>"\342\200\234HATE. LET ME TELL YOU HOW MUC"..., 32768) = 431
2472  newfstatat(1, "",  <unfinished ...>
2470  <... rt_sigaction resumed>{sa_handler=SIG_DFL, sa_mask=[], sa_flags=0}, 8) = 0
2473  read(4,  <unfinished ...>
2472  <... newfstatat resumed>{st_mode=S_IFIFO|0600, st_size=0, ...}, AT_EMPTY_PATH) = 0
2471  <... rt_sigaction resumed>NULL, 8) = 0
2473  <... read resumed>"", 28672)      = 0
2472  write(1, "0b2e1f9dd2360679c3a79af88c57a088"..., 47 <unfinished ...>
2470  rt_sigaction(SIGRT_7, {sa_handler=SIG_DFL, sa_mask=[], sa_flags=SA_RESTORER, sa_restorer=0x7f8117b0b050},  <unfinished ...>
2473  lseek(4, 0, SEEK_CUR <unfinished ...>
2472  <... write resumed>)              = 47
2471  rt_sigaction(SIGWINCH, NULL,  <unfinished ...>
2466  <... read resumed>"0b2e1f9dd2360679c3a79af88c57a088"..., 4096) = 47
2473  <... lseek resumed>)              = 431
2472  close(1 <unfinished ...>
2471  <... rt_sigaction resumed>{sa_handler=SIG_DFL, sa_mask=[], sa_flags=0}, 8) = 0
2470  <... rt_sigaction resumed>NULL, 8) = 0
2473  close(4 <unfinished ...>
2472  <... close resumed>)              = 0
2471  rt_sigaction(SIGWINCH, {sa_handler=SIG_DFL, sa_mask=[], sa_flags=SA_RESTORER, sa_restorer=0x7f84cd196050},  <unfinished ...>
2466  getpid( <unfinished ...>
2473  <... close resumed>)              = 0
2472  close(2 <unfinished ...>
2471  <... rt_sigaction resumed>NULL, 8) = 0
2470  rt_sigaction(SIGRT_8, NULL,  <unfinished ...>
2473  newfstatat(1, "",  <unfinished ...>
2472  <... close resumed>)              = 0
2471  rt_sigaction(SIGIO, NULL,  <unfinished ...>
2466  <... getpid resumed>)             = 2466
2473  <... newfstatat resumed>{st_mode=S_IFIFO|0600, st_size=0, ...}, AT_EMPTY_PATH) = 0
2472  exit_group(0 <unfinished ...>
2471  <... rt_sigaction resumed>{sa_handler=SIG_DFL, sa_mask=[], sa_flags=0}, 8) = 0
